Archive member included to satisfy reference by file (symbol)

/home/cbpeng/toolchain/riscv64-elf-x86_64-20210120/bin/../lib/gcc/riscv64-unknown-elf/8.4.0/../../../../riscv64-unknown-elf/lib/rv32imafc/ilp32f/libc.a(lib_a-memmove-stub.o)
                              out/BSP_Common/xz/xz_dec_lzma2.o (memmove)
/home/cbpeng/toolchain/riscv64-elf-x86_64-20210120/bin/../lib/gcc/riscv64-unknown-elf/8.4.0/rv32imafc/ilp32f/libgcc.a(_clzsi2.o)
                              out/3rdParty/FreeRTOS/Source/tasks.o (__clzsi2)
/home/cbpeng/toolchain/riscv64-elf-x86_64-20210120/bin/../lib/gcc/riscv64-unknown-elf/8.4.0/rv32imafc/ilp32f/libgcc.a(_udivdi3.o)
                              out/BSP_Common/libc/vsnprintf.o (__udivdi3)
/home/cbpeng/toolchain/riscv64-elf-x86_64-20210120/bin/../lib/gcc/riscv64-unknown-elf/8.4.0/rv32imafc/ilp32f/libgcc.a(_umoddi3.o)
                              out/BSP_Common/libc/vsnprintf.o (__umoddi3)
/home/cbpeng/toolchain/riscv64-elf-x86_64-20210120/bin/../lib/gcc/riscv64-unknown-elf/8.4.0/rv32imafc/ilp32f/libgcc.a(adddf3.o)
                              out/BSP_Common/libc/atof.o (__adddf3)
/home/cbpeng/toolchain/riscv64-elf-x86_64-20210120/bin/../lib/gcc/riscv64-unknown-elf/8.4.0/rv32imafc/ilp32f/libgcc.a(divdf3.o)
                              out/ChipTest/Eflash_Loader/bflb_eflash_loader_uart.o (__divdf3)
/home/cbpeng/toolchain/riscv64-elf-x86_64-20210120/bin/../lib/gcc/riscv64-unknown-elf/8.4.0/rv32imafc/ilp32f/libgcc.a(muldf3.o)
                              out/ChipTest/Eflash_Loader/bflb_eflash_loader_uart.o (__muldf3)
/home/cbpeng/toolchain/riscv64-elf-x86_64-20210120/bin/../lib/gcc/riscv64-unknown-elf/8.4.0/rv32imafc/ilp32f/libgcc.a(fixdfsi.o)
                              out/BSP_Driver/BL602_BSP_Driver/RFDriver/bl602_rf_private.o (__fixdfsi)
/home/cbpeng/toolchain/riscv64-elf-x86_64-20210120/bin/../lib/gcc/riscv64-unknown-elf/8.4.0/rv32imafc/ilp32f/libgcc.a(fixunsdfsi.o)
                              out/ChipTest/Eflash_Loader/bflb_eflash_loader_uart.o (__fixunsdfsi)
/home/cbpeng/toolchain/riscv64-elf-x86_64-20210120/bin/../lib/gcc/riscv64-unknown-elf/8.4.0/rv32imafc/ilp32f/libgcc.a(floatsidf.o)
                              out/BSP_Common/libc/atof.o (__floatsidf)
/home/cbpeng/toolchain/riscv64-elf-x86_64-20210120/bin/../lib/gcc/riscv64-unknown-elf/8.4.0/rv32imafc/ilp32f/libgcc.a(floatunsidf.o)
                              out/ChipTest/Eflash_Loader/bflb_eflash_loader_uart.o (__floatunsidf)
/home/cbpeng/toolchain/riscv64-elf-x86_64-20210120/bin/../lib/gcc/riscv64-unknown-elf/8.4.0/rv32imafc/ilp32f/libgcc.a(_clz.o)
                              /home/cbpeng/toolchain/riscv64-elf-x86_64-20210120/bin/../lib/gcc/riscv64-unknown-elf/8.4.0/rv32imafc/ilp32f/libgcc.a(_clzsi2.o) (__clz_tab)

Discarded input sections

 .group         0x0000000000000000        0xc out/ChipTest/Eflash_Loader/main.o
 .group         0x0000000000000000        0xc out/ChipTest/Eflash_Loader/main.o
 .group         0x0000000000000000        0xc out/ChipTest/Eflash_Loader/main.o
 .group         0x0000000000000000        0xc out/ChipTest/Eflash_Loader/main.o
 .group         0x0000000000000000        0xc out/ChipTest/Eflash_Loader/main.o
 .group         0x0000000000000000        0xc out/ChipTest/Eflash_Loader/main.o
 .group         0x0000000000000000        0xc out/ChipTest/Eflash_Loader/main.o
 .group         0x0000000000000000        0xc out/ChipTest/Eflash_Loader/main.o
 .group         0x0000000000000000        0xc out/ChipTest/Eflash_Loader/main.o
 .group         0x0000000000000000        0xc out/ChipTest/Eflash_Loader/main.o
 .group         0x0000000000000000        0xc out/ChipTest/Eflash_Loader/main.o
 .group         0x0000000000000000        0xc out/ChipTest/Eflash_Loader/main.o
 .group         0x0000000000000000        0xc out/ChipTest/Eflash_Loader/main.o
 .group         0x0000000000000000        0xc out/ChipTest/Eflash_Loader/main.o
 .group         0x0000000000000000        0xc out/ChipTest/Eflash_Loader/main.o
 .group         0x0000000000000000        0xc out/ChipTest/Eflash_Loader/main.o
 .group         0x0000000000000000        0xc out/ChipTest/Eflash_Loader/main.o
 .group         0x0000000000000000        0xc out/ChipTest/Eflash_Loader/main.o
 .group         0x0000000000000000        0xc out/ChipTest/Eflash_Loader/main.o
 .group         0x0000000000000000        0xc out/ChipTest/Eflash_Loader/main.o
 .group         0x0000000000000000        0xc out/ChipTest/Eflash_Loader/main.o
 .group         0x0000000000000000        0xc out/ChipTest/Eflash_Loader/main.o
 .group         0x0000000000000000        0xc out/ChipTest/Eflash_Loader/main.o
 .group         0x0000000000000000        0xc out/ChipTest/Eflash_Loader/main.o
 .group         0x0000000000000000        0xc out/ChipTest/Eflash_Loader/main.o
 .group         0x0000000000000000        0xc out/ChipTest/Eflash_Loader/main.o
 .group         0x0000000000000000        0xc out/ChipTest/Eflash_Loader/main.o
[...]
Memory Configuration

Name             Origin             Length             Attributes
itcm_memory      0x0000000022010000 0x000000000000c000 xr
dtcm_memory      0x000000004201c000 0x0000000000004000 xr
ram_memory       0x0000000042020000 0x0000000000017000 !xr
*default*        0x0000000000000000 0xffffffffffffffff

Linker script and memory map

LOAD out/ChipTest/Eflash_Loader/main.o
LOAD out/ChipTest/Eflash_Loader/bflb_eflash_loader_cmds.o
LOAD out/ChipTest/Eflash_Loader/bflb_eflash_loader_gpio.o
LOAD out/ChipTest/Eflash_Loader/bflb_eflash_loader_interface.o
LOAD out/ChipTest/Eflash_Loader/bflb_eflash_loader_jlink.o
LOAD out/ChipTest/Eflash_Loader/bflb_eflash_loader_uart.o
LOAD out/ChipTest/Eflash_Loader/bflb_eflash_loader_sdio.o
LOAD out/ChipTest/Eflash_Loader/bflb_eflash_loader_boot.o
LOAD out/ChipTest/Eflash_Loader/bflb_spi_flash.o
LOAD out/ChipTest/Eflash_Loader/bflb_efuse.o
LOAD out/ChipTest/Eflash_Loader/bflb_eflash_loader_cfg.o
LOAD out/ChipTest/Eflash_Loader/bflb_set_clock.o
LOAD out/ChipTest/Eflash_Loader/sdu.o
LOAD out/BSP_Common/ring_buffer/ring_buffer.o
LOAD out/BSP_Common/libc/atof.o
LOAD out/BSP_Common/libc/atoi.o
LOAD out/BSP_Common/libc/atol.o
LOAD out/BSP_Common/libc/atoll.o
LOAD out/BSP_Common/libc/jrand48.o
LOAD out/BSP_Common/libc/lrand48.o
LOAD out/BSP_Common/libc/mrand48.o
LOAD out/BSP_Common/libc/nrand48.o
LOAD out/BSP_Common/libc/seed48.o
LOAD out/BSP_Common/libc/srand48.o
LOAD out/BSP_Common/libc/memccpy.o
LOAD out/BSP_Common/libc/memcpy.o
LOAD out/BSP_Common/libc/memset.o
LOAD out/BSP_Common/libc/memswap.o
LOAD out/BSP_Common/libc/memchr.o
LOAD out/BSP_Common/libc/memrchr.o
LOAD out/BSP_Common/libc/memmem.o
LOAD out/BSP_Common/libc/memcmp.o
LOAD out/BSP_Common/libc/bsearch.o
LOAD out/BSP_Common/libc/qsort.o
LOAD out/BSP_Common/libc/fnmatch.o
LOAD out/BSP_Common/libc/snprintf.o
LOAD out/BSP_Common/libc/sprintf.o
LOAD out/BSP_Common/libc/sscanf.o
LOAD out/BSP_Common/libc/vsnprintf.o
LOAD out/BSP_Common/libc/vsprintf.o
LOAD out/BSP_Common/libc/vsscanf.o
LOAD out/BSP_Common/libc/strcmp.o
LOAD out/BSP_Common/libc/strncmp.o
LOAD out/BSP_Common/libc/strcasecmp.o
LOAD out/BSP_Common/libc/strncasecmp.o
LOAD out/BSP_Common/libc/strcpy.o
LOAD out/BSP_Common/libc/strlcpy.o
LOAD out/BSP_Common/libc/strncpy.o
LOAD out/BSP_Common/libc/strcat.o
LOAD out/BSP_Common/libc/strlcat.o
LOAD out/BSP_Common/libc/strncat.o
LOAD out/BSP_Common/libc/strlen.o
LOAD out/BSP_Common/libc/strnlen.o
LOAD out/BSP_Common/libc/strchr.o
LOAD out/BSP_Common/libc/strrchr.o
LOAD out/BSP_Common/libc/strsep.o
LOAD out/BSP_Common/libc/strstr.o
LOAD out/BSP_Common/libc/strcspn.o
LOAD out/BSP_Common/libc/strspn.o
LOAD out/BSP_Common/libc/strxspn.o
LOAD out/BSP_Common/libc/strpbrk.o
LOAD out/BSP_Common/libc/strtok.o
LOAD out/BSP_Common/libc/strtok_r.o
LOAD out/BSP_Common/libc/strtol.o
LOAD out/BSP_Common/libc/strtoll.o
LOAD out/BSP_Common/libc/strtoul.o
LOAD out/BSP_Common/libc/strtoull.o
LOAD out/BSP_Common/libc/strtoimax.o
LOAD out/BSP_Common/libc/strtoumax.o
LOAD out/BSP_Common/libc/strntoimax.o
LOAD out/BSP_Common/libc/strntoumax.o
LOAD out/BSP_Common/libc/stdlib.o
LOAD out/BSP_Common/libc/common.o
LOAD out/BSP_Common/libc/ctype_isalnum.o
LOAD out/BSP_Common/libc/ctype_isalpha.o
LOAD out/BSP_Common/libc/ctype_isascii.o
LOAD out/BSP_Common/libc/ctype_isblank.o
LOAD out/BSP_Common/libc/ctype_iscntrl.o
LOAD out/BSP_Common/libc/ctype_isdigit.o
LOAD out/BSP_Common/libc/ctype_isgraph.o
LOAD out/BSP_Common/libc/ctype_ispunct.o
LOAD out/BSP_Common/libc/ctype_islower.o
LOAD out/BSP_Common/libc/ctype_isprint.o
LOAD out/BSP_Common/libc/ctype_isspace.o
LOAD out/BSP_Common/libc/ctype_isupper.o
LOAD out/BSP_Common/libc/ctype_tolower.o
LOAD out/BSP_Common/libc/ctype_toupper.o
LOAD out/BSP_Common/libc/ctype_isxdigit.o
LOAD out/BSP_Common/libc/ctypes.o
LOAD out/BSP_Common/soft_crc/softcrc.o
LOAD out/BSP_Common/cipher_suite/bflb_crypt.o
LOAD out/BSP_Common/cipher_suite/bflb_hash.o
LOAD out/BSP_Common/cipher_suite/bflb_ecdsa.o
LOAD out/BSP_Common/cipher_suite/bflb_dsa.o
LOAD out/BSP_Common/xz/xz_crc32.o
LOAD out/BSP_Common/xz/xz_dec_lzma2.o
LOAD out/BSP_Common/xz/xz_dec_stream.o
LOAD out/BSP_Common/xz/xz_decompress.o
LOAD out/BSP_Common/xz/xz_port.o
LOAD out/BSP_Common/partition/partition.o
LOAD out/startup/system_bl602.o
LOAD out/startup/GCC/start_load.o
LOAD out/startup/interrupt.o
LOAD out/startup/GCC/entry.o
LOAD out/BSP_Common/FreeRTOS/port.o
LOAD out/BSP_Common/FreeRTOS/portASM.o
LOAD out/BSP_Driver/BL602_BSP_Driver/StdDriver/bl602_common.o
LOAD out/BSP_Driver/BL602_BSP_Driver/StdDriver/bl602_uart.o
LOAD out/BSP_Driver/BL602_BSP_Driver/StdDriver/bl602_dma.o
LOAD out/BSP_Driver/BL602_BSP_Driver/StdDriver/bl602_glb.o
LOAD out/BSP_Driver/BL602_BSP_Driver/StdDriver/bl602_timer.o
LOAD out/BSP_Driver/BL602_BSP_Driver/StdDriver/bl602_ef_ctrl.o
LOAD out/BSP_Driver/BL602_BSP_Driver/StdDriver/bl602_aon.o
LOAD out/BSP_Driver/BL602_BSP_Driver/StdDriver/bl602_hbn.o
LOAD out/BSP_Driver/BL602_BSP_Driver/StdDriver/bl602_sec_eng.o
LOAD out/BSP_Driver/BL602_BSP_Driver/StdDriver/bl602_sdu.o
LOAD out/BSP_Driver/BL602_BSP_Driver/StdDriver/bl602_dac.o
LOAD out/BSP_Driver/BL602_BSP_Driver/StdDriver/bl602_l1c.o
LOAD out/BSP_Driver/BL602_BSP_Driver/StdDriver/bl602_pwm.o
LOAD out/BSP_Driver/BL602_BSP_Driver/StdDriver/bl602_i2c.o
LOAD out/BSP_Driver/BL602_BSP_Driver/StdDriver/bl602_sec_dbg.o
LOAD out/BSP_Driver/BL602_BSP_Driver/StdDriver/bl602_ir.o
LOAD out/BSP_Driver/BL602_BSP_Driver/StdDriver/bl602_spi.o
LOAD out/BSP_Driver/BL602_BSP_Driver/StdDriver/bl602_pds.o
LOAD out/BSP_Driver/BL602_BSP_Driver/StdDriver/bl602_tzc_sec.o
LOAD out/BSP_Driver/BL602_BSP_Driver/StdDriver/bl602_adc.o
LOAD out/BSP_Driver/BL602_BSP_Driver/StdDriver/bl602_acomp.o
LOAD out/BSP_Driver/BL602_BSP_Driver/StdDriver/bl602_mfg_efuse.o
LOAD out/BSP_Driver/BL602_BSP_Driver/StdDriver/bl602_romapi.o
LOAD out/BSP_Driver/BL602_BSP_Driver/StdDriver/bl602_sflash_ext.o
LOAD out/BSP_Driver/BL602_BSP_Driver/StdDriver/bl602_sf_cfg_ext.o
LOAD out/BSP_Driver/BL602_BSP_Driver/StdDriver/bl602_xip_sflash_ext.o
LOAD out/BSP_Driver/BL602_BSP_Driver/RFDriver/bl602_rf_private.o
LOAD out/BSP_Driver/BL602_BSP_Driver/RFDriver/bl602_calib_data.o
LOAD out/BSP_Driver/BL602_BSP_Driver/platform_print/platform_device.o
LOAD out/BSP_Driver/BL602_BSP_Driver/platform_print/platform_gpio.o
LOAD out/3rdParty/FreeRTOS/Source/tasks.o
LOAD out/3rdParty/FreeRTOS/Source/list.o
LOAD out/3rdParty/FreeRTOS/Source/queue.o
LOAD out/3rdParty/FreeRTOS/Source/timers.o
LOAD out/3rdParty/FreeRTOS/Source/stream_buffer.o
LOAD out/3rdParty/FreeRTOS/Source/croutine.o
LOAD out/3rdParty/FreeRTOS/Source/portable/MemMang/heap_5.o
LOAD /home/cbpeng/toolchain/riscv64-elf-x86_64-20210120/bin/../lib/gcc/riscv64-unknown-elf/8.4.0/../../../../riscv64-unknown-elf/lib/rv32imafc/ilp32f/libc.a
LOAD /home/cbpeng/toolchain/riscv64-elf-x86_64-20210120/bin/../lib/gcc/riscv64-unknown-elf/8.4.0/../../../../riscv64-unknown-elf/lib/rv32imafc/ilp32f/libm.a
LOAD /home/cbpeng/toolchain/riscv64-elf-x86_64-20210120/bin/../lib/gcc/riscv64-unknown-elf/8.4.0/rv32imafc/ilp32f/libgcc.a
START GROUP
LOAD /home/cbpeng/toolchain/riscv64-elf-x86_64-20210120/bin/../lib/gcc/riscv64-unknown-elf/8.4.0/../../../../riscv64-unknown-elf/lib/rv32imafc/ilp32f/libc.a
LOAD /home/cbpeng/toolchain/riscv64-elf-x86_64-20210120/bin/../lib/gcc/riscv64-unknown-elf/8.4.0/../../../../riscv64-unknown-elf/lib/rv32imafc/ilp32f/libgloss.a
END GROUP
LOAD /home/cbpeng/toolchain/riscv64-elf-x86_64-20210120/bin/../lib/gcc/riscv64-unknown-elf/8.4.0/rv32imafc/ilp32f/libgcc.a
LOAD /home/cbpeng/toolchain/riscv64-elf-x86_64-20210120/bin/../lib/gcc/riscv64-unknown-elf/8.4.0/../../../../riscv64-unknown-elf/lib/rv32imafc/ilp32f/libc.a
LOAD /home/cbpeng/toolchain/riscv64-elf-x86_64-20210120/bin/../lib/gcc/riscv64-unknown-elf/8.4.0/rv32imafc/ilp32f/libgcc.a
                0x0000000000000400                StackSize = 0x400
                0x0000000000000000                PROVIDE (__metal_chicken_bit = 0x0)

.text           0x0000000022010000     0x8ab4
                0x0000000022010000                . = ALIGN (0x4)
                0x0000000022010000                __text_code_start__ = .
 *(.text.metal.init.enter)
 .text.metal.init.enter
                0x0000000022010000       0x86 out/startup/GCC/entry.o
                0x0000000022010000                _enter
 *(SORT_NONE(.init))
 *fill*         0x0000000022010086       0x3a 
 .init          0x00000000220100c0      0x142 out/startup/interrupt.o
                0x00000000220100c0                __Vectors
 *(.text)
 .text          0x0000000022010202       0xd0 /home/cbpeng/toolchain/riscv64-elf-x86_64-20210120/bin/../lib/gcc/riscv64-unknown-elf/8.4.0/../../../../riscv64-unknown-elf/lib/rv32imafc/ilp32f/libc.a(lib_a-memmove-stub.o)
                0x0000000022010202                memmove
 .text          0x00000000220102d2      0x35e /home/cbpeng/toolchain/riscv64-elf-x86_64-20210120/bin/../lib/gcc/riscv64-unknown-elf/8.4.0/rv32imafc/ilp32f/libgcc.a(_udivdi3.o)
                0x00000000220102d2                __udivdi3
 .text          0x0000000022010630      0x352 /home/cbpeng/toolchain/riscv64-elf-x86_64-20210120/bin/../lib/gcc/riscv64-unknown-elf/8.4.0/rv32imafc/ilp32f/libgcc.a(_umoddi3.o)
                0x0000000022010630                __umoddi3
 *(.text.*)
 .text.startup.main
                0x0000000022010982      0x1aa out/ChipTest/Eflash_Loader/main.o
                0x0000000022010982                main
 .text.bflb_eflash_loader_cmd_read_jedec_id
                0x0000000022010b2c       0x50 out/ChipTest/Eflash_Loader/bflb_eflash_loader_cmds.o
 .text.bflb_eflash_loader_cmd_read_log
                0x0000000022010b7c       0x5a out/ChipTest/Eflash_Loader/bflb_eflash_loader_cmds.o
 .text.bflb_eflash_loader_cmd_ack.part.0
                0x0000000022010bd6       0x1e out/ChipTest/Eflash_Loader/bflb_eflash_loader_cmds.o
 .text.bflb_eflash_loader_cmd_ack
                0x0000000022010bf4       0x28 out/ChipTest/Eflash_Loader/bflb_eflash_loader_cmds.o
 .text.bflb_eflash_loader_cmd_write_mem
                0x0000000022010c1c       0x98 out/ChipTest/Eflash_Loader/bflb_eflash_loader_cmds.o
 .text.bflb_eflash_loader_cmd_write_flash_check
                0x0000000022010cb4       0x22 out/ChipTest/Eflash_Loader/bflb_eflash_loader_cmds.o
 .text.bflb_eflash_loader_cmd_read_mac_addr
                0x0000000022010cd6       0x88 out/ChipTest/Eflash_Loader/bflb_eflash_loader_cmds.o
 .text.bflb_eflash_loader_cmd_read_efuse
                0x0000000022010d5e      0x132 out/ChipTest/Eflash_Loader/bflb_eflash_loader_cmds.o
 .text.bflb_eflash_loader_cmd_write_efuse
                0x0000000022010e90       0xd0 out/ChipTest/Eflash_Loader/bflb_eflash_loader_cmds.o
 .text.bflb_eflash_loader_cmd_xip_read_flash
                0x0000000022010f60      0x166 out/ChipTest/Eflash_Loader/bflb_eflash_loader_cmds.o
 .text.bflb_eflash_loader_cmd_xip_readSha_flash
                0x00000000220110c6      0x154 out/ChipTest/Eflash_Loader/bflb_eflash_loader_cmds.o
 .text.bflb_eflash_loader_cmd_readSha_flash
                0x000000002201121a      0x154 out/ChipTest/Eflash_Loader/bflb_eflash_loader_cmds.o
 .text.bflb_eflash_loader_cmd_read_flash
                0x000000002201136e      0x168 out/ChipTest/Eflash_Loader/bflb_eflash_loader_cmds.o
 .text.bflb_eflash_loader_cmd_flash_chip_erase
                0x00000000220114d6       0x48 out/ChipTest/Eflash_Loader/bflb_eflash_loader_cmds.o
 .text.bflb_eflash_loader_cmd_erase_flash
                0x000000002201151e      0x14e out/ChipTest/Eflash_Loader/bflb_eflash_loader_cmds.o
 .text.bflb_eflash_loader_cmd_write_status_register
                0x000000002201166c       0xca out/ChipTest/Eflash_Loader/bflb_eflash_loader_cmds.o
 .text.bflb_eflash_loader_cmd_set_flash_para
                0x0000000022011736      0x110 out/ChipTest/Eflash_Loader/bflb_eflash_loader_cmds.o
 .text.bflb_eflash_loader_cmd_read_mem
                0x0000000022011846       0xec out/ChipTest/Eflash_Loader/bflb_eflash_loader_cmds.o
 .text.bflb_eflash_loader_cmd_read_status_register
                0x0000000022011932       0xc6 out/ChipTest/Eflash_Loader/bflb_eflash_loader_cmds.o
 .text.bflb_eflash_loader_cmd_flash_boot
                0x00000000220119f8       0x32 out/ChipTest/Eflash_Loader/bflb_eflash_loader_cmds.o
 .text.bflb_eflash_loader_cmd_reset
                0x0000000022011a2a       0x34 out/ChipTest/Eflash_Loader/bflb_eflash_loader_cmds.o
 .text.bflb_eflash_loader_cmd_write_flash
                0x0000000022011a5e       0xba out/ChipTest/Eflash_Loader/bflb_eflash_loader_cmds.o
 .text.bflb_eflash_loader_cmd_write_flash_with_decompress
                0x0000000022011b18      0x1ca out/ChipTest/Eflash_Loader/bflb_eflash_loader_cmds.o
 .text.bflb_eflash_loader_cmd_xip_read_flash_start
                0x0000000022011ce2       0x20 out/ChipTest/Eflash_Loader/bflb_eflash_loader_cmds.o
 .text.bflb_eflash_loader_cmd_xip_read_flash_finish
                0x0000000022011d02       0x20 out/ChipTest/Eflash_Loader/bflb_eflash_loader_cmds.o
 .text.bflb_eflash_loader_cmd_init
                0x0000000022011d22        0xa out/ChipTest/Eflash_Loader/bflb_eflash_loader_cmds.o
                0x0000000022011d22                bflb_eflash_loader_cmd_init
 .text.bflb_eflash_loader_cmd_process
                0x0000000022011d2c       0x5a out/ChipTest/Eflash_Loader/bflb_eflash_loader_cmds.o
                0x0000000022011d2c                bflb_eflash_loader_cmd_process
 .text.bootrom_read_boot_mode
                0x0000000022011d86       0x48 out/ChipTest/Eflash_Loader/bflb_eflash_loader_gpio.o
                0x0000000022011d86                bootrom_read_boot_mode
 .text.bflb_eflash_loader_init_uart_gpio
                0x0000000022011dce       0x3c out/ChipTest/Eflash_Loader/bflb_eflash_loader_gpio.o
                0x0000000022011dce                bflb_eflash_loader_init_uart_gpio
 .text.bflb_eflash_loader_init_sdio_gpio
                0x0000000022011e0a       0x9c out/ChipTest/Eflash_Loader/bflb_eflash_loader_gpio.o
                0x0000000022011e0a                bflb_eflash_loader_init_sdio_gpio
 .text.bflb_eflash_loader_if_set
                0x0000000022011ea6      0x128 out/ChipTest/Eflash_Loader/bflb_eflash_loader_interface.o
                0x0000000022011ea6                bflb_eflash_loader_if_set
 .text.bflb_eflash_loader_interface_init
                0x0000000022011fce       0x14 out/ChipTest/Eflash_Loader/bflb_eflash_loader_interface.o
                0x0000000022011fce                bflb_eflash_loader_interface_init
 .text.bflb_eflash_loader_interface_deinit
                0x0000000022011fe2       0x10 out/ChipTest/Eflash_Loader/bflb_eflash_loader_interface.o
                0x0000000022011fe2                bflb_eflash_loader_interface_deinit
 .text.bflb_eflash_loader_main
                0x0000000022011ff2      0x14c out/ChipTest/Eflash_Loader/bflb_eflash_loader_interface.o
                0x0000000022011ff2                bflb_eflash_loader_main
 .text.bflb_eflash_loader_jlink_init
                0x000000002201213e        0x4 out/ChipTest/Eflash_Loader/bflb_eflash_loader_jlink.o
                0x000000002201213e                bflb_eflash_loader_jlink_init
 .text.bflb_eflash_loader_jlink_handshake_poll
                0x0000000022012142       0x6e out/ChipTest/Eflash_Loader/bflb_eflash_loader_jlink.o
                0x0000000022012142                bflb_eflash_loader_jlink_handshake_poll
 .text.bflb_eflash_loader_jlink_recv
                0x00000000220121b0       0x92 out/ChipTest/Eflash_Loader/bflb_eflash_loader_jlink.o
                0x00000000220121b0                bflb_eflash_loader_jlink_recv
 .text.bflb_eflash_loader_jlink_send
                0x0000000022012242       0x44 out/ChipTest/Eflash_Loader/bflb_eflash_loader_jlink.o
                0x0000000022012242                bflb_eflash_loader_jlink_send
 .text.bflb_eflash_loader_jlink_wait_tx_idle
                0x0000000022012286        0x4 out/ChipTest/Eflash_Loader/bflb_eflash_loader_jlink.o
                0x0000000022012286                bflb_eflash_loader_jlink_wait_tx_idle
 .text.bflb_eflash_loader_jlink_deinit
                0x000000002201228a        0x4 out/ChipTest/Eflash_Loader/bflb_eflash_loader_jlink.o
                0x000000002201228a                bflb_eflash_loader_jlink_deinit
 .text.bflb_eflash_loader_usart_if_init
                0x000000002201228e       0xb8 out/ChipTest/Eflash_Loader/bflb_eflash_loader_uart.o
 .text.uart_if_rto_cbf
                0x0000000022012346       0x4e out/ChipTest/Eflash_Loader/bflb_eflash_loader_uart.o
 .text.uart_if_rda_cbf
                0x0000000022012394        0x2 out/ChipTest/Eflash_Loader/bflb_eflash_loader_uart.o
 .text.bflb_eflash_loader_usart_if_receive.isra.0
                0x0000000022012396       0x9e out/ChipTest/Eflash_Loader/bflb_eflash_loader_uart.o
 .text.bflb_eflash_loader_uart_init
                0x0000000022012434       0x82 out/ChipTest/Eflash_Loader/bflb_eflash_loader_uart.o
                0x0000000022012434                bflb_eflash_loader_uart_init
 .text.bflb_eflash_loader_uart_handshake_poll
                0x00000000220124b6      0x12c out/ChipTest/Eflash_Loader/bflb_eflash_loader_uart.o
                0x00000000220124b6                bflb_eflash_loader_uart_handshake_poll
 .text.bflb_eflash_loader_uart_recv
                0x00000000220125e2        0x8 out/ChipTest/Eflash_Loader/bflb_eflash_loader_uart.o
                0x00000000220125e2                bflb_eflash_loader_uart_recv
 .text.bflb_eflash_loader_uart_send
                0x00000000220125ea       0x16 out/ChipTest/Eflash_Loader/bflb_eflash_loader_uart.o
                0x00000000220125ea                bflb_eflash_loader_uart_send
 .text.bflb_eflash_loader_usart_wait_tx_idle
                0x0000000022012600       0x10 out/ChipTest/Eflash_Loader/bflb_eflash_loader_uart.o
                0x0000000022012600                bflb_eflash_loader_usart_wait_tx_idle
 .text.bflb_eflash_loader_uart_deinit
                0x0000000022012610        0x4 out/ChipTest/Eflash_Loader/bflb_eflash_loader_uart.o
                0x0000000022012610                bflb_eflash_loader_uart_deinit
 .text.bflb_eflash_loader_sdio_init
                0x0000000022012614        0x4 out/ChipTest/Eflash_Loader/bflb_eflash_loader_sdio.o
                0x0000000022012614                bflb_eflash_loader_sdio_init
 .text.bflb_eflash_loader_sdio_handshake_poll
                0x0000000022012618       0x1e out/ChipTest/Eflash_Loader/bflb_eflash_loader_sdio.o
                0x0000000022012618                bflb_eflash_loader_sdio_handshake_poll
 .text.bflb_eflash_loader_sdio_recv
                0x0000000022012636       0x34 out/ChipTest/Eflash_Loader/bflb_eflash_loader_sdio.o
                0x0000000022012636                bflb_eflash_loader_sdio_recv
 .text.bflb_eflash_loader_sdio_send
                0x000000002201266a       0x10 out/ChipTest/Eflash_Loader/bflb_eflash_loader_sdio.o
                0x000000002201266a                bflb_eflash_loader_sdio_send
 .text.bflb_eflash_loader_sdio_wait_tx_idle
                0x000000002201267a        0x4 out/ChipTest/Eflash_Loader/bflb_eflash_loader_sdio.o
                0x000000002201267a                bflb_eflash_loader_sdio_wait_tx_idle
 .text.bflb_eflash_loader_sdio_deinit
                0x000000002201267e        0x4 out/ChipTest/Eflash_Loader/bflb_eflash_loader_sdio.o
                0x000000002201267e                bflb_eflash_loader_sdio_deinit
 .text.bflb_eflash_loader_clk_set_from_user
                0x0000000022012682       0xda out/ChipTest/Eflash_Loader/bflb_eflash_loader_boot.o
                0x0000000022012682                bflb_eflash_loader_clk_set_from_user
 .text.bflb_eflash_loader_parse_bootheader
                0x000000002201275c      0x1a0 out/ChipTest/Eflash_Loader/bflb_eflash_loader_boot.o
                0x000000002201275c                bflb_eflash_loader_parse_bootheader
 .text.bflb_eflash_loader_boot_pre_jump
                0x00000000220128fc       0x38 out/ChipTest/Eflash_Loader/bflb_eflash_loader_boot.o
                0x00000000220128fc                bflb_eflash_loader_boot_pre_jump
 .text.bflb_eflash_loader_boot
                0x0000000022012934       0x4e out/ChipTest/Eflash_Loader/bflb_eflash_loader_boot.o
                0x0000000022012934                bflb_eflash_loader_boot
 .text.bflb_eflash_loader_boot_main
                0x0000000022012982       0xca out/ChipTest/Eflash_Loader/bflb_eflash_loader_boot.o
                0x0000000022012982                bflb_eflash_loader_boot_main
 .text.bflb_eflash_loader_cache_enable
                0x0000000022012a4c       0x9a out/ChipTest/Eflash_Loader/bflb_spi_flash.o
                0x0000000022012a4c                bflb_eflash_loader_cache_enable
 .text.bflb_spi_flash_update_para
                0x0000000022012ae6       0x1a out/ChipTest/Eflash_Loader/bflb_spi_flash.o
                0x0000000022012ae6                bflb_spi_flash_update_para
 .text.bflb_spi_flash_xip_read_init
                0x0000000022012b00       0x5e out/ChipTest/Eflash_Loader/bflb_spi_flash.o
                0x0000000022012b00                bflb_spi_flash_xip_read_init
 .text.bflb_spi_flash_xip_read_exit
                0x0000000022012b5e       0x26 out/ChipTest/Eflash_Loader/bflb_spi_flash.o
                0x0000000022012b5e                bflb_spi_flash_xip_read_exit
 .text.bflb_spi_flash_set_io_mode
                0x0000000022012b84        0x6 out/ChipTest/Eflash_Loader/bflb_spi_flash.o
                0x0000000022012b84                bflb_spi_flash_set_io_mode
 .text.bflb_spi_flash_read_jedec_id
                0x0000000022012b8a       0x40 out/ChipTest/Eflash_Loader/bflb_spi_flash.o
                0x0000000022012b8a                bflb_spi_flash_read_jedec_id
 .text.bflb_spi_flash_read_status_reg_with_cmd
                0x0000000022012bca        0xe out/ChipTest/Eflash_Loader/bflb_spi_flash.o
                0x0000000022012bca                bflb_spi_flash_read_status_reg_with_cmd
 .text.bflb_spi_flash_write_status_reg_with_cmd
                0x0000000022012bd8       0x46 out/ChipTest/Eflash_Loader/bflb_spi_flash.o
                0x0000000022012bd8                bflb_spi_flash_write_status_reg_with_cmd
 .text.bflb_spi_flash_erase
                0x0000000022012c1e       0x22 out/ChipTest/Eflash_Loader/bflb_spi_flash.o
                0x0000000022012c1e                bflb_spi_flash_erase
 .text.bflb_spi_flash_chiperase
                0x0000000022012c40       0x1e out/ChipTest/Eflash_Loader/bflb_spi_flash.o
                0x0000000022012c40                bflb_spi_flash_chiperase
 .text.bflb_spi_flash_program
                0x0000000022012c5e       0x26 out/ChipTest/Eflash_Loader/bflb_spi_flash.o
                0x0000000022012c5e                bflb_spi_flash_program
 .text.bflb_spi_flash_read_sahb
                0x0000000022012c84       0x24 out/ChipTest/Eflash_Loader/bflb_spi_flash.o
                0x0000000022012c84                bflb_spi_flash_read_sahb
 .text.bflb_spi_flash_read_xip
                0x0000000022012ca8       0x32 out/ChipTest/Eflash_Loader/bflb_spi_flash.o
                0x0000000022012ca8                bflb_spi_flash_read_xip
 .text.bflb_spi_flash_read
                0x0000000022012cda       0x1e out/ChipTest/Eflash_Loader/bflb_spi_flash.o
                0x0000000022012cda                bflb_spi_flash_read
 .text.bflb_clear_flash_status_register
                0x0000000022012cf8       0x74 out/ChipTest/Eflash_Loader/bflb_spi_flash.o
                0x0000000022012cf8                bflb_clear_flash_status_register
 .text.bflb_spi_flash_init
                0x0000000022012d6c      0x10e out/ChipTest/Eflash_Loader/bflb_spi_flash.o
                0x0000000022012d6c                bflb_spi_flash_init
 .text.bflb_efuse_write
                0x0000000022012e7a       0x56 out/ChipTest/Eflash_Loader/bflb_efuse.o
                0x0000000022012e7a                bflb_efuse_write
 .text.bflb_efuse_read
                0x0000000022012ed0       0x2c out/ChipTest/Eflash_Loader/bflb_efuse.o
                0x0000000022012ed0                bflb_efuse_read
 .text.xz_BSP_init
                0x0000000022012efc        0x2 out/ChipTest/Eflash_Loader/bflb_eflash_loader_cfg.o
                0x0000000022012efc                xz_BSP_init
 .text.xz_BSP_get_dict_buffer
                0x0000000022012efe        0x6 out/ChipTest/Eflash_Loader/bflb_eflash_loader_cfg.o
                0x0000000022012efe                xz_BSP_get_dict_buffer
 .text.xz_BSP_get_work_buffer
                0x0000000022012f04        0x6 out/ChipTest/Eflash_Loader/bflb_eflash_loader_cfg.o
                0x0000000022012f04                xz_BSP_get_work_buffer
 .text.xz_BSP_get_output_size
                0x0000000022012f0a        0x4 out/ChipTest/Eflash_Loader/bflb_eflash_loader_cfg.o
                0x0000000022012f0a                xz_BSP_get_output_size
 .text.bflb_set_high_speed_system_clock
                0x0000000022012f0e        0x6 out/ChipTest/Eflash_Loader/bflb_set_clock.o
                0x0000000022012f0e                bflb_set_high_speed_system_clock
 .text.bflb_set_high_speed_flash_clock
                0x0000000022012f14        0xa out/ChipTest/Eflash_Loader/bflb_set_clock.o
                0x0000000022012f14                bflb_set_high_speed_flash_clock
 .text.bflb_set_low_speed_flash_clock
                0x0000000022012f1e        0xa out/ChipTest/Eflash_Loader/bflb_set_clock.o
                0x0000000022012f1e                bflb_set_low_speed_flash_clock
 .text.bflb_set_flash_clock_div
                0x0000000022012f28        0xa out/ChipTest/Eflash_Loader/bflb_set_clock.o
                0x0000000022012f28                bflb_set_flash_clock_div
 .text.sdu_init
                0x0000000022012f32       0x12 out/ChipTest/Eflash_Loader/sdu.o
                0x0000000022012f32                sdu_init
 .text.sdu_host_check
                0x0000000022012f44      0x160 out/ChipTest/Eflash_Loader/sdu.o
                0x0000000022012f44                sdu_host_check
 .text.sdu_deinit
                0x00000000220130a4       0x1e out/ChipTest/Eflash_Loader/sdu.o
                0x00000000220130a4                sdu_deinit
 .text.sdu_receive_data
                0x00000000220130c2      0x16c out/ChipTest/Eflash_Loader/sdu.o
                0x00000000220130c2                sdu_receive_data
 .text.sdu_send_data
                0x000000002201322e      0x124 out/ChipTest/Eflash_Loader/sdu.o
                0x000000002201322e                sdu_send_data
 .text.memcpy   0x0000000022013352       0x18 out/BSP_Common/libc/memcpy.o
                0x0000000022013352                memcpy
 .text.memset   0x000000002201336a       0x18 out/BSP_Common/libc/memset.o
                0x000000002201336a                memset
 .text.memcmp   0x0000000022013382       0x1e out/BSP_Common/libc/memcmp.o
                0x0000000022013382                memcmp
 .text.vsnprintf
                0x00000000220133a0      0xae2 out/BSP_Common/libc/vsnprintf.o
                0x00000000220133a0                vsnprintf
 .text.strlen   0x0000000022013e82       0x1a out/BSP_Common/libc/strlen.o
                0x0000000022013e82                strlen
 .text.xz_crc32_init
                0x0000000022013e9c        0x2 out/BSP_Common/xz/xz_crc32.o
                0x0000000022013e9c                xz_crc32_init
 .text.xz_crc32
                0x0000000022013e9e       0x34 out/BSP_Common/xz/xz_crc32.o
                0x0000000022013e9e                xz_crc32
 .text.lzma_len
                0x0000000022013ed2      0x17c out/BSP_Common/xz/xz_dec_lzma2.o
 .text.dict_repeat.part.1
                0x000000002201404e       0x64 out/BSP_Common/xz/xz_dec_lzma2.o
 .text.lzma_main
                0x00000000220140b2      0x74c out/BSP_Common/xz/xz_dec_lzma2.o
 .text.xz_dec_lzma2_run
                0x00000000220147fe      0x612 out/BSP_Common/xz/xz_dec_lzma2.o
                0x00000000220147fe                xz_dec_lzma2_run
 .text.xz_dec_lzma2_create
                0x0000000022014e10       0x68 out/BSP_Common/xz/xz_dec_lzma2.o
                0x0000000022014e10                xz_dec_lzma2_create
 .text.xz_dec_lzma2_reset
                0x0000000022014e78       0x78 out/BSP_Common/xz/xz_dec_lzma2.o
                0x0000000022014e78                xz_dec_lzma2_reset
 .text.xz_dec_lzma2_end
                0x0000000022014ef0       0x2c out/BSP_Common/xz/xz_dec_lzma2.o
                0x0000000022014ef0                xz_dec_lzma2_end
 .text.fill_temp
                0x0000000022014f1c       0x72 out/BSP_Common/xz/xz_dec_stream.o
 .text.dec_vli.isra.0
                0x0000000022014f8e       0x9a out/BSP_Common/xz/xz_dec_stream.o
 .text.index_update.isra.2
                0x0000000022015028       0x36 out/BSP_Common/xz/xz_dec_stream.o
 .text.xz_dec_reset
                0x000000002201505e       0x46 out/BSP_Common/xz/xz_dec_stream.o
                0x000000002201505e                xz_dec_reset
 .text.xz_dec_run
                0x00000000220150a4      0x794 out/BSP_Common/xz/xz_dec_stream.o
                0x00000000220150a4                xz_dec_run
 .text.xz_dec_init
                0x0000000022015838       0x46 out/BSP_Common/xz/xz_dec_stream.o
                0x0000000022015838                xz_dec_init
 .text.xz_dec_end
                0x000000002201587e       0x1e out/BSP_Common/xz/xz_dec_stream.o
                0x000000002201587e                xz_dec_end
 .text.simple_malloc_init
                0x000000002201589c       0x1a out/BSP_Common/xz/xz_port.o
                0x000000002201589c                simple_malloc_init
 .text.simple_malloc
                0x00000000220158b6       0x44 out/BSP_Common/xz/xz_port.o
                0x00000000220158b6                simple_malloc
 .text.simple_free
                0x00000000220158fa        0xe out/BSP_Common/xz/xz_port.o
                0x00000000220158fa                simple_free
 .text.SystemInit
                0x0000000022015908       0xac out/startup/system_bl602.o
                0x0000000022015908                SystemInit
 .text.start_load
                0x00000000220159b4      0x126 out/startup/GCC/start_load.o
                0x00000000220159b4                start_load
 .text.Interrupt_Handler_Stub
                0x0000000022015ada       0x9a out/startup/interrupt.o
                0x0000000022015ada                SDIO_IRQHandler_Wrapper
                0x0000000022015ada                TIMER_WDT_IRQHandler_Wrapper
                0x0000000022015ada                GPIO_INT0_IRQHandler_Wrapper
                0x0000000022015ada                SEC_PKA_IRQHandler_Wrapper
                0x0000000022015ada                SEC_TRNG_IRQHandler_Wrapper
                0x0000000022015ada                MAC_GEN_IRQHandler_Wrapper
                0x0000000022015ada                DMA_BMX_ERR_IRQHandler_Wrapper
                0x0000000022015ada                EFUSE_IRQHandler_Wrapper
                0x0000000022015ada                WIFI_IRQHandler_Wrapper
                0x0000000022015ada                SEC_CDET_IRQHandler_Wrapper
                0x0000000022015ada                SEC_AES_IRQHandler_Wrapper
                0x0000000022015ada                PWM_IRQHandler_Wrapper
                0x0000000022015ada                RF_TOP_INT1_IRQHandler_Wrapper
                0x0000000022015ada                HBN_OUT0_IRQHandler_Wrapper
                0x0000000022015ada                SF_CTRL_IRQHandler_Wrapper
                0x0000000022015ada                TIMER_CH0_IRQHandler_Wrapper
                0x0000000022015ada                clic_mext_handler_Wrapper
                0x0000000022015ada                MAC_TXRX_TIMER_IRQHandler_Wrapper
                0x0000000022015ada                Interrupt_Handler_Stub
                0x0000000022015ada                clic_csoft_handler_Wrapper
                0x0000000022015ada                I2C_IRQHandler_Wrapper
                0x0000000022015ada                SPI_IRQHandler_Wrapper
                0x0000000022015ada                MAC_PORT_TRG_IRQHandler_Wrapper
                0x0000000022015ada                PDS_WAKEUP_IRQHandler_Wrapper
                0x0000000022015ada                clic_mtimer_handler_Wrapper
                0x0000000022015ada                L1C_BMX_ERR_IRQHandler_Wrapper
                0x0000000022015ada                SEC_BMX_ERR_IRQHandler_Wrapper
                0x0000000022015ada                MAC_RX_TRG_IRQHandler_Wrapper
                0x0000000022015ada                MAC_TX_TRG_IRQHandler_Wrapper
                0x0000000022015ada                HBN_OUT1_IRQHandler_Wrapper
                0x0000000022015ada                SEC_GMAC_IRQHandler_Wrapper
                0x0000000022015ada                clic_msip_handler_Wrapper
                0x0000000022015ada                UART1_IRQHandler_Wrapper
                0x0000000022015ada                GPADC_DMA_IRQHandler_Wrapper
                0x0000000022015ada                MAC_TXRX_MISC_IRQHandler_Wrapper
                0x0000000022015ada                DMA_ALL_IRQHandler_Wrapper
                0x0000000022015ada                BLE_IRQHandler_Wrapper
                0x0000000022015ada                SEC_SHA_IRQHandler_Wrapper
                0x0000000022015ada                IRRX_IRQHandler_Wrapper
                0x0000000022015ada                BMX_TO_IRQHandler_Wrapper
                0x0000000022015ada                TIMER_CH1_IRQHandler_Wrapper
                0x0000000022015ada                UART0_IRQHandler_Wrapper
                0x0000000022015ada                BMX_ERR_IRQHandler_Wrapper
                0x0000000022015ada                WIFI_IPC_PUBLIC_IRQHandler_Wrapper
                0x0000000022015ada                L1C_BMX_TO_IRQHandler_Wrapper
                0x0000000022015ada                BZ_PHY_IRQHandler_Wrapper
                0x0000000022015ada                RF_TOP_INT0_IRQHandler_Wrapper
                0x0000000022015ada                IRTX_IRQHandler_Wrapper
                0x0000000022015ada                BOR_IRQHandler_Wrapper
 *fill*         0x0000000022015b74        0xc 
 .text.Trap_Handler_Stub
                0x0000000022015b80       0xbc out/startup/interrupt.o
                0x0000000022015b80                Trap_Handler_Stub
 .text.clic_enable_interrupt
                0x0000000022015c3c       0x12 out/startup/interrupt.o
                0x0000000022015c3c                clic_enable_interrupt
 .text.clic_disable_interrupt
                0x0000000022015c4e       0x10 out/startup/interrupt.o
                0x0000000022015c4e                clic_disable_interrupt
 .text.clic_clear_pending
                0x0000000022015c5e        0xc out/startup/interrupt.o
                0x0000000022015c5e                clic_clear_pending
 .text.Trap_Handler
                0x0000000022015c6a      0x126 out/BSP_Driver/BL602_BSP_Driver/StdDriver/bl602_common.o
                0x0000000022015c6a                Trap_Handler
 .text.Interrupt_Handler_Register
                0x0000000022015d90       0x18 out/BSP_Driver/BL602_BSP_Driver/StdDriver/bl602_common.o
                0x0000000022015d90                Interrupt_Handler_Register
 .text.Interrupt_Handler
                0x0000000022015da8       0x9e out/BSP_Driver/BL602_BSP_Driver/StdDriver/bl602_common.o
                0x0000000022015da8                Interrupt_Handler
 .text.UART_IntHandler
                0x0000000022015e46      0x172 out/BSP_Driver/BL602_BSP_Driver/StdDriver/bl602_uart.o
 .text.UART0_IRQHandler
                0x0000000022015fb8        0x6 out/BSP_Driver/BL602_BSP_Driver/StdDriver/bl602_uart.o
                0x0000000022015fb8                UART0_IRQHandler
 .text.UART1_IRQHandler
                0x0000000022015fbe        0x6 out/BSP_Driver/BL602_BSP_Driver/StdDriver/bl602_uart.o
                0x0000000022015fbe                UART1_IRQHandler
 .text.UART_Init
                0x0000000022015fc4      0x11e out/BSP_Driver/BL602_BSP_Driver/StdDriver/bl602_uart.o
                0x0000000022015fc4                UART_Init
 .text.UART_FifoConfig
                0x00000000220160e2       0x6a out/BSP_Driver/BL602_BSP_Driver/StdDriver/bl602_uart.o
                0x00000000220160e2                UART_FifoConfig
 .text.UART_Enable
                0x000000002201614c       0x34 out/BSP_Driver/BL602_BSP_Driver/StdDriver/bl602_uart.o
                0x000000002201614c                UART_Enable
 .text.UART_Disable
                0x0000000022016180       0x30 out/BSP_Driver/BL602_BSP_Driver/StdDriver/bl602_uart.o
                0x0000000022016180                UART_Disable
 .text.UART_SetRxTimeoutValue
                0x00000000220161b0       0x1e out/BSP_Driver/BL602_BSP_Driver/StdDriver/bl602_uart.o
                0x00000000220161b0                UART_SetRxTimeoutValue
 .text.UART_TxFreeRun
                0x00000000220161ce       0x28 out/BSP_Driver/BL602_BSP_Driver/StdDriver/bl602_uart.o
                0x00000000220161ce                UART_TxFreeRun
 .text.UART_AutoBaudDetection
                0x00000000220161f6       0x28 out/BSP_Driver/BL602_BSP_Driver/StdDriver/bl602_uart.o
                0x00000000220161f6                UART_AutoBaudDetection
 .text.UART_IntMask
                0x000000002201621e       0x48 out/BSP_Driver/BL602_BSP_Driver/StdDriver/bl602_uart.o
                0x000000002201621e                UART_IntMask
 .text.UART_IntClear
                0x0000000022016266       0x2e out/BSP_Driver/BL602_BSP_Driver/StdDriver/bl602_uart.o
                0x0000000022016266                UART_IntClear
 .text.UART_Int_Callback_Install
                0x0000000022016294       0x16 out/BSP_Driver/BL602_BSP_Driver/StdDriver/bl602_uart.o
                0x0000000022016294                UART_Int_Callback_Install
 .text.UART_SendData
                0x00000000220162aa       0x50 out/BSP_Driver/BL602_BSP_Driver/StdDriver/bl602_uart.o
                0x00000000220162aa                UART_SendData
 .text.UART_ReceiveData
                0x00000000220162fa       0x4e out/BSP_Driver/BL602_BSP_Driver/StdDriver/bl602_uart.o
                0x00000000220162fa                UART_ReceiveData
 .text.UART_GetAutoBaudCount
                0x0000000022016348       0x18 out/BSP_Driver/BL602_BSP_Driver/StdDriver/bl602_uart.o
                0x0000000022016348                UART_GetAutoBaudCount
 .text.UART_GetIntStatus
                0x0000000022016360       0x2e out/BSP_Driver/BL602_BSP_Driver/StdDriver/bl602_uart.o
                0x0000000022016360                UART_GetIntStatus
 .text.UART_GetTxBusBusyStatus
                0x000000002201638e       0x14 out/BSP_Driver/BL602_BSP_Driver/StdDriver/bl602_uart.o
                0x000000002201638e                UART_GetTxBusBusyStatus
 .text.GLB_Set_UART_CLK
                0x00000000220163a2       0x3e out/BSP_Driver/BL602_BSP_Driver/StdDriver/bl602_glb.o
                0x00000000220163a2                GLB_Set_UART_CLK
 .text.GLB_AHB_Slave1_Reset
                0x00000000220163e0       0x34 out/BSP_Driver/BL602_BSP_Driver/StdDriver/bl602_glb.o
                0x00000000220163e0                GLB_AHB_Slave1_Reset
 .text.GLB_UART_Sig_Swap_Set
                0x0000000022016414       0x1c out/BSP_Driver/BL602_BSP_Driver/StdDriver/bl602_glb.o
                0x0000000022016414                GLB_UART_Sig_Swap_Set
 .text.GLB_Set_MTimer_CLK
                0x0000000022016430       0x4a out/BSP_Driver/BL602_BSP_Driver/StdDriver/bl602_glb.o
                0x0000000022016430                GLB_Set_MTimer_CLK
 .text.GLB_UART_Fun_Sel
                0x000000002201647a       0x24 out/BSP_Driver/BL602_BSP_Driver/StdDriver/bl602_glb.o
                0x000000002201647a                GLB_UART_Fun_Sel
 .text.GLB_GPIO_Read
                0x000000002201649e       0x20 out/BSP_Driver/BL602_BSP_Driver/StdDriver/bl602_glb.o
                0x000000002201649e                GLB_GPIO_Read
 .text.EF_Ctrl_Read_MAC_Address
                0x00000000220164be       0xb6 out/BSP_Driver/BL602_BSP_Driver/StdDriver/bl602_ef_ctrl.o
                0x00000000220164be                EF_Ctrl_Read_MAC_Address
 .text.EF_Ctrl_Program_Direct_R0
                0x0000000022016574       0x38 out/BSP_Driver/BL602_BSP_Driver/StdDriver/bl602_ef_ctrl.o
                0x0000000022016574                EF_Ctrl_Program_Direct_R0
 .text.EF_Ctrl_Read_Direct_R0
                0x00000000220165ac       0x2e out/BSP_Driver/BL602_BSP_Driver/StdDriver/bl602_ef_ctrl.o
                0x00000000220165ac                EF_Ctrl_Read_Direct_R0
 .text.HBN_Set_UART_CLK_Sel
                0x00000000220165da       0x14 out/BSP_Driver/BL602_BSP_Driver/StdDriver/bl602_hbn.o
                0x00000000220165da                HBN_Set_UART_CLK_Sel
 .text.HBN_Set_BOR_Cfg
                0x00000000220165ee       0x5c out/BSP_Driver/BL602_BSP_Driver/StdDriver/bl602_hbn.o
                0x00000000220165ee                HBN_Set_BOR_Cfg
 .text.SEC_TRNG_IRQHandler
                0x000000002201664a       0x26 out/BSP_Driver/BL602_BSP_Driver/StdDriver/bl602_sec_eng.o
                0x000000002201664a                SEC_TRNG_IRQHandler
 .text.SEC_SHA_IRQHandler
                0x0000000022016670       0x22 out/BSP_Driver/BL602_BSP_Driver/StdDriver/bl602_sec_eng.o
                0x0000000022016670                SEC_SHA_IRQHandler
 .text.Sec_Eng_SHA256_Update.part.0
                0x0000000022016692      0x17c out/BSP_Driver/BL602_BSP_Driver/StdDriver/bl602_sec_eng.o
 .text.Sec_Eng_SHA256_Init
                0x000000002201680e       0x60 out/BSP_Driver/BL602_BSP_Driver/StdDriver/bl602_sec_eng.o
                0x000000002201680e                Sec_Eng_SHA256_Init
 .text.Sec_Eng_SHA_Start
                0x000000002201686e       0x12 out/BSP_Driver/BL602_BSP_Driver/StdDriver/bl602_sec_eng.o
                0x000000002201686e                Sec_Eng_SHA_Start
 .text.Sec_Eng_SHA256_Update
                0x0000000022016880        0xe out/BSP_Driver/BL602_BSP_Driver/StdDriver/bl602_sec_eng.o
                0x0000000022016880                Sec_Eng_SHA256_Update
 .text.Sec_Eng_SHA256_Finish
                0x000000002201688e      0x22a out/BSP_Driver/BL602_BSP_Driver/StdDriver/bl602_sec_eng.o
                0x000000002201688e                Sec_Eng_SHA256_Finish
 .text.Sec_Eng_Trng_Enable
                0x0000000022016ab8       0x6a out/BSP_Driver/BL602_BSP_Driver/StdDriver/bl602_sec_eng.o
                0x0000000022016ab8                Sec_Eng_Trng_Enable
 .text.Sec_Eng_Trng_Disable
                0x0000000022016b22       0x14 out/BSP_Driver/BL602_BSP_Driver/StdDriver/bl602_sec_eng.o
                0x0000000022016b22                Sec_Eng_Trng_Disable
 .text.bflb_platform_uart_dbg_init
                0x0000000022016b36       0x8e out/BSP_Driver/BL602_BSP_Driver/platform_print/platform_device.o
                0x0000000022016b36                bflb_platform_uart_dbg_init
 .text.bflb_platform_get_log
                0x0000000022016bc4       0x2c out/BSP_Driver/BL602_BSP_Driver/platform_print/platform_device.o
                0x0000000022016bc4                bflb_platform_get_log
 .text.bflb_platform_usart_dbg_send
                0x0000000022016bf0       0x52 out/BSP_Driver/BL602_BSP_Driver/platform_print/platform_device.o
                0x0000000022016bf0                bflb_platform_usart_dbg_send
 .text.bflb_platform_uart_dbg_deinit
                0x0000000022016c42       0x18 out/BSP_Driver/BL602_BSP_Driver/platform_print/platform_device.o
                0x0000000022016c42                bflb_platform_uart_dbg_deinit
 .text.bflb_platform_printf
                0x0000000022016c5a       0x5a out/BSP_Driver/BL602_BSP_Driver/platform_print/platform_device.o
                0x0000000022016c5a                bflb_platform_printf
 .text.bflb_platform_clear_time
                0x0000000022016cb4       0x12 out/BSP_Driver/BL602_BSP_Driver/platform_print/platform_device.o
                0x0000000022016cb4                bflb_platform_clear_time
 .text.bflb_platform_get_time_ms
                0x0000000022016cc6       0x88 out/BSP_Driver/BL602_BSP_Driver/platform_print/platform_device.o
                0x0000000022016cc6                bflb_platform_get_time_ms
 .text.bflb_platform_init_time
                0x0000000022016d4e       0x2a out/BSP_Driver/BL602_BSP_Driver/platform_print/platform_device.o
                0x0000000022016d4e                bflb_platform_init_time
 .text.bflb_platform_delay_ms
                0x0000000022016d78       0x66 out/BSP_Driver/BL602_BSP_Driver/platform_print/platform_device.o
                0x0000000022016d78                bflb_platform_delay_ms
 .text.bflb_platform_init
                0x0000000022016dde       0x60 out/BSP_Driver/BL602_BSP_Driver/platform_print/platform_device.o
                0x0000000022016dde                bflb_platform_init
 .text.bflb_platform_deinit
                0x0000000022016e3e       0x42 out/BSP_Driver/BL602_BSP_Driver/platform_print/platform_device.o
                0x0000000022016e3e                bflb_platform_deinit
 .text.bflb_platform_init_uart_debug_gpio
                0x0000000022016e80       0x2e out/BSP_Driver/BL602_BSP_Driver/platform_print/platform_gpio.o
                0x0000000022016e80                bflb_platform_init_uart_debug_gpio
 .text.bflb_platform_deinit_uart_debug_gpio
                0x0000000022016eae       0x30 out/BSP_Driver/BL602_BSP_Driver/platform_print/platform_gpio.o
                0x0000000022016eae                bflb_platform_deinit_uart_debug_gpio
 *(.rodata)
 *fill*         0x0000000022016ede        0x2 
 .rodata        0x0000000022016ee0       0x10 out/BSP_Driver/BL602_BSP_Driver/platform_print/platform_device.o
 .rodata        0x0000000022016ef0      0x100 /home/cbpeng/toolchain/riscv64-elf-x86_64-20210120/bin/../lib/gcc/riscv64-unknown-elf/8.4.0/rv32imafc/ilp32f/libgcc.a(_clz.o)
                0x0000000022016ef0                __clz_tab
 *(.rodata.*)
 .rodata.main.str1.4
                0x0000000022016ff0       0xea out/ChipTest/Eflash_Loader/main.o
 *fill*         0x00000000220170da        0x2 
 .rodata.bflb_eflash_loader_cmd_erase_flash.str1.4
                0x00000000220170dc        0x3 out/ChipTest/Eflash_Loader/bflb_eflash_loader_cmds.o
 *fill*         0x00000000220170df        0x1 
 .rodata.bflb_eflash_loader_cmd_flash_boot.str1.4
                0x00000000220170e0        0x4 out/ChipTest/Eflash_Loader/bflb_eflash_loader_cmds.o
 .rodata.bflb_eflash_loader_cmd_flash_chip_erase.str1.4
                0x00000000220170e4        0x4 out/ChipTest/Eflash_Loader/bflb_eflash_loader_cmds.o
                                          0xa (size before relaxing)
 .rodata.bflb_eflash_loader_cmd_readSha_flash.str1.4
                0x00000000220170e8        0x6 out/ChipTest/Eflash_Loader/bflb_eflash_loader_cmds.o
 *fill*         0x00000000220170ee        0x2 
 .rodata.bflb_eflash_loader_cmd_read_efuse.str1.4
                0x00000000220170f0        0x3 out/ChipTest/Eflash_Loader/bflb_eflash_loader_cmds.o
 *fill*         0x00000000220170f3        0x1 
 .rodata.bflb_eflash_loader_cmd_read_jedec_id.str1.4
                0x00000000220170f4        0x5 out/ChipTest/Eflash_Loader/bflb_eflash_loader_cmds.o
 *fill*         0x00000000220170f9        0x3 
 .rodata.bflb_eflash_loader_cmd_read_log.str1.4
                0x00000000220170fc        0x4 out/ChipTest/Eflash_Loader/bflb_eflash_loader_cmds.o
 .rodata.bflb_eflash_loader_cmd_read_mac_addr.str1.4
                0x0000000022017100        0x5 out/ChipTest/Eflash_Loader/bflb_eflash_loader_cmds.o
 *fill*         0x0000000022017105        0x3 
 .rodata.bflb_eflash_loader_cmd_read_mem.str1.4
                0x0000000022017108        0x4 out/ChipTest/Eflash_Loader/bflb_eflash_loader_cmds.o
 .rodata.bflb_eflash_loader_cmd_read_status_register.str1.4
                0x000000002201710c        0x5 out/ChipTest/Eflash_Loader/bflb_eflash_loader_cmds.o
 *fill*         0x0000000022017111        0x3 
 .rodata.bflb_eflash_loader_cmd_reset.str1.4
                0x0000000022017114        0x5 out/ChipTest/Eflash_Loader/bflb_eflash_loader_cmds.o
 *fill*         0x0000000022017119        0x3 
 .rodata.bflb_eflash_loader_cmd_set_flash_para.str1.4
                0x000000002201711c        0x9 out/ChipTest/Eflash_Loader/bflb_eflash_loader_cmds.o
 *fill*         0x0000000022017125        0x3 
 .rodata.bflb_eflash_loader_cmd_write_efuse.str1.4
                0x0000000022017128        0x3 out/ChipTest/Eflash_Loader/bflb_eflash_loader_cmds.o
 *fill*         0x000000002201712b        0x1 
 .rodata.bflb_eflash_loader_cmd_write_flash_check.str1.4
                0x000000002201712c        0x4 out/ChipTest/Eflash_Loader/bflb_eflash_loader_cmds.o
 .rodata.bflb_eflash_loader_cmd_write_flash_with_decompress.str1.4
                0x0000000022017130        0xd out/ChipTest/Eflash_Loader/bflb_eflash_loader_cmds.o
 *fill*         0x000000002201713d        0x3 
 .rodata.bflb_eflash_loader_cmd_write_mem.str1.4
                0x0000000022017140        0x8 out/ChipTest/Eflash_Loader/bflb_eflash_loader_cmds.o
 .rodata.bflb_eflash_loader_cmd_write_status_register.str1.4
                0x0000000022017148        0x5 out/ChipTest/Eflash_Loader/bflb_eflash_loader_cmds.o
 *fill*         0x000000002201714d        0x3 
 .rodata.bflb_eflash_loader_cmd_xip_readSha_flash.str1.4
                0x0000000022017150        0x7 out/ChipTest/Eflash_Loader/bflb_eflash_loader_cmds.o
                                          0xb (size before relaxing)
 *fill*         0x0000000022017157        0x1 
 .rodata.bflb_eflash_loader_cmd_xip_read_flash.str1.4
                0x0000000022017158        0x4 out/ChipTest/Eflash_Loader/bflb_eflash_loader_cmds.o
 .rodata.bflb_eflash_loader_cmd_xip_read_flash_finish.str1.4
                0x000000002201715c        0x6 out/ChipTest/Eflash_Loader/bflb_eflash_loader_cmds.o
 *fill*         0x0000000022017162        0x2 
 .rodata.bflb_eflash_loader_cmd_xip_read_flash_start.str1.4
                0x0000000022017164        0x5 out/ChipTest/Eflash_Loader/bflb_eflash_loader_cmds.o
 *fill*         0x0000000022017169        0x3 
 .rodata.eflash_loader_cmds
                0x000000002201716c       0xb8 out/ChipTest/Eflash_Loader/bflb_eflash_loader_cmds.o
 .rodata.bflb_eflash_loader_main.str1.4
                0x0000000022017224       0x2e out/ChipTest/Eflash_Loader/bflb_eflash_loader_interface.o
 .rodata.eflash_loader_dump_data.str1.4
                0x0000000022017252       0x2e out/ChipTest/Eflash_Loader/bflb_eflash_loader_interface.o
                                          0x2 (size before relaxing)
 *fill*         0x0000000022017252        0x2 
 .rodata.bflb_eflash_loader_jlink_handshake_poll.str1.4
                0x0000000022017254        0x7 out/ChipTest/Eflash_Loader/bflb_eflash_loader_jlink.o
 *fill*         0x000000002201725b        0x1 
 .rodata.bflb_eflash_loader_uart_handshake_poll.str1.4
                0x000000002201725c       0x10 out/ChipTest/Eflash_Loader/bflb_eflash_loader_uart.o
                                         0x14 (size before relaxing)
 .rodata.bflb_eflash_loader_boot_main.str1.4
                0x000000002201726c       0x13 out/ChipTest/Eflash_Loader/bflb_eflash_loader_boot.o
 *fill*         0x000000002201727f        0x1 
 .rodata.bflb_eflash_loader_parse_bootheader.str1.4
                0x0000000022017280       0x2b out/ChipTest/Eflash_Loader/bflb_eflash_loader_boot.o
 *fill*         0x00000000220172ab        0x1 
 .rodata.bflb_eflash_loader_cache_enable.str1.4
                0x00000000220172ac        0xf out/ChipTest/Eflash_Loader/bflb_spi_flash.o
 *fill*         0x00000000220172bb        0x1 
 .rodata.bflb_spi_flash_init.str1.4
                0x00000000220172bc       0x35 out/ChipTest/Eflash_Loader/bflb_spi_flash.o
 *fill*         0x00000000220172f1        0x3 
 .rodata.bflb_spi_flash_xip_read_init.str1.4
                0x00000000220172f4        0xa out/ChipTest/Eflash_Loader/bflb_spi_flash.o
 *fill*         0x00000000220172fe        0x2 
 .rodata.sdu_host_check.str1.4
                0x0000000022017300       0x12 out/ChipTest/Eflash_Loader/sdu.o
 *fill*         0x0000000022017312        0x2 
 .rodata.sdu_send_data.str1.4
                0x0000000022017314       0x13 out/ChipTest/Eflash_Loader/sdu.o
 *fill*         0x0000000022017327        0x1 
 .rodata.lcdigits.1541
                0x0000000022017328       0x11 out/BSP_Common/libc/vsnprintf.o
 *fill*         0x0000000022017339        0x3 
 .rodata.ucdigits.1542
                0x000000002201733c       0x11 out/BSP_Common/libc/vsnprintf.o
 *fill*         0x000000002201734d        0x3 
 .rodata.vsnprintf.str1.4
                0x0000000022017350        0x7 out/BSP_Common/libc/vsnprintf.o
 *fill*         0x0000000022017357        0x1 
 .rodata.crc32Tab
                0x0000000022017358      0x400 out/BSP_Common/soft_crc/softcrc.o
                0x0000000022017358                crc32Tab
 .rodata.xz_dec_run.str1.4
                0x0000000022017758        0xb out/BSP_Common/xz/xz_dec_stream.o
 *fill*         0x0000000022017763        0x1 
 .rodata.simple_free.str1.4
                0x0000000022017764       0x13 out/BSP_Common/xz/xz_port.o
 *fill*         0x0000000022017777        0x1 
 .rodata.simple_malloc.str1.4
                0x0000000022017778       0x13 out/BSP_Common/xz/xz_port.o
 *fill*         0x000000002201778b        0x1 
 .rodata.Interrupt_Handler.str1.4
                0x000000002201778c       0x8a out/BSP_Driver/BL602_BSP_Driver/StdDriver/bl602_common.o
 *fill*         0x0000000022017816        0x2 
 .rodata.Trap_Handler.str1.4
                0x0000000022017818      0x13b out/BSP_Driver/BL602_BSP_Driver/StdDriver/bl602_common.o
 *fill*         0x0000000022017953        0x1 
 .rodata.uartAddr
                0x0000000022017954        0x8 out/BSP_Driver/BL602_BSP_Driver/StdDriver/bl602_uart.o
 .rodata.str1.4
                0x000000002201795c        0x5 out/BSP_Driver/BL602_BSP_Driver/StdDriver/bl602_sf_cfg_ext.o
 *fill*         0x0000000022017961        0x3 
 .rodata.bflb_platform_init.str1.4
                0x0000000022017964       0x14 out/BSP_Driver/BL602_BSP_Driver/platform_print/platform_device.o
                                         0x13 (size before relaxing)
 *(.srodata)
 .srodata       0x0000000022017978        0x4 out/startup/system_bl602.o
 .srodata       0x000000002201797c        0x4 out/BSP_Driver/BL602_BSP_Driver/platform_print/platform_device.o
 *(.srodata.*)
 *(.tcm_code)
 .tcm_code      0x0000000022017980      0x1f2 out/BSP_Driver/BL602_BSP_Driver/StdDriver/bl602_glb.o
                0x0000000022017980                GLB_GPIO_Init
                0x0000000022017ab0                GLB_GPIO_INPUT_Enable
                0x0000000022017ada                GLB_GPIO_INPUT_Disable
                0x0000000022017b04                GLB_GPIO_Set_PullUp
                0x0000000022017b3c                GLB_GPIO_Set_PullDown
 .tcm_code      0x0000000022017b72      0x546 out/BSP_Driver/BL602_BSP_Driver/StdDriver/bl602_romapi.o
                0x0000000022017b72                AON_Power_On_BG
                0x0000000022017b7c                AON_Power_Off_BG
                0x0000000022017b86                AON_Power_On_LDO11_SOC
                0x0000000022017b90                AON_Power_Off_LDO11_SOC
                0x0000000022017b9a                AON_Power_On_LDO15_RF
                0x0000000022017ba4                AON_Power_Off_LDO15_RF
                0x0000000022017bae                AON_Power_On_SFReg
                0x0000000022017bb8                AON_Power_Off_SFReg
                0x0000000022017bc2                AON_LowPower_Enter_PDS0
                0x0000000022017bcc                AON_LowPower_Exit_PDS0
                0x0000000022017bd6                ASM_Delay_Us
                0x0000000022017be0                BL602_Delay_US
                0x0000000022017bea                BL602_Delay_MS
                0x0000000022017bf4                BL602_MemCpy
                0x0000000022017bfe                BL602_MemCpy4
                0x0000000022017c08                BL602_MemCpy_Fast
                0x0000000022017c12                BL602_MemSet
                0x0000000022017c1c                BL602_MemSet4
                0x0000000022017c26                BL602_MemCmp
                0x0000000022017c30                EF_Ctrl_Sw_AHB_Clk_0
                0x0000000022017c3a                EF_Ctrl_Program_Efuse_0
                0x0000000022017c44                EF_Ctrl_Load_Efuse_R0
                0x0000000022017c4e                EF_Ctrl_Busy
                0x0000000022017c58                EF_Ctrl_AutoLoad_Done
                0x0000000022017c62                EF_Ctrl_Clear
                0x0000000022017c6c                GLB_SW_System_Reset
                0x0000000022017c76                GLB_SW_CPU_Reset
                0x0000000022017c80                GLB_SW_POR_Reset
                0x0000000022017c8a                GLB_Select_Internal_Flash
                0x0000000022017c94                GLB_Select_External_Flash
                0x0000000022017c9e                GLB_Deswap_Flash_Pin
                0x0000000022017ca8                GLB_Swap_Flash_Pin
                0x0000000022017cb2                GLB_GPIO_OUTPUT_Enable
                0x0000000022017cbc                GLB_GPIO_OUTPUT_Disable
                0x0000000022017cc6                GLB_GPIO_Set_HZ
                0x0000000022017cd0                GLB_GPIO_Get_Fun
                0x0000000022017cda                HBN_Power_Down_Flash
                0x0000000022017ce4                HBN_Enable
                0x0000000022017cee                HBN_Reset
                0x0000000022017cf8                HBN_Set_Ldo11_Aon_Vout
                0x0000000022017d02                HBN_Set_Ldo11_Rt_Vout
                0x0000000022017d0c                HBN_Set_Ldo11_Soc_Vout
                0x0000000022017d16                HBN_Hw_Pu_Pd_Cfg
                0x0000000022017d20                HBN_Pin_WakeUp_Mask
                0x0000000022017d2a                HBN_GPIO7_Dbg_Pull_Cfg
                0x0000000022017d34                HBN_Set_Embedded_Flash_Pullup
                0x0000000022017d3e                L1C_Set_Wrap
                0x0000000022017d48                L1C_Set_Way_Disable
                0x0000000022017d52                L1C_IROM_2T_Access_Set
                0x0000000022017d5c                PDS_Reset
                0x0000000022017d66                PDS_Enable
                0x0000000022017d70                PDS_Force_Config
                0x0000000022017d7a                PDS_RAM_Config
                0x0000000022017d84                PDS_Default_Level_Config
                0x0000000022017d8e                SEC_Eng_Turn_On_Sec_Ring
                0x0000000022017d98                SEC_Eng_Turn_Off_Sec_Ring
                0x0000000022017da2                SFlash_Init
                0x0000000022017dac                SFlash_SetSPIMode
                0x0000000022017db6                SFlash_Read_Reg
                0x0000000022017dc0                SFlash_Write_Reg
                0x0000000022017dca                SFlash_Busy
                0x0000000022017dd4                SFlash_Write_Enable
                0x0000000022017dde                SFlash_Qspi_Enable
                0x0000000022017de8                SFlash_Volatile_Reg_Write_Enable
                0x0000000022017df2                SFlash_Chip_Erase
                0x0000000022017dfc                SFlash_Sector_Erase
                0x0000000022017e06                SFlash_Blk32_Erase
                0x0000000022017e10                SFlash_Blk64_Erase
                0x0000000022017e1a                SFlash_Erase
                0x0000000022017e24                SFlash_Program
                0x0000000022017e2e                SFlash_GetUniqueId
                0x0000000022017e38                SFlash_GetJedecId
                0x0000000022017e42                SFlash_GetDeviceId
                0x0000000022017e4c                SFlash_Powerdown
                0x0000000022017e56                SFlash_Releae_Powerdown
                0x0000000022017e60                SFlash_SetBurstWrap
                0x0000000022017e6a                SFlash_DisableBurstWrap
                0x0000000022017e74                SFlash_Software_Reset
                0x0000000022017e7e                SFlash_Reset_Continue_Read
                0x0000000022017e88                SFlash_Set_IDbus_Cfg
                0x0000000022017e92                SFlash_IDbus_Read_Enable
                0x0000000022017e9c                SFlash_Cache_Enable_Set
                0x0000000022017ea6                SFlash_Cache_Flush
                0x0000000022017eb0                SFlash_Cache_Read_Enable
                0x0000000022017eba                SFlash_Cache_Hit_Count_Get
                0x0000000022017ec4                SFlash_Cache_Miss_Count_Get
                0x0000000022017ece                SFlash_Cache_Read_Disable
                0x0000000022017ed8                SFlash_Read
                0x0000000022017ee2                SFlash_Read_Reg_With_Cmd
                0x0000000022017eec                SFlash_Write_Reg_With_Cmd
                0x0000000022017ef6                SF_Cfg_Init_Ext_Flash_Gpio
                0x0000000022017f00                SF_Cfg_Init_Internal_Flash_Gpio
                0x0000000022017f0a                SF_Cfg_Deinit_Ext_Flash_Gpio
                0x0000000022017f14                SF_Cfg_Restore_GPIO17_Fun
                0x0000000022017f1e                SF_Cfg_Get_Flash_Cfg_Need_Lock
                0x0000000022017f28                SF_Cfg_Init_Flash_Gpio
                0x0000000022017f32                SF_Cfg_Flash_Identify
                0x0000000022017f3c                SF_Ctrl_Enable
                0x0000000022017f46                SF_Ctrl_Select_Pad
                0x0000000022017f50                SF_Ctrl_Set_Owner
                0x0000000022017f5a                SF_Ctrl_Disable
                0x0000000022017f64                SF_Ctrl_AES_Enable_BE
                0x0000000022017f6e                SF_Ctrl_AES_Enable_LE
                0x0000000022017f78                SF_Ctrl_AES_Set_Region
                0x0000000022017f82                SF_Ctrl_AES_Set_Key
                0x0000000022017f8c                SF_Ctrl_AES_Set_Key_BE
                0x0000000022017f96                SF_Ctrl_AES_Set_IV
                0x0000000022017fa0                SF_Ctrl_AES_Set_IV_BE
                0x0000000022017faa                SF_Ctrl_AES_Enable
                0x0000000022017fb4                SF_Ctrl_AES_Disable
                0x0000000022017fbe                SF_Ctrl_Set_Flash_Image_Offset
                0x0000000022017fc8                SF_Ctrl_Get_Flash_Image_Offset
                0x0000000022017fd2                SF_Ctrl_Select_Clock
                0x0000000022017fdc                SF_Ctrl_SendCmd
                0x0000000022017fe6                SF_Ctrl_Icache_Set
                0x0000000022017ff0                SF_Ctrl_Icache2_Set
                0x0000000022017ffa                SF_Ctrl_GetBusyState
                0x0000000022018004                SF_Ctrl_Is_AES_Enable
                0x000000002201800e                SF_Ctrl_Get_Clock_Delay
                0x0000000022018018                SF_Ctrl_Set_Clock_Delay
                0x0000000022018022                XIP_SFlash_State_Save
                0x000000002201802c                XIP_SFlash_State_Restore
                0x0000000022018036                XIP_SFlash_Erase_Need_Lock
                0x0000000022018040                XIP_SFlash_Write_Need_Lock
                0x000000002201804a                XIP_SFlash_Read_Need_Lock
                0x0000000022018054                XIP_SFlash_GetJedecId_Need_Lock
                0x000000002201805e                XIP_SFlash_GetDeviceId_Need_Lock
                0x0000000022018068                XIP_SFlash_GetUniqueId_Need_Lock
                0x0000000022018072                XIP_SFlash_Read_Via_Cache_Need_Lock
                0x000000002201807c                XIP_SFlash_Read_With_Lock
                0x0000000022018086                XIP_SFlash_Write_With_Lock
                0x0000000022018090                XIP_SFlash_Erase_With_Lock
                0x000000002201809a                XIP_SFlash_Opt_Enter
                0x00000000220180a4                XIP_SFlash_Opt_Exit
                0x00000000220180ae                BFLB_Soft_CRC32
 .tcm_code      0x00000000220180b8      0x5ac out/BSP_Driver/BL602_BSP_Driver/StdDriver/bl602_sflash_ext.o
                0x00000000220180b8                SFlash_Restore_From_Powerdown
                0x0000000022018164                SFlash_RCV_Enable
                0x000000002201822e                SFlash_Erase_Security_Register
                0x000000002201833c                SFlash_Program_Security_Register
                0x00000000220184d8                SFlash_Read_Security_Register
 .tcm_code      0x0000000022018664      0x152 out/BSP_Driver/BL602_BSP_Driver/StdDriver/bl602_sf_cfg_ext.o
                0x0000000022018664                SF_Cfg_Get_Flash_Cfg_Need_Lock_Ext
                0x000000002201872c                SF_Cfg_Flash_Identify_Ext
 *(.tcm_const)
 *fill*         0x00000000220187b6        0x2 
 .tcm_const     0x00000000220187b8      0x1bc out/BSP_Driver/BL602_BSP_Driver/StdDriver/bl602_sf_cfg_ext.o
 *(.sclock_rlt_code)
 .sclock_rlt_code
                0x0000000022018974      0x140 out/BSP_Driver/BL602_BSP_Driver/StdDriver/bl602_romapi.o
                0x0000000022018974                AON_Power_On_MBG
                0x000000002201897e                AON_Power_Off_MBG
                0x0000000022018988                AON_Power_On_XTAL
                0x0000000022018992                AON_Set_Xtal_CapCode
                0x000000002201899c                AON_Get_Xtal_CapCode
                0x00000000220189a6                AON_Power_Off_XTAL
                0x00000000220189b0                EF_Ctrl_Get_Trim_Parity
                0x00000000220189ba                EF_Ctrl_Read_RC32M_Trim
                0x00000000220189c4                EF_Ctrl_Read_RC32K_Trim
                0x00000000220189ce                GLB_Get_Root_CLK_Sel
                0x00000000220189d8                GLB_Set_System_CLK_Div
                0x00000000220189e2                GLB_Get_BCLK_Div
                0x00000000220189ec                GLB_Get_HCLK_Div
                0x00000000220189f6                Update_SystemCoreClockWith_XTAL
                0x0000000022018a00                GLB_Set_System_CLK
                0x0000000022018a0a                System_Core_Clock_Update_From_RC32M
                0x0000000022018a14                GLB_Set_SF_CLK
                0x0000000022018a1e                GLB_Set_PKA_CLK_Sel
                0x0000000022018a28                HBN_32K_Sel
                0x0000000022018a32                HBN_Set_ROOT_CLK_Sel
                0x0000000022018a3c                HBN_Power_On_Xtal_32K
                0x0000000022018a46                HBN_Power_Off_Xtal_32K
                0x0000000022018a50                HBN_Trim_RC32K
                0x0000000022018a5a                PDS_Trim_RC32M
                0x0000000022018a64                PDS_Select_RC32M_As_PLL_Ref
                0x0000000022018a6e                PDS_Select_XTAL_As_PLL_Ref
                0x0000000022018a78                PDS_Power_On_PLL
                0x0000000022018a82                PDS_Enable_PLL_All_Clks
                0x0000000022018a8c                PDS_Disable_PLL_All_Clks
                0x0000000022018a96                PDS_Enable_PLL_Clk
                0x0000000022018aa0                PDS_Disable_PLL_Clk
                0x0000000022018aaa                PDS_Power_Off_PLL
 *(.sclock_rlt_const)
                0x0000000022018ab4                . = ALIGN (0x4)
                0x0000000022018ab4                __text_code_end__ = .

.rela.dyn       0x0000000022018ab4        0x0
 .rela.text.start_load
                0x0000000022018ab4        0x0 out/ChipTest/Eflash_Loader/main.o
 .rela.init     0x0000000022018ab4        0x0 out/ChipTest/Eflash_Loader/main.o
 .rela.text.metal.init.enter
                0x0000000022018ab4        0x0 out/ChipTest/Eflash_Loader/main.o
 .rela.text.bflb_platform_uart_dbg_init
                0x0000000022018ab4        0x0 out/ChipTest/Eflash_Loader/main.o
 .rela.text.bflb_platform_uart_dbg_deinit
                0x0000000022018ab4        0x0 out/ChipTest/Eflash_Loader/main.o
                0x0000000022018ab4                . = ALIGN (0x4)
                0x0000000022018ab4                __itcm_load_addr = .

.itcm_region    0x0000000022018ab4        0x0
                0x0000000022018ab4                . = ALIGN (0x4)
                0x0000000022018ab4                __tcm_code_start__ = .
                0x0000000022018ab4                . = ALIGN (0x4)
                0x0000000022018ab4                __tcm_code_end__ = .
                0x0000000022018ab4                __dtcm_load_addr = (__itcm_load_addr + SIZEOF (.itcm_region))

.dtcm_region    0x000000004201c000        0x0 load address 0x0000000022018ab4
                0x000000004201c000                . = ALIGN (0x4)
                0x000000004201c000                __tcm_data_start__ = .
 *(.tcm_data)
                0x000000004201c000                . = ALIGN (0x4)
                0x000000004201c000                __tcm_data_end__ = .

.stack_dummy    0x000000004201c000      0x400
                0x000000004201c000                . = ALIGN (0x4)
                0x000000004201c400                . = (. + StackSize)
 *fill*         0x000000004201c000      0x400 
                0x000000004201c400                . = ALIGN (0x4)
                0x0000000042020000                __StackTop = (ORIGIN (dtcm_memory) + LENGTH (dtcm_memory))
                0x000000004201fc00                __StackLimit = (__StackTop - SIZEOF (.stack_dummy))
                0x0000000000000001                ASSERT ((__StackLimit >= __tcm_data_end__), region RAM overflowed with stack)
                0x0000000022018ab4                __system_ram_load_addr = (__dtcm_load_addr + SIZEOF (.dtcm_region))

.system_ram_data_region
                0x0000000042020000        0x0 load address 0x0000000022018ab4
                0x0000000042020000                . = ALIGN (0x4)
                0x0000000042020000                __system_ram_data_start__ = .
                0x0000000042020000                . = ALIGN (0x4)
                0x0000000042020000                __system_ram_data_end__ = .
                0x0000000022018ab4                __ram_load_addr = (__system_ram_load_addr + SIZEOF (.system_ram_data_region))

RAM_DATA        0x0000000042020000       0xec load address 0x0000000022018ab4
                0x0000000042020000                . = ALIGN (0x4)
                0x0000000042020000                __ram_data_start__ = .
                0x0000000042020800                PROVIDE (__global_pointer$ = (. + 0x800))
 *(.data)
 *(.data.*)
 .data.flashCfg_Gd_Q80E_Q16E
                0x0000000042020000       0x54 out/ChipTest/Eflash_Loader/main.o
 .data.uart_if_cfg
                0x0000000042020054       0x10 out/ChipTest/Eflash_Loader/bflb_eflash_loader_uart.o
 .data.boot_cpu_cfg
                0x0000000042020064       0x24 out/ChipTest/Eflash_Loader/bflb_eflash_loader_boot.o
                0x0000000042020064                boot_cpu_cfg
 .data.flashCfg_Gd_Q80E_Q16E
                0x0000000042020088       0x54 out/ChipTest/Eflash_Loader/bflb_spi_flash.o
 *(.sdata)
 *(.sdata.*)
 .sdata.xtalType
                0x00000000420200dc        0x1 out/ChipTest/Eflash_Loader/main.o
                0x00000000420200dc                xtalType
 *fill*         0x00000000420200dd        0x3 
 .sdata.xtal_clk
                0x00000000420200e0        0x4 out/ChipTest/Eflash_Loader/main.o
                0x00000000420200e0                xtal_clk
 .sdata.uart_if_fifocfg
                0x00000000420200e4        0x4 out/ChipTest/Eflash_Loader/bflb_eflash_loader_uart.o
 .sdata.SdioFuncReg
                0x00000000420200e8        0x4 out/BSP_Driver/BL602_BSP_Driver/StdDriver/bl602_sdu.o
                0x00000000420200e8                SdioFuncReg
 *(.sdata2)
 *(.sdata2.*)
                0x00000000420200ec                . = ALIGN (0x4)
                0x00000000420200ec                __ram_data_end__ = .

.bss            0x00000000420200ec     0xdbdc load address 0x0000000022018ba0
                0x00000000420200ec                . = ALIGN (0x4)
                0x00000000420200ec                __bss_start__ = .
 *(.bss*)
 .bss.eflash_loader_cmd_ack_buf
                0x00000000420200ec       0x40 out/ChipTest/Eflash_Loader/main.o
                0x00000000420200ec                eflash_loader_cmd_ack_buf
 .bss.eflash_loader_readbuf
                0x000000004202012c     0x8010 out/ChipTest/Eflash_Loader/main.o
                0x000000004202012c                eflash_loader_readbuf
 .bss.b.9351    0x000000004202813c       0x18 out/ChipTest/Eflash_Loader/bflb_eflash_loader_cmds.o
 .bss.eflash_loader_if_cfg
                0x0000000042028154       0x24 out/ChipTest/Eflash_Loader/bflb_eflash_loader_interface.o
 .bss.image_cfg
                0x0000000042028178       0x2c out/ChipTest/Eflash_Loader/bflb_eflash_loader_boot.o
                0x0000000042028178                image_cfg
 .bss.otp_cfg   0x00000000420281a4       0x30 out/ChipTest/Eflash_Loader/bflb_eflash_loader_boot.o
                0x00000000420281a4                otp_cfg
 .bss.__Interrupt_Handlers
                0x00000000420281d4      0x140 out/BSP_Driver/BL602_BSP_Driver/StdDriver/bl602_common.o
                0x00000000420281d4                __Interrupt_Handlers
 .bss.uartIntCbfArra
                0x0000000042028314       0x40 out/BSP_Driver/BL602_BSP_Driver/StdDriver/bl602_uart.o
 .bss.secEngIntCbfArra
                0x0000000042028354       0x18 out/BSP_Driver/BL602_BSP_Driver/StdDriver/bl602_sec_eng.o
 .bss.print_buf.8849
                0x000000004202836c       0x80 out/BSP_Driver/BL602_BSP_Driver/platform_print/platform_device.o
 *(.sbss*)
 .sbss.bootMode
                0x00000000420283ec        0x1 out/ChipTest/Eflash_Loader/main.o
                0x00000000420283ec                bootMode
 *fill*         0x00000000420283ed        0x3 
 .sbss.jid      0x00000000420283f0        0x4 out/ChipTest/Eflash_Loader/main.o
                0x00000000420283f0                jid
 .sbss.rx_buf_index
                0x00000000420283f4        0x4 out/ChipTest/Eflash_Loader/main.o
                0x00000000420283f4                rx_buf_index
 .sbss.rx_buf_len
                0x00000000420283f8        0x4 out/ChipTest/Eflash_Loader/main.o
                0x00000000420283f8                rx_buf_len
 .sbss.eflash_loader_error
                0x00000000420283fc        0x4 out/ChipTest/Eflash_Loader/bflb_eflash_loader_cmds.o
 .sbss.s.9352   0x0000000042028400        0x4 out/ChipTest/Eflash_Loader/bflb_eflash_loader_cmds.o
 .sbss.startaddr.9349
                0x0000000042028404        0x4 out/ChipTest/Eflash_Loader/bflb_eflash_loader_cmds.o
 .sbss.eflash_loader_if
                0x0000000042028408        0x4 out/ChipTest/Eflash_Loader/bflb_eflash_loader_interface.o
                0x0000000042028408                eflash_loader_if
 .sbss.abr_gpio_sel
                0x000000004202840c        0x1 out/ChipTest/Eflash_Loader/bflb_eflash_loader_uart.o
 *fill*         0x000000004202840d        0x3 
 .sbss.detected_baudrate
                0x0000000042028410        0x4 out/ChipTest/Eflash_Loader/bflb_eflash_loader_uart.o
 .sbss.clk_locked.9085
                0x0000000042028414        0x1 out/ChipTest/Eflash_Loader/bflb_eflash_loader_boot.o
 *fill*         0x0000000042028415        0x3 
 .sbss.bflb_eflash_loader_flash_id_valid_flag
                0x0000000042028418        0x4 out/ChipTest/Eflash_Loader/bflb_spi_flash.o
 .sbss.curr_dnld_port.9000
                0x000000004202841c        0x1 out/ChipTest/Eflash_Loader/sdu.o
 .sbss.curr_upld_port.9017
                0x000000004202841d        0x1 out/ChipTest/Eflash_Loader/sdu.o
 *fill*         0x000000004202841e        0x2 
 .sbss.sdu_rx_buf_attached
                0x0000000042028420        0x2 out/ChipTest/Eflash_Loader/sdu.o
 *fill*         0x0000000042028422        0x2 
 .sbss.bufsize  0x0000000042028424        0x4 out/BSP_Common/xz/xz_port.o
 .sbss.mallocBuf
                0x0000000042028428        0x4 out/BSP_Common/xz/xz_port.o
 .sbss.malloced
                0x000000004202842c        0x4 out/BSP_Common/xz/xz_port.o
 .sbss.flag_mport
                0x0000000042028430        0x1 out/BSP_Driver/BL602_BSP_Driver/StdDriver/bl602_sdu.o
                0x0000000042028430                flag_mport
 *fill*         0x0000000042028431        0x3 
 .sbss.init_flag
                0x0000000042028434        0x4 out/BSP_Driver/BL602_BSP_Driver/platform_print/platform_device.o
 .sbss.log_len  0x0000000042028438        0x4 out/BSP_Driver/BL602_BSP_Driver/platform_print/platform_device.o
 .sbss.uart_dbg_disable
                0x000000004202843c        0x1 out/BSP_Driver/BL602_BSP_Driver/platform_print/platform_device.o
 *(COMMON)
 *(.system_ram)
 *fill*         0x000000004202843d        0x3 
 .system_ram    0x0000000042028440     0x4888 out/ChipTest/Eflash_Loader/bflb_eflash_loader_cmds.o
                0x0000000042028440                padding
                0x0000000042028480                shaTmpBuf
                0x00000000420284c0                checkBuf
                0x0000000042028cc0                ShaInbuf
 .system_ram    0x000000004202ccc8     0x1000 out/BSP_Driver/BL602_BSP_Driver/platform_print/platform_device.o
                0x000000004202dcc8                . = ALIGN (0x4)
                0x000000004202dcc8                __bss_end__ = .

.noinit_data    0x000000004202dcc8        0x0
                0x000000004202dcc8                . = ALIGN (0x4)
                0x000000004202dcc8                __noinit_data_start__ = .
 *(.noinit_data*)
                0x000000004202dcc8                . = ALIGN (0x4)
                0x000000004202dcc8                __noinit_data_end__ = .

.heap           0x000000004202dcc8        0x0
                0x000000004202dcc8                . = ALIGN (0x4)
                0x000000004202dcc8                __HeapBase = .
 *(.heap*)
                0x000000004202dcc8                . = ALIGN (0x4)
                0x000000004202dcc8                __HeapLimit = .
OUTPUT(out/ChipTest/Eflash_Loader/chiptest_eflash_loader.elf elf32-littleriscv)

.debug_info     0x0000000000000000    0x23fad
 .debug_info    0x0000000000000000      0xbb3 out/ChipTest/Eflash_Loader/main.o
 .debug_info    0x0000000000000bb3     0x25d2 out/ChipTest/Eflash_Loader/bflb_eflash_loader_cmds.o
 .debug_info    0x0000000000003185      0x78c out/ChipTest/Eflash_Loader/bflb_eflash_loader_gpio.o
 .debug_info    0x0000000000003911      0xd04 out/ChipTest/Eflash_Loader/bflb_eflash_loader_interface.o
 .debug_info    0x0000000000004615      0x6b7 out/ChipTest/Eflash_Loader/bflb_eflash_loader_jlink.o
 .debug_info    0x0000000000004ccc     0x13da out/ChipTest/Eflash_Loader/bflb_eflash_loader_uart.o
 .debug_info    0x00000000000060a6      0x8c7 out/ChipTest/Eflash_Loader/bflb_eflash_loader_sdio.o
 .debug_info    0x000000000000696d     0x1785 out/ChipTest/Eflash_Loader/bflb_eflash_loader_boot.o
 .debug_info    0x00000000000080f2     0x1c11 out/ChipTest/Eflash_Loader/bflb_spi_flash.o
 .debug_info    0x0000000000009d03      0x1fc out/ChipTest/Eflash_Loader/bflb_efuse.o
 .debug_info    0x0000000000009eff      0x143 out/ChipTest/Eflash_Loader/bflb_eflash_loader_cfg.o
 .debug_info    0x000000000000a042      0x2b7 out/ChipTest/Eflash_Loader/bflb_set_clock.o
 .debug_info    0x000000000000a2f9      0x8de out/ChipTest/Eflash_Loader/sdu.o
 .debug_info    0x000000000000abd7       0xf7 out/BSP_Common/libc/memcpy.o
 .debug_info    0x000000000000acce       0xd7 out/BSP_Common/libc/memset.o
 .debug_info    0x000000000000ada5       0xf8 out/BSP_Common/libc/memcmp.o
 .debug_info    0x000000000000ae9d      0x525 out/BSP_Common/libc/vsnprintf.o
 .debug_info    0x000000000000b3c2       0xbf out/BSP_Common/libc/strlen.o
 .debug_info    0x000000000000b481      0x1dd out/BSP_Common/soft_crc/softcrc.o
 .debug_info    0x000000000000b65e      0x11b out/BSP_Common/xz/xz_crc32.o
 .debug_info    0x000000000000b779     0x1b15 out/BSP_Common/xz/xz_dec_lzma2.o
 .debug_info    0x000000000000d28e      0xcde out/BSP_Common/xz/xz_dec_stream.o
 .debug_info    0x000000000000df6c      0x18b out/BSP_Common/xz/xz_port.o
 .debug_info    0x000000000000e0f7      0x3da out/startup/system_bl602.o
 .debug_info    0x000000000000e4d1      0x1cb out/startup/GCC/start_load.o
 .debug_info    0x000000000000e69c      0x24e out/startup/interrupt.o
 .debug_info    0x000000000000e8ea       0x22 out/startup/GCC/entry.o
 .debug_info    0x000000000000e90c      0x577 out/BSP_Driver/BL602_BSP_Driver/StdDriver/bl602_common.o
 .debug_info    0x000000000000ee83     0x1481 out/BSP_Driver/BL602_BSP_Driver/StdDriver/bl602_uart.o
 .debug_info    0x0000000000010304     0x1c3d out/BSP_Driver/BL602_BSP_Driver/StdDriver/bl602_glb.o
 .debug_info    0x0000000000011f41     0x1a16 out/BSP_Driver/BL602_BSP_Driver/StdDriver/bl602_ef_ctrl.o
 .debug_info    0x0000000000013957     0x1f9f out/BSP_Driver/BL602_BSP_Driver/StdDriver/bl602_hbn.o
 .debug_info    0x00000000000158f6     0x49e0 out/BSP_Driver/BL602_BSP_Driver/StdDriver/bl602_sec_eng.o
 .debug_info    0x000000000001a2d6      0x41c out/BSP_Driver/BL602_BSP_Driver/StdDriver/bl602_sdu.o
 .debug_info    0x000000000001a6f2     0x3b0d out/BSP_Driver/BL602_BSP_Driver/StdDriver/bl602_romapi.o
 .debug_info    0x000000000001e1ff     0x104b out/BSP_Driver/BL602_BSP_Driver/StdDriver/bl602_sflash_ext.o
 .debug_info    0x000000000001f24a      0x870 out/BSP_Driver/BL602_BSP_Driver/StdDriver/bl602_sf_cfg_ext.o
 .debug_info    0x000000000001faba     0x110b out/BSP_Driver/BL602_BSP_Driver/platform_print/platform_device.o
 .debug_info    0x0000000000020bc5      0x303 out/BSP_Driver/BL602_BSP_Driver/platform_print/platform_gpio.o
 .debug_info    0x0000000000020ec8     0x1276 /home/cbpeng/toolchain/riscv64-elf-x86_64-20210120/bin/../lib/gcc/riscv64-unknown-elf/8.4.0/rv32imafc/ilp32f/libgcc.a(_udivdi3.o)
 .debug_info    0x000000000002213e     0x12d4 /home/cbpeng/toolchain/riscv64-elf-x86_64-20210120/bin/../lib/gcc/riscv64-unknown-elf/8.4.0/rv32imafc/ilp32f/libgcc.a(_umoddi3.o)
 .debug_info    0x0000000000023412      0xb9b /home/cbpeng/toolchain/riscv64-elf-x86_64-20210120/bin/../lib/gcc/riscv64-unknown-elf/8.4.0/rv32imafc/ilp32f/libgcc.a(_clz.o)

.debug_abbrev   0x0000000000000000     0x585d
 .debug_abbrev  0x0000000000000000      0x1ea out/ChipTest/Eflash_Loader/main.o
 .debug_abbrev  0x00000000000001ea      0x4fc out/ChipTest/Eflash_Loader/bflb_eflash_loader_cmds.o
 .debug_abbrev  0x00000000000006e6      0x27d out/ChipTest/Eflash_Loader/bflb_eflash_loader_gpio.o
 .debug_abbrev  0x0000000000000963      0x2de out/ChipTest/Eflash_Loader/bflb_eflash_loader_interface.o
 .debug_abbrev  0x0000000000000c41      0x20c out/ChipTest/Eflash_Loader/bflb_eflash_loader_jlink.o
 .debug_abbrev  0x0000000000000e4d      0x3aa out/ChipTest/Eflash_Loader/bflb_eflash_loader_uart.o
 .debug_abbrev  0x00000000000011f7      0x1a8 out/ChipTest/Eflash_Loader/bflb_eflash_loader_sdio.o
 .debug_abbrev  0x000000000000139f      0x48d out/ChipTest/Eflash_Loader/bflb_eflash_loader_boot.o
 .debug_abbrev  0x000000000000182c      0x426 out/ChipTest/Eflash_Loader/bflb_spi_flash.o
 .debug_abbrev  0x0000000000001c52      0x10b out/ChipTest/Eflash_Loader/bflb_efuse.o
 .debug_abbrev  0x0000000000001d5d       0xb0 out/ChipTest/Eflash_Loader/bflb_eflash_loader_cfg.o
 .debug_abbrev  0x0000000000001e0d      0x11a out/ChipTest/Eflash_Loader/bflb_set_clock.o
 .debug_abbrev  0x0000000000001f27      0x21c out/ChipTest/Eflash_Loader/sdu.o
 .debug_abbrev  0x0000000000002143       0xba out/BSP_Common/libc/memcpy.o
 .debug_abbrev  0x00000000000021fd       0x9d out/BSP_Common/libc/memset.o
 .debug_abbrev  0x000000000000229a       0xa2 out/BSP_Common/libc/memcmp.o
 .debug_abbrev  0x000000000000233c      0x1f4 out/BSP_Common/libc/vsnprintf.o
 .debug_abbrev  0x0000000000002530       0x8c out/BSP_Common/libc/strlen.o
 .debug_abbrev  0x00000000000025bc      0x109 out/BSP_Common/soft_crc/softcrc.o
 .debug_abbrev  0x00000000000026c5       0xcb out/BSP_Common/xz/xz_crc32.o
 .debug_abbrev  0x0000000000002790      0x3a0 out/BSP_Common/xz/xz_dec_lzma2.o
 .debug_abbrev  0x0000000000002b30      0x36c out/BSP_Common/xz/xz_dec_stream.o
 .debug_abbrev  0x0000000000002e9c      0x111 out/BSP_Common/xz/xz_port.o
 .debug_abbrev  0x0000000000002fad      0x199 out/startup/system_bl602.o
 .debug_abbrev  0x0000000000003146       0x94 out/startup/GCC/start_load.o
 .debug_abbrev  0x00000000000031da      0x130 out/startup/interrupt.o
 .debug_abbrev  0x000000000000330a       0x12 out/startup/GCC/entry.o
 .debug_abbrev  0x000000000000331c      0x191 out/BSP_Driver/BL602_BSP_Driver/StdDriver/bl602_common.o
 .debug_abbrev  0x00000000000034ad      0x2ba out/BSP_Driver/BL602_BSP_Driver/StdDriver/bl602_uart.o
 .debug_abbrev  0x0000000000003767      0x2af out/BSP_Driver/BL602_BSP_Driver/StdDriver/bl602_glb.o
 .debug_abbrev  0x0000000000003a16      0x2fa out/BSP_Driver/BL602_BSP_Driver/StdDriver/bl602_ef_ctrl.o
 .debug_abbrev  0x0000000000003d10      0x38b out/BSP_Driver/BL602_BSP_Driver/StdDriver/bl602_hbn.o
 .debug_abbrev  0x000000000000409b      0x473 out/BSP_Driver/BL602_BSP_Driver/StdDriver/bl602_sec_eng.o
 .debug_abbrev  0x000000000000450e      0x14d out/BSP_Driver/BL602_BSP_Driver/StdDriver/bl602_sdu.o
 .debug_abbrev  0x000000000000465b      0x2ab out/BSP_Driver/BL602_BSP_Driver/StdDriver/bl602_romapi.o
 .debug_abbrev  0x0000000000004906      0x202 out/BSP_Driver/BL602_BSP_Driver/StdDriver/bl602_sflash_ext.o
 .debug_abbrev  0x0000000000004b08      0x179 out/BSP_Driver/BL602_BSP_Driver/StdDriver/bl602_sf_cfg_ext.o
 .debug_abbrev  0x0000000000004c81      0x336 out/BSP_Driver/BL602_BSP_Driver/platform_print/platform_device.o
 .debug_abbrev  0x0000000000004fb7       0xef out/BSP_Driver/BL602_BSP_Driver/platform_print/platform_gpio.o
 .debug_abbrev  0x00000000000050a6      0x2d5 /home/cbpeng/toolchain/riscv64-elf-x86_64-20210120/bin/../lib/gcc/riscv64-unknown-elf/8.4.0/rv32imafc/ilp32f/libgcc.a(_udivdi3.o)
 .debug_abbrev  0x000000000000537b      0x2f1 /home/cbpeng/toolchain/riscv64-elf-x86_64-20210120/bin/../lib/gcc/riscv64-unknown-elf/8.4.0/rv32imafc/ilp32f/libgcc.a(_umoddi3.o)
 .debug_abbrev  0x000000000000566c      0x1f1 /home/cbpeng/toolchain/riscv64-elf-x86_64-20210120/bin/../lib/gcc/riscv64-unknown-elf/8.4.0/rv32imafc/ilp32f/libgcc.a(_clz.o)

.debug_aranges  0x0000000000000000     0x17e8
 .debug_aranges
                0x0000000000000000       0x20 out/ChipTest/Eflash_Loader/main.o
 .debug_aranges
                0x0000000000000020       0xf0 out/ChipTest/Eflash_Loader/bflb_eflash_loader_cmds.o
 .debug_aranges
                0x0000000000000110       0x60 out/ChipTest/Eflash_Loader/bflb_eflash_loader_gpio.o
 .debug_aranges
                0x0000000000000170       0x78 out/ChipTest/Eflash_Loader/bflb_eflash_loader_interface.o
 .debug_aranges
                0x00000000000001e8       0x50 out/ChipTest/Eflash_Loader/bflb_eflash_loader_jlink.o
 .debug_aranges
                0x0000000000000238       0x68 out/ChipTest/Eflash_Loader/bflb_eflash_loader_uart.o
 .debug_aranges
                0x00000000000002a0       0x48 out/ChipTest/Eflash_Loader/bflb_eflash_loader_sdio.o
 .debug_aranges
                0x00000000000002e8       0x58 out/ChipTest/Eflash_Loader/bflb_eflash_loader_boot.o
 .debug_aranges
                0x0000000000000340       0xd0 out/ChipTest/Eflash_Loader/bflb_spi_flash.o
 .debug_aranges
                0x0000000000000410       0x28 out/ChipTest/Eflash_Loader/bflb_efuse.o
 .debug_aranges
                0x0000000000000438       0x38 out/ChipTest/Eflash_Loader/bflb_eflash_loader_cfg.o
 .debug_aranges
                0x0000000000000470       0x40 out/ChipTest/Eflash_Loader/bflb_set_clock.o
 .debug_aranges
                0x00000000000004b0       0x40 out/ChipTest/Eflash_Loader/sdu.o
 .debug_aranges
                0x00000000000004f0       0x20 out/BSP_Common/libc/memcpy.o
 .debug_aranges
                0x0000000000000510       0x20 out/BSP_Common/libc/memset.o
 .debug_aranges
                0x0000000000000530       0x20 out/BSP_Common/libc/memcmp.o
 .debug_aranges
                0x0000000000000550       0x20 out/BSP_Common/libc/vsnprintf.o
 .debug_aranges
                0x0000000000000570       0x20 out/BSP_Common/libc/strlen.o
 .debug_aranges
                0x0000000000000590       0x28 out/BSP_Common/soft_crc/softcrc.o
 .debug_aranges
                0x00000000000005b8       0x28 out/BSP_Common/xz/xz_crc32.o
 .debug_aranges
                0x00000000000005e0       0x50 out/BSP_Common/xz/xz_dec_lzma2.o
 .debug_aranges
                0x0000000000000630       0x50 out/BSP_Common/xz/xz_dec_stream.o
 .debug_aranges
                0x0000000000000680       0x30 out/BSP_Common/xz/xz_port.o
 .debug_aranges
                0x00000000000006b0       0x30 out/startup/system_bl602.o
 .debug_aranges
                0x00000000000006e0       0x20 out/startup/GCC/start_load.o
 .debug_aranges
                0x0000000000000700       0x68 out/startup/interrupt.o
 .debug_aranges
                0x0000000000000768       0x30 out/startup/GCC/entry.o
 .debug_aranges
                0x0000000000000798       0x38 out/BSP_Driver/BL602_BSP_Driver/StdDriver/bl602_common.o
 .debug_aranges
                0x00000000000007d0      0x128 out/BSP_Driver/BL602_BSP_Driver/StdDriver/bl602_uart.o
 .debug_aranges
                0x00000000000008f8      0x218 out/BSP_Driver/BL602_BSP_Driver/StdDriver/bl602_glb.o
 .debug_aranges
                0x0000000000000b10      0x178 out/BSP_Driver/BL602_BSP_Driver/StdDriver/bl602_ef_ctrl.o
 .debug_aranges
                0x0000000000000c88      0x1b0 out/BSP_Driver/BL602_BSP_Driver/StdDriver/bl602_hbn.o
 .debug_aranges
                0x0000000000000e38      0x280 out/BSP_Driver/BL602_BSP_Driver/StdDriver/bl602_sec_eng.o
 .debug_aranges
                0x00000000000010b8       0x28 out/BSP_Driver/BL602_BSP_Driver/StdDriver/bl602_sdu.o
 .debug_aranges
                0x00000000000010e0      0x550 out/BSP_Driver/BL602_BSP_Driver/StdDriver/bl602_romapi.o
 .debug_aranges
                0x0000000000001630       0x40 out/BSP_Driver/BL602_BSP_Driver/StdDriver/bl602_sflash_ext.o
 .debug_aranges
                0x0000000000001670       0x28 out/BSP_Driver/BL602_BSP_Driver/StdDriver/bl602_sf_cfg_ext.o
 .debug_aranges
                0x0000000000001698       0xd0 out/BSP_Driver/BL602_BSP_Driver/platform_print/platform_device.o
 .debug_aranges
                0x0000000000001768       0x28 out/BSP_Driver/BL602_BSP_Driver/platform_print/platform_gpio.o
 .debug_aranges
                0x0000000000001790       0x20 /home/cbpeng/toolchain/riscv64-elf-x86_64-20210120/bin/../lib/gcc/riscv64-unknown-elf/8.4.0/rv32imafc/ilp32f/libgcc.a(_udivdi3.o)
 .debug_aranges
                0x00000000000017b0       0x20 /home/cbpeng/toolchain/riscv64-elf-x86_64-20210120/bin/../lib/gcc/riscv64-unknown-elf/8.4.0/rv32imafc/ilp32f/libgcc.a(_umoddi3.o)
 .debug_aranges
                0x00000000000017d0       0x18 /home/cbpeng/toolchain/riscv64-elf-x86_64-20210120/bin/../lib/gcc/riscv64-unknown-elf/8.4.0/rv32imafc/ilp32f/libgcc.a(_clz.o)

.debug_ranges   0x0000000000000000     0x2aa0
 .debug_ranges  0x0000000000000000       0x10 out/ChipTest/Eflash_Loader/main.o
 .debug_ranges  0x0000000000000010      0x138 out/ChipTest/Eflash_Loader/bflb_eflash_loader_cmds.o
 .debug_ranges  0x0000000000000148       0x68 out/ChipTest/Eflash_Loader/bflb_eflash_loader_gpio.o
 .debug_ranges  0x00000000000001b0       0x68 out/ChipTest/Eflash_Loader/bflb_eflash_loader_interface.o
 .debug_ranges  0x0000000000000218       0x58 out/ChipTest/Eflash_Loader/bflb_eflash_loader_jlink.o
 .debug_ranges  0x0000000000000270      0x110 out/ChipTest/Eflash_Loader/bflb_eflash_loader_uart.o
 .debug_ranges  0x0000000000000380       0x38 out/ChipTest/Eflash_Loader/bflb_eflash_loader_sdio.o
 .debug_ranges  0x00000000000003b8       0xc8 out/ChipTest/Eflash_Loader/bflb_eflash_loader_boot.o
 .debug_ranges  0x0000000000000480      0x130 out/ChipTest/Eflash_Loader/bflb_spi_flash.o
 .debug_ranges  0x00000000000005b0       0x18 out/ChipTest/Eflash_Loader/bflb_efuse.o
 .debug_ranges  0x00000000000005c8       0x28 out/ChipTest/Eflash_Loader/bflb_eflash_loader_cfg.o
 .debug_ranges  0x00000000000005f0       0x30 out/ChipTest/Eflash_Loader/bflb_set_clock.o
 .debug_ranges  0x0000000000000620       0x50 out/ChipTest/Eflash_Loader/sdu.o
 .debug_ranges  0x0000000000000670       0x10 out/BSP_Common/libc/memcpy.o
 .debug_ranges  0x0000000000000680       0x10 out/BSP_Common/libc/memset.o
 .debug_ranges  0x0000000000000690       0x10 out/BSP_Common/libc/memcmp.o