Archive member included to satisfy reference by file (symbol)

/opt/st/stm32cubeide_1.0.0/plugins/com.st.stm32cube.ide.mcu.externaltools.gnu-tools-for-stm32.7-2018-q2-update.linux64_1.0.0.201904181610/tools/bin/../lib/gcc/arm-none-eabi/7.3.1/../../../../arm-none-eabi/lib/thumb/v7-m/libc_nano.a(lib_a-exit.o)
                              /opt/st/stm32cubeide_1.0.0/plugins/com.st.stm32cube.ide.mcu.externaltools.gnu-tools-for-stm32.7-2018-q2-update.linux64_1.0.0.201904181610/tools/bin/../lib/gcc/arm-none-eabi/7.3.1/../../../../arm-none-eabi/lib/thumb/v7-m/crt0.o (exit)
/opt/st/stm32cubeide_1.0.0/plugins/com.st.stm32cube.ide.mcu.externaltools.gnu-tools-for-stm32.7-2018-q2-update.linux64_1.0.0.201904181610/tools/bin/../lib/gcc/arm-none-eabi/7.3.1/../../../../arm-none-eabi/lib/thumb/v7-m/libc_nano.a(lib_a-impure.o)
                              /opt/st/stm32cubeide_1.0.0/plugins/com.st.stm32cube.ide.mcu.externaltools.gnu-tools-for-stm32.7-2018-q2-update.linux64_1.0.0.201904181610/tools/bin/../lib/gcc/arm-none-eabi/7.3.1/../../../../arm-none-eabi/lib/thumb/v7-m/libc_nano.a(lib_a-exit.o) (_global_impure_ptr)
/opt/st/stm32cubeide_1.0.0/plugins/com.st.stm32cube.ide.mcu.externaltools.gnu-tools-for-stm32.7-2018-q2-update.linux64_1.0.0.201904181610/tools/bin/../lib/gcc/arm-none-eabi/7.3.1/../../../../arm-none-eabi/lib/thumb/v7-m/libc_nano.a(lib_a-init.o)
                              /opt/st/stm32cubeide_1.0.0/plugins/com.st.stm32cube.ide.mcu.externaltools.gnu-tools-for-stm32.7-2018-q2-update.linux64_1.0.0.201904181610/tools/bin/../lib/gcc/arm-none-eabi/7.3.1/../../../../arm-none-eabi/lib/thumb/v7-m/crt0.o (__libc_init_array)
/opt/st/stm32cubeide_1.0.0/plugins/com.st.stm32cube.ide.mcu.externaltools.gnu-tools-for-stm32.7-2018-q2-update.linux64_1.0.0.201904181610/tools/bin/../lib/gcc/arm-none-eabi/7.3.1/../../../../arm-none-eabi/lib/thumb/v7-m/libc_nano.a(lib_a-memcpy-stub.o)
                              Middlewares/Third_Party/FreeRTOS/Source/queue.o (memcpy)
/opt/st/stm32cubeide_1.0.0/plugins/com.st.stm32cube.ide.mcu.externaltools.gnu-tools-for-stm32.7-2018-q2-update.linux64_1.0.0.201904181610/tools/bin/../lib/gcc/arm-none-eabi/7.3.1/../../../../arm-none-eabi/lib/thumb/v7-m/libc_nano.a(lib_a-memset.o)
                              /opt/st/stm32cubeide_1.0.0/plugins/com.st.stm32cube.ide.mcu.externaltools.gnu-tools-for-stm32.7-2018-q2-update.linux64_1.0.0.201904181610/tools/bin/../lib/gcc/arm-none-eabi/7.3.1/../../../../arm-none-eabi/lib/thumb/v7-m/crt0.o (memset)
/opt/st/stm32cubeide_1.0.0/plugins/com.st.stm32cube.ide.mcu.externaltools.gnu-tools-for-stm32.7-2018-q2-update.linux64_1.0.0.201904181610/tools/bin/../lib/gcc/arm-none-eabi/7.3.1/../../../../arm-none-eabi/lib/thumb/v7-m/libc_nano.a(lib_a-strlen.o)
                              Core/Src/gui.o (strlen)
/opt/st/stm32cubeide_1.0.0/plugins/com.st.stm32cube.ide.mcu.externaltools.gnu-tools-for-stm32.7-2018-q2-update.linux64_1.0.0.201904181610/tools/bin/../lib/gcc/arm-none-eabi/7.3.1/../../../../arm-none-eabi/lib/thumb/v7-m/libnosys.a(_exit.o)
                              /opt/st/stm32cubeide_1.0.0/plugins/com.st.stm32cube.ide.mcu.externaltools.gnu-tools-for-stm32.7-2018-q2-update.linux64_1.0.0.201904181610/tools/bin/../lib/gcc/arm-none-eabi/7.3.1/../../../../arm-none-eabi/lib/thumb/v7-m/libc_nano.a(lib_a-exit.o) (_exit)

Allocating common symbols
Common symbol       size              file

hadc2               0x30              Core/Src/Setup.o
hdma_i2c1_tx        0x44              Core/Src/Setup.o
hi2c1               0x54              Core/Src/Setup.o
hiwdg               0xc               Core/Src/Setup.o
uwTick              0x4               Drivers/STM32F1xx_HAL_Driver/Src/stm32f1xx_hal.o
xQueueRegistry      0x40              Middlewares/Third_Party/FreeRTOS/Source/queue.o
pFlash              0x20              Drivers/STM32F1xx_HAL_Driver/Src/stm32f1xx_hal_flash.o
ADCReadings         0x80              Core/Src/Setup.o
htim3               0x40              Core/Src/Setup.o
hadc1               0x30              Core/Src/Setup.o
hdma_adc1           0x44              Core/Src/Setup.o
htim1               0x40              Core/Src/stm32f1xx_hal_timebase_TIM.o
hdma_i2c1_rx        0x44              Core/Src/Setup.o
htim2               0x40              Core/Src/Setup.o

Discarded input sections

 .text          0x0000000000000000        0x0 /opt/st/stm32cubeide_1.0.0/plugins/com.st.stm32cube.ide.mcu.externaltools.gnu-tools-for-stm32.7-2018-q2-update.linux64_1.0.0.201904181610/tools/bin/../lib/gcc/arm-none-eabi/7.3.1/thumb/v7-m/crti.o
 .data          0x0000000000000000        0x0 /opt/st/stm32cubeide_1.0.0/plugins/com.st.stm32cube.ide.mcu.externaltools.gnu-tools-for-stm32.7-2018-q2-update.linux64_1.0.0.201904181610/tools/bin/../lib/gcc/arm-none-eabi/7.3.1/thumb/v7-m/crti.o
[...]
Memory Configuration

Name             Origin             Length             Attributes
RAM              0x0000000020000000 0x0000000000005000 xrw
ROM              0x0000000008004000 0x000000000000b800 xr
*default*        0x0000000000000000 0xffffffffffffffff

Linker script and memory map

LOAD /opt/st/stm32cubeide_1.0.0/plugins/com.st.stm32cube.ide.mcu.externaltools.gnu-tools-for-stm32.7-2018-q2-update.linux64_1.0.0.201904181610/tools/bin/../lib/gcc/arm-none-eabi/7.3.1/thumb/v7-m/crti.o
LOAD /opt/st/stm32cubeide_1.0.0/plugins/com.st.stm32cube.ide.mcu.externaltools.gnu-tools-for-stm32.7-2018-q2-update.linux64_1.0.0.201904181610/tools/bin/../lib/gcc/arm-none-eabi/7.3.1/thumb/v7-m/crtbegin.o
LOAD /opt/st/stm32cubeide_1.0.0/plugins/com.st.stm32cube.ide.mcu.externaltools.gnu-tools-for-stm32.7-2018-q2-update.linux64_1.0.0.201904181610/tools/bin/../lib/gcc/arm-none-eabi/7.3.1/../../../../arm-none-eabi/lib/thumb/v7-m/crt0.o
LOAD Core/Src/FRToSI2C.o
LOAD Core/Src/LIS2DH12.o
LOAD Core/Src/MMA8652FC.o
LOAD Core/Src/OLED.o
LOAD Core/Src/Settings.o
LOAD Core/Src/Setup.o
LOAD Core/Src/Translation.o
LOAD Core/Src/freertos.o
LOAD Core/Src/gui.o
LOAD Core/Src/hardware.o
LOAD Core/Src/main.o
LOAD Core/Src/power.o
LOAD Core/Src/stm32f1xx_hal_msp.o
LOAD Core/Src/stm32f1xx_hal_timebase_TIM.o
LOAD Core/Src/stm32f1xx_it.o
LOAD Core/Src/system_stm32f1xx.o
LOAD Core/Src/uRender.o
LOAD Drivers/STM32F1xx_HAL_Driver/Src/stm32f1xx_hal.o
LOAD Drivers/STM32F1xx_HAL_Driver/Src/stm32f1xx_hal_adc.o
LOAD Drivers/STM32F1xx_HAL_Driver/Src/stm32f1xx_hal_adc_ex.o
LOAD Drivers/STM32F1xx_HAL_Driver/Src/stm32f1xx_hal_cortex.o
LOAD Drivers/STM32F1xx_HAL_Driver/Src/stm32f1xx_hal_dma.o
LOAD Drivers/STM32F1xx_HAL_Driver/Src/stm32f1xx_hal_flash.o
LOAD Drivers/STM32F1xx_HAL_Driver/Src/stm32f1xx_hal_flash_ex.o
LOAD Drivers/STM32F1xx_HAL_Driver/Src/stm32f1xx_hal_gpio.o
LOAD Drivers/STM32F1xx_HAL_Driver/Src/stm32f1xx_hal_gpio_ex.o
LOAD Drivers/STM32F1xx_HAL_Driver/Src/stm32f1xx_hal_i2c.o
LOAD Drivers/STM32F1xx_HAL_Driver/Src/stm32f1xx_hal_iwdg.o
LOAD Drivers/STM32F1xx_HAL_Driver/Src/stm32f1xx_hal_pwr.o
LOAD Drivers/STM32F1xx_HAL_Driver/Src/stm32f1xx_hal_rcc.o
LOAD Drivers/STM32F1xx_HAL_Driver/Src/stm32f1xx_hal_rcc_ex.o
LOAD Drivers/STM32F1xx_HAL_Driver/Src/stm32f1xx_hal_tim.o
LOAD Drivers/STM32F1xx_HAL_Driver/Src/stm32f1xx_hal_tim_ex.o
LOAD Middlewares/Third_Party/FreeRTOS/Source/CMSIS_RTOS/cmsis_os.o
LOAD Middlewares/Third_Party/FreeRTOS/Source/croutine.o
LOAD Middlewares/Third_Party/FreeRTOS/Source/event_groups.o
LOAD Middlewares/Third_Party/FreeRTOS/Source/list.o
LOAD Middlewares/Third_Party/FreeRTOS/Source/queue.o
LOAD Middlewares/Third_Party/FreeRTOS/Source/tasks.o
LOAD Middlewares/Third_Party/FreeRTOS/Source/timers.o
LOAD Middlewares/Third_Party/FreeRTOS/Source/portable/GCC/ARM_CM3/port.o
LOAD Middlewares/Third_Party/FreeRTOS/Source/portable/MemMang/heap_4.o
LOAD Startup/startup_stm32f103t8ux.o
START GROUP
LOAD /opt/st/stm32cubeide_1.0.0/plugins/com.st.stm32cube.ide.mcu.externaltools.gnu-tools-for-stm32.7-2018-q2-update.linux64_1.0.0.201904181610/tools/bin/../lib/gcc/arm-none-eabi/7.3.1/../../../../arm-none-eabi/lib/thumb/v7-m/libstdc++_nano.a
LOAD /opt/st/stm32cubeide_1.0.0/plugins/com.st.stm32cube.ide.mcu.externaltools.gnu-tools-for-stm32.7-2018-q2-update.linux64_1.0.0.201904181610/tools/bin/../lib/gcc/arm-none-eabi/7.3.1/../../../../arm-none-eabi/lib/thumb/v7-m/libsupc++_nano.a
END GROUP
LOAD /opt/st/stm32cubeide_1.0.0/plugins/com.st.stm32cube.ide.mcu.externaltools.gnu-tools-for-stm32.7-2018-q2-update.linux64_1.0.0.201904181610/tools/bin/../lib/gcc/arm-none-eabi/7.3.1/../../../../arm-none-eabi/lib/thumb/v7-m/libstdc++_nano.a
LOAD /opt/st/stm32cubeide_1.0.0/plugins/com.st.stm32cube.ide.mcu.externaltools.gnu-tools-for-stm32.7-2018-q2-update.linux64_1.0.0.201904181610/tools/bin/../lib/gcc/arm-none-eabi/7.3.1/../../../../arm-none-eabi/lib/thumb/v7-m/libm.a
LOAD /opt/st/stm32cubeide_1.0.0/plugins/com.st.stm32cube.ide.mcu.externaltools.gnu-tools-for-stm32.7-2018-q2-update.linux64_1.0.0.201904181610/tools/bin/../lib/gcc/arm-none-eabi/7.3.1/../../../../arm-none-eabi/lib/thumb/v7-m/libc_nano.a
START GROUP
LOAD /opt/st/stm32cubeide_1.0.0/plugins/com.st.stm32cube.ide.mcu.externaltools.gnu-tools-for-stm32.7-2018-q2-update.linux64_1.0.0.201904181610/tools/bin/../lib/gcc/arm-none-eabi/7.3.1/thumb/v7-m/libgcc.a
LOAD /opt/st/stm32cubeide_1.0.0/plugins/com.st.stm32cube.ide.mcu.externaltools.gnu-tools-for-stm32.7-2018-q2-update.linux64_1.0.0.201904181610/tools/bin/../lib/gcc/arm-none-eabi/7.3.1/../../../../arm-none-eabi/lib/thumb/v7-m/libc_nano.a
END GROUP
START GROUP
LOAD /opt/st/stm32cubeide_1.0.0/plugins/com.st.stm32cube.ide.mcu.externaltools.gnu-tools-for-stm32.7-2018-q2-update.linux64_1.0.0.201904181610/tools/bin/../lib/gcc/arm-none-eabi/7.3.1/thumb/v7-m/libgcc.a
LOAD /opt/st/stm32cubeide_1.0.0/plugins/com.st.stm32cube.ide.mcu.externaltools.gnu-tools-for-stm32.7-2018-q2-update.linux64_1.0.0.201904181610/tools/bin/../lib/gcc/arm-none-eabi/7.3.1/../../../../arm-none-eabi/lib/thumb/v7-m/libc_nano.a
LOAD /opt/st/stm32cubeide_1.0.0/plugins/com.st.stm32cube.ide.mcu.externaltools.gnu-tools-for-stm32.7-2018-q2-update.linux64_1.0.0.201904181610/tools/bin/../lib/gcc/arm-none-eabi/7.3.1/../../../../arm-none-eabi/lib/thumb/v7-m/libnosys.a
END GROUP
START GROUP
LOAD /opt/st/stm32cubeide_1.0.0/plugins/com.st.stm32cube.ide.mcu.externaltools.gnu-tools-for-stm32.7-2018-q2-update.linux64_1.0.0.201904181610/tools/bin/../lib/gcc/arm-none-eabi/7.3.1/thumb/v7-m/libgcc.a
LOAD /opt/st/stm32cubeide_1.0.0/plugins/com.st.stm32cube.ide.mcu.externaltools.gnu-tools-for-stm32.7-2018-q2-update.linux64_1.0.0.201904181610/tools/bin/../lib/gcc/arm-none-eabi/7.3.1/../../../../arm-none-eabi/lib/thumb/v7-m/libc_nano.a
LOAD /opt/st/stm32cubeide_1.0.0/plugins/com.st.stm32cube.ide.mcu.externaltools.gnu-tools-for-stm32.7-2018-q2-update.linux64_1.0.0.201904181610/tools/bin/../lib/gcc/arm-none-eabi/7.3.1/../../../../arm-none-eabi/lib/thumb/v7-m/libnosys.a
END GROUP
LOAD /opt/st/stm32cubeide_1.0.0/plugins/com.st.stm32cube.ide.mcu.externaltools.gnu-tools-for-stm32.7-2018-q2-update.linux64_1.0.0.201904181610/tools/bin/../lib/gcc/arm-none-eabi/7.3.1/thumb/v7-m/crtend.o
LOAD /opt/st/stm32cubeide_1.0.0/plugins/com.st.stm32cube.ide.mcu.externaltools.gnu-tools-for-stm32.7-2018-q2-update.linux64_1.0.0.201904181610/tools/bin/../lib/gcc/arm-none-eabi/7.3.1/thumb/v7-m/crtn.o
                0x0000000020005000                _estack = 0x20005000
                0x0000000000000300                _Min_Heap_Size = 0x300
                0x0000000000000400                _Min_Stack_Size = 0x400

.isr_vector     0x0000000008004000      0x10c
                0x0000000008004000                . = ALIGN (0x4)
 *(.isr_vector)
 .isr_vector    0x0000000008004000      0x10c Startup/startup_stm32f103t8ux.o
                0x0000000008004000                g_pfnVectors
                0x000000000800410c                . = ALIGN (0x4)

.text           0x0000000008004110     0x8384
                0x0000000008004110                . = ALIGN (0x4)
 *(.text)
 .text          0x0000000008004110       0x40 /opt/st/stm32cubeide_1.0.0/plugins/com.st.stm32cube.ide.mcu.externaltools.gnu-tools-for-stm32.7-2018-q2-update.linux64_1.0.0.201904181610/tools/bin/../lib/gcc/arm-none-eabi/7.3.1/thumb/v7-m/crtbegin.o
 .text          0x0000000008004150       0x10 /opt/st/stm32cubeide_1.0.0/plugins/com.st.stm32cube.ide.mcu.externaltools.gnu-tools-for-stm32.7-2018-q2-update.linux64_1.0.0.201904181610/tools/bin/../lib/gcc/arm-none-eabi/7.3.1/../../../../arm-none-eabi/lib/thumb/v7-m/libc_nano.a(lib_a-strlen.o)
                0x0000000008004150                strlen
 *(.text*)
 .text._ZN8FRToSI2C12CpltCallbackEv
                0x0000000008004160       0x20 Core/Src/FRToSI2C.o
                0x0000000008004160                FRToSI2C::CpltCallback()
 .text._ZN8FRToSI2C25I2C1_ClearBusyFlagErratumEv
                0x0000000008004180       0xf8 Core/Src/FRToSI2C.o
                0x0000000008004180                FRToSI2C::I2C1_ClearBusyFlagErratum()
 .text._ZN8FRToSI2C8Mem_ReadEtttPht
                0x0000000008004278       0x8c Core/Src/FRToSI2C.o
                0x0000000008004278                FRToSI2C::Mem_Read(unsigned short, unsigned short, unsigned short, unsigned char*, unsigned short)
 .text._ZN8FRToSI2C16I2C_RegisterReadEhh
                0x0000000008004304       0x16 Core/Src/FRToSI2C.o
                0x0000000008004304                FRToSI2C::I2C_RegisterRead(unsigned char, unsigned char)
 *fill*         0x000000000800431a        0x2 
 .text._ZN8FRToSI2C9Mem_WriteEtttPht
                0x000000000800431c       0x8c Core/Src/FRToSI2C.o
                0x000000000800431c                FRToSI2C::Mem_Write(unsigned short, unsigned short, unsigned short, unsigned char*, unsigned short)
 .text._ZN8FRToSI2C17I2C_RegisterWriteEhhh
                0x00000000080043a8       0x16 Core/Src/FRToSI2C.o
                0x00000000080043a8                FRToSI2C::I2C_RegisterWrite(unsigned char, unsigned char, unsigned char)
 *fill*         0x00000000080043be        0x2 
 .text._ZN8FRToSI2C8TransmitEtPht
                0x00000000080043c0       0x64 Core/Src/FRToSI2C.o
                0x00000000080043c0                FRToSI2C::Transmit(unsigned short, unsigned char*, unsigned short)
 .text._ZN8LIS2DH129initalizeEv
                0x0000000008004424       0x20 Core/Src/LIS2DH12.o
                0x0000000008004424                LIS2DH12::initalize()
 .text._ZN8LIS2DH1215getAxisReadingsEPsS0_S0_
                0x0000000008004444       0x46 Core/Src/LIS2DH12.o
                0x0000000008004444                LIS2DH12::getAxisReadings(short*, short*, short*)
 *fill*         0x000000000800448a        0x2 
 .text._ZN9MMA8652FC9initalizeEv
                0x000000000800448c       0x38 Core/Src/MMA8652FC.o
                0x000000000800448c                MMA8652FC::initalize()
 .text._ZN9MMA8652FC14getOrientationEv
                0x00000000080044c4       0x16 Core/Src/MMA8652FC.o
                0x00000000080044c4                MMA8652FC::getOrientation()
 .text._ZN9MMA8652FC15getAxisReadingsEPsS0_S0_
                0x00000000080044da       0x46 Core/Src/MMA8652FC.o
                0x00000000080044da                MMA8652FC::getAxisReadings(short*, short*, short*)
 .text._ZN4OLED10initializeEv
                0x0000000008004520       0xbc Core/Src/OLED.o
                0x0000000008004520                OLED::initialize()
 .text._ZN4OLED11setRotationEb
                0x00000000080045dc       0x58 Core/Src/OLED.o
                0x00000000080045dc                OLED::setRotation(bool)
 .text._ZN4OLED7setFontEh
                0x0000000008004634       0x44 Core/Src/OLED.o
                0x0000000008004634                OLED::setFont(unsigned char)
 .text._ZN4OLED8drawAreaEsahhPKh
                0x0000000008004678       0x8c Core/Src/OLED.o
                0x0000000008004678                OLED::drawArea(short, signed char, unsigned char, unsigned char, unsigned char const*)
 .text._ZN4OLED8drawCharEc
                0x0000000008004704       0x6c Core/Src/OLED.o
                0x0000000008004704                OLED::drawChar(char)
 .text._ZN4OLED5printEPKc
                0x0000000008004770       0x12 Core/Src/OLED.o
                0x0000000008004770                OLED::print(char const*)
 .text._ZN4OLED11printNumberEth
                0x0000000008004782       0x90 Core/Src/OLED.o
                0x0000000008004782                OLED::printNumber(unsigned short, unsigned char)
 *fill*         0x0000000008004812        0x2 
 .text._ZN4OLED10drawSymbolEh
                0x0000000008004814       0x38 Core/Src/OLED.o
                0x0000000008004814                OLED::drawSymbol(unsigned char)
 .text._ZN4OLED8fillAreaEsahhh
                0x000000000800484c       0x6c Core/Src/OLED.o
                0x000000000800484c                OLED::fillArea(short, signed char, unsigned char, unsigned char, unsigned char)
 .text._ZN4OLED14drawFilledRectEhhhhb
                0x00000000080048b8       0xdc Core/Src/OLED.o
                0x00000000080048b8                OLED::drawFilledRect(unsigned char, unsigned char, unsigned char, unsigned char, bool)
 .text._ZN4OLED14drawHeatSymbolEh
                0x0000000008004994       0x34 Core/Src/OLED.o
                0x0000000008004994                OLED::drawHeatSymbol(unsigned char)
 .text._Z12saveSettingsv
                0x00000000080049c8       0x84 Core/Src/Settings.o
                0x00000000080049c8                saveSettings()
 .text._Z13resetSettingsv
                0x0000000008004a4c       0xa4 Core/Src/Settings.o
                0x0000000008004a4c                resetSettings()
 .text._Z15restoreSettingsv
                0x0000000008004af0       0x38 Core/Src/Settings.o
                0x0000000008004af0                restoreSettings()
 .text.Setup_HAL
                0x0000000008004b28      0x498 Core/Src/Setup.o
                0x0000000008004b28                Setup_HAL
 .text.getADC   0x0000000008004fc0       0x20 Core/Src/Setup.o
                0x0000000008004fc0                getADC
 .text._ZL23settings_setInputPRangev
                0x0000000008004fe0       0x14 Core/Src/gui.o
 .text._ZL21settings_setSleepTimev
                0x0000000008004ff4       0x2c Core/Src/gui.o
 .text._ZL24settings_setShutdownTimev
                0x0000000008005020       0x2c Core/Src/gui.o
 .text._ZL17settings_setTempFv
                0x000000000800504c       0xb4 Core/Src/gui.o
 .text._ZL23settings_setSensitivityv
                0x0000000008005100       0x30 Core/Src/gui.o
 .text._ZL36settings_setAdvancedSolderingScreensv
                0x0000000008005130       0x1c Core/Src/gui.o
 .text._ZL31settings_setAdvancedIDLEScreensv
                0x000000000800514c       0x1c Core/Src/gui.o
 .text._ZL23settings_setScrollSpeedv
                0x0000000008005168       0x1c Core/Src/gui.o
 .text._ZL28settings_setBoostModeEnabledv
                0x0000000008005184       0x1c Core/Src/gui.o
 .text._ZL30settings_setAutomaticStartModev
                0x00000000080051a0       0x24 Core/Src/gui.o
 .text._ZL31settings_setCoolingBlinkEnabledv
                0x00000000080051c4       0x1c Core/Src/gui.o
 .text._ZL20settings_setTipModelv
                0x00000000080051e0       0x28 Core/Src/gui.o
 .text._ZL11displayMenuj
                0x0000000008005208       0x48 Core/Src/gui.o
 .text._ZL28settings_displayAdvancedMenuv
                0x0000000008005250        0x6 Core/Src/gui.o
 .text._ZL22settings_displayUIMenuv
                0x0000000008005256        0x6 Core/Src/gui.o
 .text._ZL25settings_displayPowerMenuv
                0x000000000800525c        0x6 Core/Src/gui.o
 .text._ZL29settings_displaySolderingMenuv
                0x0000000008005262        0x6 Core/Src/gui.o
 .text._ZL27settings_setDisplayRotationv
                0x0000000008005268       0x40 Core/Src/gui.o
 .text._ZL21settings_setSleepTempv
                0x00000000080052a8       0x34 Core/Src/gui.o
 .text._ZL21settings_setBoostTempv
                0x00000000080052dc       0x38 Core/Src/gui.o
 .text._ZN4OLED7refreshEv
                0x0000000008005314       0x10 Core/Src/gui.o
                0x0000000008005314                OLED::refresh()
 .text._ZN4OLED13setCharCursorEss
                0x0000000008005324       0x28 Core/Src/gui.o
                0x0000000008005324                OLED::setCharCursor(short, short)
 .text._ZL21printShortDescriptionmt
                0x000000000800534c       0x64 Core/Src/gui.o
 .text._ZL28settings_displayCalibrateVINv
                0x00000000080053b0        0x8 Core/Src/gui.o
 .text._ZL25settings_displayCalibratev
                0x00000000080053b8        0x8 Core/Src/gui.o
 .text._ZL30calibration_displayAdvancedCalv
                0x00000000080053c0        0x8 Core/Src/gui.o
 .text._ZL28calibration_displaySimpleCalv
                0x00000000080053c8        0x8 Core/Src/gui.o
 .text._ZL24settings_displayTipModelv
                0x00000000080053d0       0x68 Core/Src/gui.o
 .text._ZL29settings_displayResetSettingsv
                0x0000000008005438        0x8 Core/Src/gui.o
 .text._ZL27settings_displayScrollSpeedv
                0x0000000008005440       0x2c Core/Src/gui.o
 .text._ZL31settings_displayDisplayRotationv
                0x000000000800546c       0x40 Core/Src/gui.o
 .text._ZL21settings_displayTempFv
                0x00000000080054ac       0x2c Core/Src/gui.o
 .text._ZL27settings_displaySensitivityv
                0x00000000080054d8       0x20 Core/Src/gui.o
 .text._ZL28settings_displayShutdownTimev
                0x00000000080054f8       0x34 Core/Src/gui.o
 .text._ZL25settings_displaySleepTimev
                0x000000000800552c       0x54 Core/Src/gui.o
 .text._ZL25settings_displaySleepTempv
                0x0000000008005580       0x1c Core/Src/gui.o
 .text._ZL25settings_displayBoostTempv
                0x000000000800559c       0x1c Core/Src/gui.o
 .text._ZL27settings_displayInputPRangev
                0x00000000080055b8       0x3c Core/Src/gui.o
 .text._ZN4OLED11clearScreenEv
                0x00000000080055f4       0x10 Core/Src/gui.o
                0x00000000080055f4                OLED::clearScreen()
 .text._ZL24settings_setCalibrateVINv
                0x0000000008005604       0xcc Core/Src/gui.o
 .text._ZL16userConfirmationPKc
                0x00000000080056d0       0xb4 Core/Src/gui.o
 .text._ZL25settings_setResetSettingsv
                0x0000000008005784       0x48 Core/Src/gui.o
 .text._ZL12setTipOffsetv
                0x00000000080057cc       0xcc Core/Src/gui.o
 .text._ZL28calibration_enterAdvancedCalv
                0x0000000008005898      0x11c Core/Src/gui.o
 .text._ZL26calibration_enterSimpleCalv
                0x00000000080059b4      0x104 Core/Src/gui.o
 .text._ZN4OLED12drawCheckboxEb
                0x0000000008005ab8        0xc Core/Src/gui.o
                0x0000000008005ab8                OLED::drawCheckbox(bool)
 .text._ZL40settings_displayAdvancedSolderingScreensv
                0x0000000008005ac4       0x1c Core/Src/gui.o
 .text._ZL35settings_displayAdvancedIDLEScreensv
                0x0000000008005ae0       0x1c Core/Src/gui.o
 .text._ZL35settings_displayCoolingBlinkEnabledv
                0x0000000008005afc       0x1c Core/Src/gui.o
 .text._ZL34settings_displayAutomaticStartModev
                0x0000000008005b18       0x20 Core/Src/gui.o
 .text._ZL32settings_displayBoostModeEnabledv
                0x0000000008005b38       0x1c Core/Src/gui.o
 .text._Z8gui_MenuPK8menuitem
                0x0000000008005b54      0x24c Core/Src/gui.o
                0x0000000008005b54                gui_Menu(menuitem const*)
 .text._ZL26settings_enterAdvancedMenuv
                0x0000000008005da0        0xc Core/Src/gui.o
 .text._ZL21settings_setCalibratev
                0x0000000008005dac       0x34 Core/Src/gui.o
 .text._ZL20settings_enterUIMenuv
                0x0000000008005de0        0xc Core/Src/gui.o
 .text._ZL23settings_enterPowerMenuv
                0x0000000008005dec        0xc Core/Src/gui.o
 .text._ZL27settings_enterSolderingMenuv
                0x0000000008005df8        0xc Core/Src/gui.o
 .text._Z17enterSettingsMenuv
                0x0000000008005e04       0x14 Core/Src/gui.o
                0x0000000008005e04                enterSettingsMenu()
 .text.startup._GLOBAL__sub_I_rootSettingsMenu
                0x0000000008005e18       0x78 Core/Src/gui.o
 .text.setTipType
                0x0000000008005e90       0x14 Core/Src/hardware.o
                0x0000000008005e90                setTipType
 .text.setCalibrationOffset
                0x0000000008005ea4        0xc Core/Src/hardware.o
                0x0000000008005ea4                setCalibrationOffset
 .text.getHandleTemperature
                0x0000000008005eb0       0x1e Core/Src/hardware.o
                0x0000000008005eb0                getHandleTemperature
 *fill*         0x0000000008005ece        0x2 
 .text.tipMeasurementToC
                0x0000000008005ed0       0x30 Core/Src/hardware.o
                0x0000000008005ed0                tipMeasurementToC
 .text.ctoTipMeasurement
                0x0000000008005f00       0x34 Core/Src/hardware.o
                0x0000000008005f00                ctoTipMeasurement
 .text.tipMeasurementToF
                0x0000000008005f34       0x16 Core/Src/hardware.o
                0x0000000008005f34                tipMeasurementToF
 .text.ftoTipMeasurement
                0x0000000008005f4a       0x12 Core/Src/hardware.o
                0x0000000008005f4a                ftoTipMeasurement
 .text.getTipInstantTemperature
                0x0000000008005f5c       0x34 Core/Src/hardware.o
                0x0000000008005f5c                getTipInstantTemperature
 .text.getTipRawTemp
                0x0000000008005f90       0x14 Core/Src/hardware.o
                0x0000000008005f90                getTipRawTemp
 .text.getInputVoltageX10
                0x0000000008005fa4       0x70 Core/Src/hardware.o
                0x0000000008005fa4                getInputVoltageX10
 .text.startQC  0x0000000008006014      0x17c Core/Src/hardware.o
                0x0000000008006014                startQC
 .text.seekQC   0x0000000008006190       0xf8 Core/Src/hardware.o
                0x0000000008006190                seekQC
 .text.calculateTipR
                0x0000000008006288       0xd4 Core/Src/hardware.o
                0x0000000008006288                calculateTipR
 .text.calculateMaxVoltage
                0x000000000800635c       0x74 Core/Src/hardware.o
                0x000000000800635c                calculateMaxVoltage
 .text.setTipPWM
                0x00000000080063d0       0x14 Core/Src/hardware.o
                0x00000000080063d0                setTipPWM
 .text.HAL_TIM_PeriodElapsedCallback
                0x00000000080063e4       0x54 Core/Src/hardware.o
                0x00000000080063e4                HAL_TIM_PeriodElapsedCallback
 .text.HAL_TIM_PWM_PulseFinishedCallback
                0x0000000008006438       0x14 Core/Src/hardware.o
                0x0000000008006438                HAL_TIM_PWM_PulseFinishedCallback
 .text._ZL19gui_drawBatteryIconv
                0x000000000800644c       0x80 Core/Src/main.o
 .text._Z12startPIDTaskPKv
                0x00000000080064cc      0x158 Core/Src/main.o
                0x00000000080064cc                startPIDTask(void const*)
 .text._Z12startMOVTaskPKv
                0x0000000008006624      0x1d0 Core/Src/main.o
                0x0000000008006624                startMOVTask(void const*)
 .text.startup.main
                0x00000000080067f4      0x134 Core/Src/main.o
                0x00000000080067f4                main
 .text._Z12printVoltagev
                0x0000000008006928       0x3c Core/Src/main.o
                0x0000000008006928                printVoltage()
 .text._Z8GUIDelayv
                0x0000000008006964        0x6 Core/Src/main.o
                0x0000000008006964                GUIDelay()
 *fill*         0x000000000800696a        0x2 
 .text._Z15gui_drawTipTempb
                0x000000000800696c       0x44 Core/Src/main.o
                0x000000000800696c                gui_drawTipTemp(bool)
 .text._Z14getButtonStatev
                0x00000000080069b0       0xa4 Core/Src/main.o
                0x00000000080069b0                getButtonState()
 .text._ZL23gui_solderingTempAdjustv
                0x0000000008006a54      0x184 Core/Src/main.o
 .text._ZL25gui_SolderingSleepingModev
                0x0000000008006bd8      0x17c Core/Src/main.o
 .text._Z18waitForButtonPressv
                0x0000000008006d54       0x26 Core/Src/main.o
                0x0000000008006d54                waitForButtonPress()
 *fill*         0x0000000008006d7a        0x2 
 .text._ZL17gui_solderingModeh
                0x0000000008006d7c      0x314 Core/Src/main.o
 .text._Z27waitForButtonPressOrTimeoutm
                0x0000000008007090       0x3e Core/Src/main.o
                0x0000000008007090                waitForButtonPressOrTimeout(unsigned long)
 *fill*         0x00000000080070ce        0x2 
 .text._Z11showVersionv
                0x00000000080070d0      0x110 Core/Src/main.o
                0x00000000080070d0                showVersion()
 .text._Z23showBootLogoIfavailablev
                0x00000000080071e0       0x78 Core/Src/main.o
                0x00000000080071e0                showBootLogoIfavailable()
 .text._Z12startGUITaskPKv
                0x0000000008007258      0x2b0 Core/Src/main.o
                0x0000000008007258                startGUITask(void const*)
 .text.HAL_ADCEx_InjectedConvCpltCallback
                0x0000000008007508       0x40 Core/Src/main.o
                0x0000000008007508                HAL_ADCEx_InjectedConvCpltCallback
 .text.HAL_I2C_MasterRxCpltCallback
                0x0000000008007548        0x4 Core/Src/main.o
                0x0000000008007548                HAL_I2C_MasterRxCpltCallback
 .text.HAL_I2C_MasterTxCpltCallback
                0x000000000800754c        0x4 Core/Src/main.o
                0x000000000800754c                HAL_I2C_MasterTxCpltCallback
 .text.HAL_I2C_MemTxCpltCallback
                0x0000000008007550        0x4 Core/Src/main.o
                0x0000000008007550                HAL_I2C_MemTxCpltCallback
 .text.HAL_I2C_ErrorCallback
                0x0000000008007554        0x6 Core/Src/main.o
                0x0000000008007554                HAL_I2C_ErrorCallback
 .text.HAL_I2C_AbortCpltCallback
                0x000000000800755a        0x4 Core/Src/main.o
                0x000000000800755a                HAL_I2C_AbortCpltCallback
 .text.HAL_I2C_MemRxCpltCallback
                0x000000000800755e        0x4 Core/Src/main.o
                0x000000000800755e                HAL_I2C_MemRxCpltCallback
 *fill*         0x0000000008007562        0x2 
 .text.vApplicationStackOverflowHook
                0x0000000008007564       0x24 Core/Src/main.o
                0x0000000008007564                vApplicationStackOverflowHook
 .text._Z10setupPowerh
                0x0000000008007588        0xc Core/Src/power.o
                0x0000000008007588                setupPower(unsigned char)
 .text._Z16tempToMilliWattslth
                0x0000000008007594        0xa Core/Src/power.o
                0x0000000008007594                tempToMilliWatts(long, unsigned short, unsigned char)
 *fill*         0x000000000800759e        0x2 
 .text._Z15milliWattsToPWMlhh
                0x00000000080075a0       0x30 Core/Src/power.o
                0x00000000080075a0                milliWattsToPWM(long, unsigned char, unsigned char)
 .text._Z15PWMToMilliWattshh
                0x00000000080075d0       0x28 Core/Src/power.o
                0x00000000080075d0                PWMToMilliWatts(unsigned char, unsigned char)
 .text._Z16setTipMilliWattsl
                0x00000000080075f8       0x60 Core/Src/power.o
                0x00000000080075f8                setTipMilliWatts(long)
 .text.HAL_MspInit
                0x0000000008007658       0x7c Core/Src/stm32f1xx_hal_msp.o
                0x0000000008007658                HAL_MspInit
 .text.HAL_ADC_MspInit
                0x00000000080076d4       0x9c Core/Src/stm32f1xx_hal_msp.o
                0x00000000080076d4                HAL_ADC_MspInit
 .text.HAL_I2C_MspInit
                0x0000000008007770       0xb4 Core/Src/stm32f1xx_hal_msp.o
                0x0000000008007770                HAL_I2C_MspInit
 .text.HAL_TIM_Base_MspInit
                0x0000000008007824       0x48 Core/Src/stm32f1xx_hal_msp.o
                0x0000000008007824                HAL_TIM_Base_MspInit
 .text.HAL_InitTick
                0x000000000800786c       0x78 Core/Src/stm32f1xx_hal_timebase_TIM.o
                0x000000000800786c                HAL_InitTick
 .text.NMI_Handler
                0x00000000080078e4        0x2 Core/Src/stm32f1xx_it.o
                0x00000000080078e4                NMI_Handler
 .text.HardFault_Handler
                0x00000000080078e6        0x2 Core/Src/stm32f1xx_it.o
                0x00000000080078e6                HardFault_Handler
 .text.MemManage_Handler
                0x00000000080078e8        0x2 Core/Src/stm32f1xx_it.o
                0x00000000080078e8                MemManage_Handler
 .text.BusFault_Handler
                0x00000000080078ea        0x2 Core/Src/stm32f1xx_it.o
                0x00000000080078ea                BusFault_Handler
 .text.UsageFault_Handler
                0x00000000080078ec        0x2 Core/Src/stm32f1xx_it.o
                0x00000000080078ec                UsageFault_Handler
 .text.DebugMon_Handler
                0x00000000080078ee        0x2 Core/Src/stm32f1xx_it.o
                0x00000000080078ee                DebugMon_Handler
 .text.SysTick_Handler
                0x00000000080078f0        0x4 Core/Src/stm32f1xx_it.o
                0x00000000080078f0                SysTick_Handler
 .text.DMA1_Channel1_IRQHandler
                0x00000000080078f4        0xc Core/Src/stm32f1xx_it.o
                0x00000000080078f4                DMA1_Channel1_IRQHandler
 .text.ADC1_2_IRQHandler
                0x0000000008007900        0xc Core/Src/stm32f1xx_it.o
                0x0000000008007900                ADC1_2_IRQHandler
 .text.TIM1_UP_IRQHandler
                0x000000000800790c        0xc Core/Src/stm32f1xx_it.o
                0x000000000800790c                TIM1_UP_IRQHandler
 .text.TIM3_IRQHandler
                0x0000000008007918        0xc Core/Src/stm32f1xx_it.o
                0x0000000008007918                TIM3_IRQHandler
 .text.TIM2_IRQHandler
                0x0000000008007924        0xc Core/Src/stm32f1xx_it.o
                0x0000000008007924                TIM2_IRQHandler
 .text.I2C1_EV_IRQHandler
                0x0000000008007930        0xc Core/Src/stm32f1xx_it.o
                0x0000000008007930                I2C1_EV_IRQHandler
 .text.I2C1_ER_IRQHandler
                0x000000000800793c        0xc Core/Src/stm32f1xx_it.o
                0x000000000800793c                I2C1_ER_IRQHandler
 .text.DMA1_Channel6_IRQHandler
                0x0000000008007948        0xc Core/Src/stm32f1xx_it.o
                0x0000000008007948                DMA1_Channel6_IRQHandler
 .text.DMA1_Channel7_IRQHandler
                0x0000000008007954        0xc Core/Src/stm32f1xx_it.o
                0x0000000008007954                DMA1_Channel7_IRQHandler
 .text.SystemInit
                0x0000000008007960       0x4c Core/Src/system_stm32f1xx.o
                0x0000000008007960                SystemInit
 .text.HAL_Init
                0x00000000080079ac       0x24 Drivers/STM32F1xx_HAL_Driver/Src/stm32f1xx_hal.o
                0x00000000080079ac                HAL_Init
 .text.HAL_IncTick
                0x00000000080079d0       0x18 Drivers/STM32F1xx_HAL_Driver/Src/stm32f1xx_hal.o
                0x00000000080079d0                HAL_IncTick
 .text.HAL_GetTick
                0x00000000080079e8        0xc Drivers/STM32F1xx_HAL_Driver/Src/stm32f1xx_hal.o
                0x00000000080079e8                HAL_GetTick
 .text.HAL_Delay
                0x00000000080079f4       0x24 Drivers/STM32F1xx_HAL_Driver/Src/stm32f1xx_hal.o
                0x00000000080079f4                HAL_Delay
 .text.HAL_ADC_ConvCpltCallback
                0x0000000008007a18        0x2 Drivers/STM32F1xx_HAL_Driver/Src/stm32f1xx_hal_adc.o
                0x0000000008007a18                HAL_ADC_ConvCpltCallback
 .text.ADC_DMAConvCplt
                0x0000000008007a1a       0x4e Drivers/STM32F1xx_HAL_Driver/Src/stm32f1xx_hal_adc.o
                0x0000000008007a1a                ADC_DMAConvCplt
 .text.HAL_ADC_ConvHalfCpltCallback
                0x0000000008007a68        0x2 Drivers/STM32F1xx_HAL_Driver/Src/stm32f1xx_hal_adc.o
                0x0000000008007a68                HAL_ADC_ConvHalfCpltCallback
 .text.ADC_DMAHalfConvCplt
                0x0000000008007a6a        0xa Drivers/STM32F1xx_HAL_Driver/Src/stm32f1xx_hal_adc.o
                0x0000000008007a6a                ADC_DMAHalfConvCplt
 .text.HAL_ADC_LevelOutOfWindowCallback
                0x0000000008007a74        0x2 Drivers/STM32F1xx_HAL_Driver/Src/stm32f1xx_hal_adc.o
                0x0000000008007a74                HAL_ADC_LevelOutOfWindowCallback
 .text.HAL_ADC_IRQHandler
                0x0000000008007a76       0xec Drivers/STM32F1xx_HAL_Driver/Src/stm32f1xx_hal_adc.o
                0x0000000008007a76                HAL_ADC_IRQHandler
 .text.HAL_ADC_ErrorCallback
                0x0000000008007b62        0x2 Drivers/STM32F1xx_HAL_Driver/Src/stm32f1xx_hal_adc.o
                0x0000000008007b62                HAL_ADC_ErrorCallback
 .text.ADC_DMAError
                0x0000000008007b64       0x1a Drivers/STM32F1xx_HAL_Driver/Src/stm32f1xx_hal_adc.o
                0x0000000008007b64                ADC_DMAError
 *fill*         0x0000000008007b7e        0x2 
 .text.HAL_ADC_ConfigChannel
                0x0000000008007b80       0xfc Drivers/STM32F1xx_HAL_Driver/Src/stm32f1xx_hal_adc.o
                0x0000000008007b80                HAL_ADC_ConfigChannel
 .text.ADC_Enable
                0x0000000008007c7c       0x70 Drivers/STM32F1xx_HAL_Driver/Src/stm32f1xx_hal_adc.o
                0x0000000008007c7c                ADC_Enable
 .text.HAL_ADC_Start
                0x0000000008007cec       0xc4 Drivers/STM32F1xx_HAL_Driver/Src/stm32f1xx_hal_adc.o
                0x0000000008007cec                HAL_ADC_Start
 .text.ADC_ConversionStop_Disable
                0x0000000008007db0       0x44 Drivers/STM32F1xx_HAL_Driver/Src/stm32f1xx_hal_adc.o
                0x0000000008007db0                ADC_ConversionStop_Disable
 .text.HAL_ADC_Init
                0x0000000008007df4      0x100 Drivers/STM32F1xx_HAL_Driver/Src/stm32f1xx_hal_adc.o
                0x0000000008007df4                HAL_ADC_Init
 .text.HAL_ADCEx_Calibration_Start
                0x0000000008007ef4       0xd0 Drivers/STM32F1xx_HAL_Driver/Src/stm32f1xx_hal_adc_ex.o
                0x0000000008007ef4                HAL_ADCEx_Calibration_Start
 .text.HAL_ADCEx_InjectedStart
                0x0000000008007fc4       0xac Drivers/STM32F1xx_HAL_Driver/Src/stm32f1xx_hal_adc_ex.o
                0x0000000008007fc4                HAL_ADCEx_InjectedStart
 .text.HAL_ADCEx_MultiModeStart_DMA
                0x0000000008008070       0xdc Drivers/STM32F1xx_HAL_Driver/Src/stm32f1xx_hal_adc_ex.o
                0x0000000008008070                HAL_ADCEx_MultiModeStart_DMA
 .text.HAL_ADCEx_InjectedConfigChannel
                0x000000000800814c      0x1c8 Drivers/STM32F1xx_HAL_Driver/Src/stm32f1xx_hal_adc_ex.o
                0x000000000800814c                HAL_ADCEx_InjectedConfigChannel
 .text.HAL_ADCEx_MultiModeConfigChannel
                0x0000000008008314       0x58 Drivers/STM32F1xx_HAL_Driver/Src/stm32f1xx_hal_adc_ex.o
                0x0000000008008314                HAL_ADCEx_MultiModeConfigChannel
 .text.HAL_NVIC_SetPriorityGrouping
                0x000000000800836c       0x24 Drivers/STM32F1xx_HAL_Driver/Src/stm32f1xx_hal_cortex.o
                0x000000000800836c                HAL_NVIC_SetPriorityGrouping
 .text.HAL_NVIC_SetPriority
                0x0000000008008390       0x68 Drivers/STM32F1xx_HAL_Driver/Src/stm32f1xx_hal_cortex.o
                0x0000000008008390                HAL_NVIC_SetPriority
 .text.HAL_NVIC_EnableIRQ
                0x00000000080083f8       0x18 Drivers/STM32F1xx_HAL_Driver/Src/stm32f1xx_hal_cortex.o
                0x00000000080083f8                HAL_NVIC_EnableIRQ
 .text.HAL_SYSTICK_Config
                0x0000000008008410       0x2c Drivers/STM32F1xx_HAL_Driver/Src/stm32f1xx_hal_cortex.o
                0x0000000008008410                HAL_SYSTICK_Config
 .text.HAL_SYSTICK_CLKSourceConfig
                0x000000000800843c       0x18 Drivers/STM32F1xx_HAL_Driver/Src/stm32f1xx_hal_cortex.o
                0x000000000800843c                HAL_SYSTICK_CLKSourceConfig
 .text.HAL_DMA_Init
                0x0000000008008454       0x60 Drivers/STM32F1xx_HAL_Driver/Src/stm32f1xx_hal_dma.o
                0x0000000008008454                HAL_DMA_Init
 .text.HAL_DMA_Start_IT
                0x00000000080084b4       0x7a Drivers/STM32F1xx_HAL_Driver/Src/stm32f1xx_hal_dma.o
                0x00000000080084b4                HAL_DMA_Start_IT
 *fill*         0x000000000800852e        0x2 
 .text.HAL_DMA_Abort_IT
                0x0000000008008530       0x90 Drivers/STM32F1xx_HAL_Driver/Src/stm32f1xx_hal_dma.o
                0x0000000008008530                HAL_DMA_Abort_IT
 .text.HAL_DMA_IRQHandler
                0x00000000080085c0      0x128 Drivers/STM32F1xx_HAL_Driver/Src/stm32f1xx_hal_dma.o
                0x00000000080085c0                HAL_DMA_IRQHandler
 .text.FLASH_SetErrorCode
                0x00000000080086e8       0x50 Drivers/STM32F1xx_HAL_Driver/Src/stm32f1xx_hal_flash.o
 .text.HAL_FLASH_Unlock
                0x0000000008008738       0x24 Drivers/STM32F1xx_HAL_Driver/Src/stm32f1xx_hal_flash.o
                0x0000000008008738                HAL_FLASH_Unlock
 .text.HAL_FLASH_Lock
                0x000000000800875c       0x14 Drivers/STM32F1xx_HAL_Driver/Src/stm32f1xx_hal_flash.o
                0x000000000800875c                HAL_FLASH_Lock
 .text.FLASH_WaitForLastOperation
                0x0000000008008770       0x54 Drivers/STM32F1xx_HAL_Driver/Src/stm32f1xx_hal_flash.o
                0x0000000008008770                FLASH_WaitForLastOperation
 .text.HAL_FLASH_Program
                0x00000000080087c4       0xa0 Drivers/STM32F1xx_HAL_Driver/Src/stm32f1xx_hal_flash.o
                0x00000000080087c4                HAL_FLASH_Program
 .text.FLASH_MassErase.isra.0
                0x0000000008008864       0x24 Drivers/STM32F1xx_HAL_Driver/Src/stm32f1xx_hal_flash_ex.o
 .text.FLASH_PageErase
                0x0000000008008888       0x24 Drivers/STM32F1xx_HAL_Driver/Src/stm32f1xx_hal_flash_ex.o
                0x0000000008008888                FLASH_PageErase
 .text.HAL_FLASHEx_Erase
                0x00000000080088ac       0x98 Drivers/STM32F1xx_HAL_Driver/Src/stm32f1xx_hal_flash_ex.o
                0x00000000080088ac                HAL_FLASHEx_Erase
 .text.HAL_GPIO_Init
                0x0000000008008944      0x1c0 Drivers/STM32F1xx_HAL_Driver/Src/stm32f1xx_hal_gpio.o
                0x0000000008008944                HAL_GPIO_Init
 .text.HAL_GPIO_ReadPin
                0x0000000008008b04        0xc Drivers/STM32F1xx_HAL_Driver/Src/stm32f1xx_hal_gpio.o
                0x0000000008008b04                HAL_GPIO_ReadPin
 .text.HAL_GPIO_WritePin
                0x0000000008008b10        0xa Drivers/STM32F1xx_HAL_Driver/Src/stm32f1xx_hal_gpio.o
                0x0000000008008b10                HAL_GPIO_WritePin
 .text.I2C_IsAcknowledgeFailed
                0x0000000008008b1a       0x2a Drivers/STM32F1xx_HAL_Driver/Src/stm32f1xx_hal_i2c.o
 .text.I2C_WaitOnMasterAddressFlagUntilTimeout
                0x0000000008008b44       0x68 Drivers/STM32F1xx_HAL_Driver/Src/stm32f1xx_hal_i2c.o
 .text.I2C_WaitOnFlagUntilTimeout
                0x0000000008008bac       0x5a Drivers/STM32F1xx_HAL_Driver/Src/stm32f1xx_hal_i2c.o
 .text.I2C_WaitOnTXEFlagUntilTimeout
                0x0000000008008c06       0x4c Drivers/STM32F1xx_HAL_Driver/Src/stm32f1xx_hal_i2c.o
 *fill*         0x0000000008008c52        0x2 
 .text.I2C_RequestMemoryWrite
                0x0000000008008c54       0xa4 Drivers/STM32F1xx_HAL_Driver/Src/stm32f1xx_hal_i2c.o
 .text.I2C_RequestMemoryRead
                0x0000000008008cf8       0xf4 Drivers/STM32F1xx_HAL_Driver/Src/stm32f1xx_hal_i2c.o
 .text.I2C_WaitOnRXNEFlagUntilTimeout
                0x0000000008008dec       0x5a Drivers/STM32F1xx_HAL_Driver/Src/stm32f1xx_hal_i2c.o
 .text.I2C_WaitOnBTFFlagUntilTimeout
                0x0000000008008e46       0x4c Drivers/STM32F1xx_HAL_Driver/Src/stm32f1xx_hal_i2c.o
 *fill*         0x0000000008008e92        0x2 
 .text.HAL_I2C_Init
                0x0000000008008e94      0x100 Drivers/STM32F1xx_HAL_Driver/Src/stm32f1xx_hal_i2c.o
                0x0000000008008e94                HAL_I2C_Init
 .text.HAL_I2C_Master_Transmit
                0x0000000008008f94      0x1a8 Drivers/STM32F1xx_HAL_Driver/Src/stm32f1xx_hal_i2c.o
                0x0000000008008f94                HAL_I2C_Master_Transmit
 .text.HAL_I2C_Master_Transmit_DMA
                0x000000000800913c      0x100 Drivers/STM32F1xx_HAL_Driver/Src/stm32f1xx_hal_i2c.o
                0x000000000800913c                HAL_I2C_Master_Transmit_DMA
 .text.HAL_I2C_Mem_Write
                0x000000000800923c      0x12c Drivers/STM32F1xx_HAL_Driver/Src/stm32f1xx_hal_i2c.o
                0x000000000800923c                HAL_I2C_Mem_Write
 .text.HAL_I2C_Mem_Read
                0x0000000008009368      0x23c Drivers/STM32F1xx_HAL_Driver/Src/stm32f1xx_hal_i2c.o
                0x0000000008009368                HAL_I2C_Mem_Read
 .text.HAL_I2C_SlaveTxCpltCallback
                0x00000000080095a4        0x2 Drivers/STM32F1xx_HAL_Driver/Src/stm32f1xx_hal_i2c.o
                0x00000000080095a4                HAL_I2C_SlaveTxCpltCallback
 .text.HAL_I2C_SlaveRxCpltCallback
                0x00000000080095a6        0x2 Drivers/STM32F1xx_HAL_Driver/Src/stm32f1xx_hal_i2c.o
                0x00000000080095a6                HAL_I2C_SlaveRxCpltCallback
 .text.HAL_I2C_AddrCallback
                0x00000000080095a8        0x2 Drivers/STM32F1xx_HAL_Driver/Src/stm32f1xx_hal_i2c.o
                0x00000000080095a8                HAL_I2C_AddrCallback
 .text.HAL_I2C_ListenCpltCallback
                0x00000000080095aa        0x2 Drivers/STM32F1xx_HAL_Driver/Src/stm32f1xx_hal_i2c.o
                0x00000000080095aa                HAL_I2C_ListenCpltCallback
 .text.I2C_DMAError
                0x00000000080095ac       0x2a Drivers/STM32F1xx_HAL_Driver/Src/stm32f1xx_hal_i2c.o
 .text.I2C_DMAXferCplt
                0x00000000080095d6       0x80 Drivers/STM32F1xx_HAL_Driver/Src/stm32f1xx_hal_i2c.o
 *fill*         0x0000000008009656        0x2 
 .text.I2C_ITError
                0x0000000008009658      0x128 Drivers/STM32F1xx_HAL_Driver/Src/stm32f1xx_hal_i2c.o
 .text.HAL_I2C_EV_IRQHandler
                0x0000000008009780      0x6d0 Drivers/STM32F1xx_HAL_Driver/Src/stm32f1xx_hal_i2c.o
                0x0000000008009780                HAL_I2C_EV_IRQHandler
 .text.HAL_I2C_ER_IRQHandler
                0x0000000008009e50      0x13c Drivers/STM32F1xx_HAL_Driver/Src/stm32f1xx_hal_i2c.o
                0x0000000008009e50                HAL_I2C_ER_IRQHandler
 .text.I2C_DMAAbort
                0x0000000008009f8c       0x4c Drivers/STM32F1xx_HAL_Driver/Src/stm32f1xx_hal_i2c.o
 .text.HAL_IWDG_Init
                0x0000000008009fd8       0x42 Drivers/STM32F1xx_HAL_Driver/Src/stm32f1xx_hal_iwdg.o
                0x0000000008009fd8                HAL_IWDG_Init
 .text.HAL_IWDG_Refresh
                0x000000000800a01a        0xc Drivers/STM32F1xx_HAL_Driver/Src/stm32f1xx_hal_iwdg.o
                0x000000000800a01a                HAL_IWDG_Refresh
 *fill*         0x000000000800a026        0x2 
 .text.HAL_RCC_OscConfig
                0x000000000800a028      0x318 Drivers/STM32F1xx_HAL_Driver/Src/stm32f1xx_hal_rcc.o
                0x000000000800a028                HAL_RCC_OscConfig
 .text.HAL_RCC_GetSysClockFreq
                0x000000000800a340       0x74 Drivers/STM32F1xx_HAL_Driver/Src/stm32f1xx_hal_rcc.o
                0x000000000800a340                HAL_RCC_GetSysClockFreq
 .text.HAL_RCC_ClockConfig
                0x000000000800a3b4      0x160 Drivers/STM32F1xx_HAL_Driver/Src/stm32f1xx_hal_rcc.o
                0x000000000800a3b4                HAL_RCC_ClockConfig
 .text.HAL_RCC_GetHCLKFreq
                0x000000000800a514        0xc Drivers/STM32F1xx_HAL_Driver/Src/stm32f1xx_hal_rcc.o
                0x000000000800a514                HAL_RCC_GetHCLKFreq
 .text.HAL_RCC_GetPCLK1Freq
                0x000000000800a520       0x20 Drivers/STM32F1xx_HAL_Driver/Src/stm32f1xx_hal_rcc.o
                0x000000000800a520                HAL_RCC_GetPCLK1Freq
 .text.HAL_RCC_GetPCLK2Freq
                0x000000000800a540       0x20 Drivers/STM32F1xx_HAL_Driver/Src/stm32f1xx_hal_rcc.o
                0x000000000800a540                HAL_RCC_GetPCLK2Freq
 .text.HAL_RCC_GetClockConfig
                0x000000000800a560       0x3c Drivers/STM32F1xx_HAL_Driver/Src/stm32f1xx_hal_rcc.o
                0x000000000800a560                HAL_RCC_GetClockConfig
 .text.HAL_RCCEx_PeriphCLKConfig
                0x000000000800a59c       0xf0 Drivers/STM32F1xx_HAL_Driver/Src/stm32f1xx_hal_rcc_ex.o
                0x000000000800a59c                HAL_RCCEx_PeriphCLKConfig
 .text.HAL_RCCEx_GetPeriphCLKFreq
                0x000000000800a68c       0xe8 Drivers/STM32F1xx_HAL_Driver/Src/stm32f1xx_hal_rcc_ex.o
                0x000000000800a68c                HAL_RCCEx_GetPeriphCLKFreq
 .text.TIM_OC1_SetConfig
                0x000000000800a774       0x50 Drivers/STM32F1xx_HAL_Driver/Src/stm32f1xx_hal_tim.o
 .text.TIM_OC3_SetConfig
                0x000000000800a7c4       0x54 Drivers/STM32F1xx_HAL_Driver/Src/stm32f1xx_hal_tim.o
 .text.TIM_OC4_SetConfig
                0x000000000800a818       0x44 Drivers/STM32F1xx_HAL_Driver/Src/stm32f1xx_hal_tim.o
 .text.HAL_TIM_Base_Start_IT
                0x000000000800a85c       0x16 Drivers/STM32F1xx_HAL_Driver/Src/stm32f1xx_hal_tim.o
                0x000000000800a85c                HAL_TIM_Base_Start_IT
 .text.HAL_TIM_OC_MspInit
                0x000000000800a872        0x2 Drivers/STM32F1xx_HAL_Driver/Src/stm32f1xx_hal_tim.o
                0x000000000800a872                HAL_TIM_OC_MspInit
 .text.HAL_TIM_PWM_MspInit
                0x000000000800a874        0x2 Drivers/STM32F1xx_HAL_Driver/Src/stm32f1xx_hal_tim.o
                0x000000000800a874                HAL_TIM_PWM_MspInit
 .text.HAL_TIM_ConfigClockSource
                0x000000000800a876      0x172 Drivers/STM32F1xx_HAL_Driver/Src/stm32f1xx_hal_tim.o
                0x000000000800a876                HAL_TIM_ConfigClockSource
 .text.HAL_TIM_OC_DelayElapsedCallback
                0x000000000800a9e8        0x2 Drivers/STM32F1xx_HAL_Driver/Src/stm32f1xx_hal_tim.o
                0x000000000800a9e8                HAL_TIM_OC_DelayElapsedCallback
 .text.HAL_TIM_IC_CaptureCallback
                0x000000000800a9ea        0x2 Drivers/STM32F1xx_HAL_Driver/Src/stm32f1xx_hal_tim.o
                0x000000000800a9ea                HAL_TIM_IC_CaptureCallback
 .text.HAL_TIM_TriggerCallback
                0x000000000800a9ec        0x2 Drivers/STM32F1xx_HAL_Driver/Src/stm32f1xx_hal_tim.o
                0x000000000800a9ec                HAL_TIM_TriggerCallback
 .text.HAL_TIM_IRQHandler
                0x000000000800a9ee      0x144 Drivers/STM32F1xx_HAL_Driver/Src/stm32f1xx_hal_tim.o
                0x000000000800a9ee                HAL_TIM_IRQHandler
 *fill*         0x000000000800ab32        0x2 
 .text.TIM_Base_SetConfig
                0x000000000800ab34       0x70 Drivers/STM32F1xx_HAL_Driver/Src/stm32f1xx_hal_tim.o
                0x000000000800ab34                TIM_Base_SetConfig
 .text.HAL_TIM_Base_Init
                0x000000000800aba4       0x34 Drivers/STM32F1xx_HAL_Driver/Src/stm32f1xx_hal_tim.o
                0x000000000800aba4                HAL_TIM_Base_Init
 .text.HAL_TIM_OC_Init
                0x000000000800abd8       0x34 Drivers/STM32F1xx_HAL_Driver/Src/stm32f1xx_hal_tim.o
                0x000000000800abd8                HAL_TIM_OC_Init
 .text.HAL_TIM_PWM_Init
                0x000000000800ac0c       0x34 Drivers/STM32F1xx_HAL_Driver/Src/stm32f1xx_hal_tim.o
                0x000000000800ac0c                HAL_TIM_PWM_Init
 .text.TIM_OC2_SetConfig
                0x000000000800ac40       0x58 Drivers/STM32F1xx_HAL_Driver/Src/stm32f1xx_hal_tim.o
                0x000000000800ac40                TIM_OC2_SetConfig
 .text.HAL_TIM_OC_ConfigChannel
                0x000000000800ac98       0x5c Drivers/STM32F1xx_HAL_Driver/Src/stm32f1xx_hal_tim.o
                0x000000000800ac98                HAL_TIM_OC_ConfigChannel
 .text.HAL_TIM_PWM_ConfigChannel
                0x000000000800acf4       0xc4 Drivers/STM32F1xx_HAL_Driver/Src/stm32f1xx_hal_tim.o
                0x000000000800acf4                HAL_TIM_PWM_ConfigChannel
 .text.TIM_CCxChannelCmd
                0x000000000800adb8       0x18 Drivers/STM32F1xx_HAL_Driver/Src/stm32f1xx_hal_tim.o
                0x000000000800adb8                TIM_CCxChannelCmd
 .text.HAL_TIM_OC_Start
                0x000000000800add0       0x2c Drivers/STM32F1xx_HAL_Driver/Src/stm32f1xx_hal_tim.o
                0x000000000800add0                HAL_TIM_OC_Start
 .text.HAL_TIM_PWM_Start
                0x000000000800adfc        0x4 Drivers/STM32F1xx_HAL_Driver/Src/stm32f1xx_hal_tim.o
                0x000000000800adfc                HAL_TIM_PWM_Start
 .text.HAL_TIM_OC_Start_IT
                0x000000000800ae00       0x64 Drivers/STM32F1xx_HAL_Driver/Src/stm32f1xx_hal_tim.o
                0x000000000800ae00                HAL_TIM_OC_Start_IT
 .text.HAL_TIM_PWM_Start_IT
                0x000000000800ae64        0x4 Drivers/STM32F1xx_HAL_Driver/Src/stm32f1xx_hal_tim.o
                0x000000000800ae64                HAL_TIM_PWM_Start_IT
 .text.HAL_TIM_PWM_Stop
                0x000000000800ae68       0x5c Drivers/STM32F1xx_HAL_Driver/Src/stm32f1xx_hal_tim.o
                0x000000000800ae68                HAL_TIM_PWM_Stop
 .text.HAL_TIMEx_MasterConfigSynchronization
                0x000000000800aec4       0x44 Drivers/STM32F1xx_HAL_Driver/Src/stm32f1xx_hal_tim_ex.o
                0x000000000800aec4                HAL_TIMEx_MasterConfigSynchronization
 .text.HAL_TIMEx_CommutationCallback
                0x000000000800af08        0x2 Drivers/STM32F1xx_HAL_Driver/Src/stm32f1xx_hal_tim_ex.o
                0x000000000800af08                HAL_TIMEx_CommutationCallback
 .text.HAL_TIMEx_BreakCallback
                0x000000000800af0a        0x2 Drivers/STM32F1xx_HAL_Driver/Src/stm32f1xx_hal_tim_ex.o
                0x000000000800af0a                HAL_TIMEx_BreakCallback
 .text.osKernelStart
                0x000000000800af0c        0xa Middlewares/Third_Party/FreeRTOS/Source/CMSIS_RTOS/cmsis_os.o
                0x000000000800af0c                osKernelStart
 .text.osThreadCreate
                0x000000000800af16       0x32 Middlewares/Third_Party/FreeRTOS/Source/CMSIS_RTOS/cmsis_os.o
                0x000000000800af16                osThreadCreate
 .text.osDelay  0x000000000800af48       0x16 Middlewares/Third_Party/FreeRTOS/Source/CMSIS_RTOS/cmsis_os.o
                0x000000000800af48                osDelay
 .text.osSystickHandler
                0x000000000800af5e       0x14 Middlewares/Third_Party/FreeRTOS/Source/CMSIS_RTOS/cmsis_os.o
                0x000000000800af5e                osSystickHandler
 .text.vListInitialise
                0x000000000800af72       0x16 Middlewares/Third_Party/FreeRTOS/Source/list.o
                0x000000000800af72                vListInitialise
 .text.vListInitialiseItem
                0x000000000800af88        0x6 Middlewares/Third_Party/FreeRTOS/Source/list.o
                0x000000000800af88                vListInitialiseItem
 .text.vListInsertEnd
                0x000000000800af8e       0x18 Middlewares/Third_Party/FreeRTOS/Source/list.o
                0x000000000800af8e                vListInsertEnd
 .text.vListInsert
                0x000000000800afa6       0x2e Middlewares/Third_Party/FreeRTOS/Source/list.o
                0x000000000800afa6                vListInsert
 .text.uxListRemove
                0x000000000800afd4       0x20 Middlewares/Third_Party/FreeRTOS/Source/list.o
                0x000000000800afd4                uxListRemove
 .text.prvCopyDataToQueue
                0x000000000800aff4       0x66 Middlewares/Third_Party/FreeRTOS/Source/queue.o
 .text.prvCopyDataFromQueue
                0x000000000800b05a       0x28 Middlewares/Third_Party/FreeRTOS/Source/queue.o
 .text.prvUnlockQueue
                0x000000000800b082       0x70 Middlewares/Third_Party/FreeRTOS/Source/queue.o
 *fill*         0x000000000800b0f2        0x2 
 .text.xQueueGenericReset
                0x000000000800b0f4       0x80 Middlewares/Third_Party/FreeRTOS/Source/queue.o
                0x000000000800b0f4                xQueueGenericReset
 .text.xQueueGenericCreate
                0x000000000800b174       0x42 Middlewares/Third_Party/FreeRTOS/Source/queue.o
                0x000000000800b174                xQueueGenericCreate
 *fill*         0x000000000800b1b6        0x2 
 .text.xQueueGenericSend
                0x000000000800b1b8      0x164 Middlewares/Third_Party/FreeRTOS/Source/queue.o
                0x000000000800b1b8                xQueueGenericSend
 .text.xQueueGiveFromISR
                0x000000000800b31c       0xa8 Middlewares/Third_Party/FreeRTOS/Source/queue.o
                0x000000000800b31c                xQueueGiveFromISR
 .text.xQueueGenericReceive
                0x000000000800b3c4      0x180 Middlewares/Third_Party/FreeRTOS/Source/queue.o
                0x000000000800b3c4                xQueueGenericReceive
 .text.prvIdleTask
                0x000000000800b544       0x24 Middlewares/Third_Party/FreeRTOS/Source/tasks.o
 .text.unlikely.prvResetNextTaskUnblockTime
                0x000000000800b568       0x24 Middlewares/Third_Party/FreeRTOS/Source/tasks.o
 .text.prvAddCurrentTaskToDelayedList.isra.2
                0x000000000800b58c       0x70 Middlewares/Third_Party/FreeRTOS/Source/tasks.o
 .text.xTaskCreate
                0x000000000800b5fc      0x1ac Middlewares/Third_Party/FreeRTOS/Source/tasks.o
                0x000000000800b5fc                xTaskCreate
 .text.vTaskStartScheduler
                0x000000000800b7a8       0x78 Middlewares/Third_Party/FreeRTOS/Source/tasks.o
                0x000000000800b7a8                vTaskStartScheduler
 .text.vTaskSuspendAll
                0x000000000800b820       0x10 Middlewares/Third_Party/FreeRTOS/Source/tasks.o
                0x000000000800b820                vTaskSuspendAll
 .text.xTaskGetTickCount
                0x000000000800b830        0xc Middlewares/Third_Party/FreeRTOS/Source/tasks.o
                0x000000000800b830                xTaskGetTickCount
 .text.xTaskIncrementTick
                0x000000000800b83c      0x124 Middlewares/Third_Party/FreeRTOS/Source/tasks.o
                0x000000000800b83c                xTaskIncrementTick
 .text.xTaskResumeAll
                0x000000000800b960       0xec Middlewares/Third_Party/FreeRTOS/Source/tasks.o
                0x000000000800b960                xTaskResumeAll
 .text.vTaskDelay
                0x000000000800ba4c       0x48 Middlewares/Third_Party/FreeRTOS/Source/tasks.o
                0x000000000800ba4c                vTaskDelay
 .text.vTaskSwitchContext
                0x000000000800ba94       0xa4 Middlewares/Third_Party/FreeRTOS/Source/tasks.o
                0x000000000800ba94                vTaskSwitchContext
 .text.vTaskPlaceOnEventList
                0x000000000800bb38       0x30 Middlewares/Third_Party/FreeRTOS/Source/tasks.o
                0x000000000800bb38                vTaskPlaceOnEventList
 .text.xTaskRemoveFromEventList
                0x000000000800bb68       0x84 Middlewares/Third_Party/FreeRTOS/Source/tasks.o
                0x000000000800bb68                xTaskRemoveFromEventList
 .text.vTaskSetTimeOutState
                0x000000000800bbec       0x2c Middlewares/Third_Party/FreeRTOS/Source/tasks.o
                0x000000000800bbec                vTaskSetTimeOutState
 .text.xTaskCheckForTimeOut
                0x000000000800bc18       0x70 Middlewares/Third_Party/FreeRTOS/Source/tasks.o
                0x000000000800bc18                xTaskCheckForTimeOut
 .text.vTaskMissedYield
                0x000000000800bc88        0xc Middlewares/Third_Party/FreeRTOS/Source/tasks.o
                0x000000000800bc88                vTaskMissedYield
 .text.uxTaskGetStackHighWaterMark
                0x000000000800bc94       0x20 Middlewares/Third_Party/FreeRTOS/Source/tasks.o
                0x000000000800bc94                uxTaskGetStackHighWaterMark
 .text.xTaskGetCurrentTaskHandle
                0x000000000800bcb4        0xc Middlewares/Third_Party/FreeRTOS/Source/tasks.o
                0x000000000800bcb4                xTaskGetCurrentTaskHandle
 .text.xTaskGetSchedulerState
                0x000000000800bcc0       0x20 Middlewares/Third_Party/FreeRTOS/Source/tasks.o
                0x000000000800bcc0                xTaskGetSchedulerState
 .text.vTaskPriorityInherit
                0x000000000800bce0       0x94 Middlewares/Third_Party/FreeRTOS/Source/tasks.o
                0x000000000800bce0                vTaskPriorityInherit
 .text.xTaskPriorityDisinherit
                0x000000000800bd74       0xa0 Middlewares/Third_Party/FreeRTOS/Source/tasks.o
                0x000000000800bd74                xTaskPriorityDisinherit
 .text.pvTaskIncrementMutexHeldCount
                0x000000000800be14       0x18 Middlewares/Third_Party/FreeRTOS/Source/tasks.o
                0x000000000800be14                pvTaskIncrementMutexHeldCount
 .text.ulTaskNotifyTake
                0x000000000800be2c       0x64 Middlewares/Third_Party/FreeRTOS/Source/tasks.o
                0x000000000800be2c                ulTaskNotifyTake
 .text.vTaskNotifyGiveFromISR
                0x000000000800be90       0xcc Middlewares/Third_Party/FreeRTOS/Source/tasks.o
                0x000000000800be90                vTaskNotifyGiveFromISR
 .text.prvTaskExitError
                0x000000000800bf5c       0x30 Middlewares/Third_Party/FreeRTOS/Source/portable/GCC/ARM_CM3/port.o
 .text.prvPortStartFirstTask
                0x000000000800bf8c       0x20 Middlewares/Third_Party/FreeRTOS/Source/portable/GCC/ARM_CM3/port.o
 .text.pxPortInitialiseStack
                0x000000000800bfac       0x24 Middlewares/Third_Party/FreeRTOS/Source/portable/GCC/ARM_CM3/port.o
                0x000000000800bfac                pxPortInitialiseStack
 .text.SVC_Handler
                0x000000000800bfd0       0x24 Middlewares/Third_Party/FreeRTOS/Source/portable/GCC/ARM_CM3/port.o
                0x000000000800bfd0                SVC_Handler
 .text.vPortEnterCritical
                0x000000000800bff4       0x44 Middlewares/Third_Party/FreeRTOS/Source/portable/GCC/ARM_CM3/port.o
                0x000000000800bff4                vPortEnterCritical
 .text.vPortExitCritical
                0x000000000800c038       0x28 Middlewares/Third_Party/FreeRTOS/Source/portable/GCC/ARM_CM3/port.o
                0x000000000800c038                vPortExitCritical
 .text.PendSV_Handler
                0x000000000800c060       0x44 Middlewares/Third_Party/FreeRTOS/Source/portable/GCC/ARM_CM3/port.o
                0x000000000800c060                PendSV_Handler
 .text.xPortSysTickHandler
                0x000000000800c0a4       0x2c Middlewares/Third_Party/FreeRTOS/Source/portable/GCC/ARM_CM3/port.o
                0x000000000800c0a4                xPortSysTickHandler
 .text.vPortSetupTimerInterrupt
                0x000000000800c0d0       0x24 Middlewares/Third_Party/FreeRTOS/Source/portable/GCC/ARM_CM3/port.o
                0x000000000800c0d0                vPortSetupTimerInterrupt
 .text.xPortStartScheduler
                0x000000000800c0f4       0x94 Middlewares/Third_Party/FreeRTOS/Source/portable/GCC/ARM_CM3/port.o
                0x000000000800c0f4                xPortStartScheduler
 .text.vPortValidateInterruptPriority
                0x000000000800c188       0x5c Middlewares/Third_Party/FreeRTOS/Source/portable/GCC/ARM_CM3/port.o
                0x000000000800c188                vPortValidateInterruptPriority
 .text.unlikely.prvInsertBlockIntoFreeList
                0x000000000800c1e4       0x48 Middlewares/Third_Party/FreeRTOS/Source/portable/MemMang/heap_4.o
 .text.pvPortMalloc
                0x000000000800c22c      0x118 Middlewares/Third_Party/FreeRTOS/Source/portable/MemMang/heap_4.o
                0x000000000800c22c                pvPortMalloc
 .text.vPortFree
                0x000000000800c344       0x70 Middlewares/Third_Party/FreeRTOS/Source/portable/MemMang/heap_4.o
                0x000000000800c344                vPortFree
 .text.xPortGetFreeHeapSize
                0x000000000800c3b4        0xc Middlewares/Third_Party/FreeRTOS/Source/portable/MemMang/heap_4.o
                0x000000000800c3b4                xPortGetFreeHeapSize
 .text.Reset_Handler
                0x000000000800c3c0       0x48 Startup/startup_stm32f103t8ux.o
                0x000000000800c3c0                Reset_Handler
 .text.Default_Handler
                0x000000000800c408        0x2 Startup/startup_stm32f103t8ux.o
                0x000000000800c408                RTC_Alarm_IRQHandler
                0x000000000800c408                EXTI2_IRQHandler
                0x000000000800c408                TIM1_CC_IRQHandler
                0x000000000800c408                PVD_IRQHandler
                0x000000000800c408                EXTI3_IRQHandler
                0x000000000800c408                EXTI0_IRQHandler
                0x000000000800c408                I2C2_EV_IRQHandler
                0x000000000800c408                SPI1_IRQHandler
                0x000000000800c408                TAMPER_IRQHandler
                0x000000000800c408                DMA1_Channel4_IRQHandler
                0x000000000800c408                USART3_IRQHandler
                0x000000000800c408                RTC_IRQHandler
                0x000000000800c408                CAN1_RX1_IRQHandler
                0x000000000800c408                TIM4_IRQHandler
                0x000000000800c408                RCC_IRQHandler
                0x000000000800c408                TIM1_TRG_COM_IRQHandler
                0x000000000800c408                Default_Handler
                0x000000000800c408                EXTI15_10_IRQHandler
                0x000000000800c408                EXTI9_5_IRQHandler
                0x000000000800c408                SPI2_IRQHandler
                0x000000000800c408                DMA1_Channel5_IRQHandler
                0x000000000800c408                EXTI4_IRQHandler
                0x000000000800c408                USB_LP_CAN1_RX0_IRQHandler
                0x000000000800c408                USB_HP_CAN1_TX_IRQHandler
                0x000000000800c408                DMA1_Channel3_IRQHandler
                0x000000000800c408                WWDG_IRQHandler
                0x000000000800c408                TIM1_BRK_IRQHandler
                0x000000000800c408                EXTI1_IRQHandler
                0x000000000800c408                USART2_IRQHandler
                0x000000000800c408                I2C2_ER_IRQHandler
                0x000000000800c408                DMA1_Channel2_IRQHandler
                0x000000000800c408                CAN1_SCE_IRQHandler
                0x000000000800c408                FLASH_IRQHandler
                0x000000000800c408                USART1_IRQHandler
                0x000000000800c408                USBWakeUp_IRQHandler
 *fill*         0x000000000800c40a        0x2 
 .text.__libc_init_array
                0x000000000800c40c       0x48 /opt/st/stm32cubeide_1.0.0/plugins/com.st.stm32cube.ide.mcu.externaltools.gnu-tools-for-stm32.7-2018-q2-update.linux64_1.0.0.201904181610/tools/bin/../lib/gcc/arm-none-eabi/7.3.1/../../../../arm-none-eabi/lib/thumb/v7-m/libc_nano.a(lib_a-init.o)
                0x000000000800c40c                __libc_init_array
 .text.memcpy   0x000000000800c454       0x16 /opt/st/stm32cubeide_1.0.0/plugins/com.st.stm32cube.ide.mcu.externaltools.gnu-tools-for-stm32.7-2018-q2-update.linux64_1.0.0.201904181610/tools/bin/../lib/gcc/arm-none-eabi/7.3.1/../../../../arm-none-eabi/lib/thumb/v7-m/libc_nano.a(lib_a-memcpy-stub.o)
                0x000000000800c454                memcpy
 .text.memset   0x000000000800c46a       0x10 /opt/st/stm32cubeide_1.0.0/plugins/com.st.stm32cube.ide.mcu.externaltools.gnu-tools-for-stm32.7-2018-q2-update.linux64_1.0.0.201904181610/tools/bin/../lib/gcc/arm-none-eabi/7.3.1/../../../../arm-none-eabi/lib/thumb/v7-m/libc_nano.a(lib_a-memset.o)
                0x000000000800c46a                memset
 *(.glue_7)
 .glue_7        0x000000000800c47a        0x0 linker stubs
 *(.glue_7t)
 .glue_7t       0x000000000800c47a        0x0 linker stubs
 *(.eh_frame)
 *fill*         0x000000000800c47a        0x2 
 .eh_frame      0x000000000800c47c        0x0 /opt/st/stm32cubeide_1.0.0/plugins/com.st.stm32cube.ide.mcu.externaltools.gnu-tools-for-stm32.7-2018-q2-update.linux64_1.0.0.201904181610/tools/bin/../lib/gcc/arm-none-eabi/7.3.1/thumb/v7-m/crtbegin.o
 *(.init)
 .init          0x000000000800c47c        0x4 /opt/st/stm32cubeide_1.0.0/plugins/com.st.stm32cube.ide.mcu.externaltools.gnu-tools-for-stm32.7-2018-q2-update.linux64_1.0.0.201904181610/tools/bin/../lib/gcc/arm-none-eabi/7.3.1/thumb/v7-m/crti.o
                0x000000000800c47c                _init
 .init          0x000000000800c480        0x8 /opt/st/stm32cubeide_1.0.0/plugins/com.st.stm32cube.ide.mcu.externaltools.gnu-tools-for-stm32.7-2018-q2-update.linux64_1.0.0.201904181610/tools/bin/../lib/gcc/arm-none-eabi/7.3.1/thumb/v7-m/crtn.o
 *(.fini)
 .fini          0x000000000800c488        0x4 /opt/st/stm32cubeide_1.0.0/plugins/com.st.stm32cube.ide.mcu.externaltools.gnu-tools-for-stm32.7-2018-q2-update.linux64_1.0.0.201904181610/tools/bin/../lib/gcc/arm-none-eabi/7.3.1/thumb/v7-m/crti.o
                0x000000000800c488                _fini
 .fini          0x000000000800c48c        0x8 /opt/st/stm32cubeide_1.0.0/plugins/com.st.stm32cube.ide.mcu.externaltools.gnu-tools-for-stm32.7-2018-q2-update.linux64_1.0.0.201904181610/tools/bin/../lib/gcc/arm-none-eabi/7.3.1/thumb/v7-m/crtn.o
                0x000000000800c494                . = ALIGN (0x4)
                0x000000000800c494                _etext = .

.vfp11_veneer   0x000000000800c494        0x0
 .vfp11_veneer  0x000000000800c494        0x0 linker stubs

.v4_bx          0x000000000800c494        0x0
 .v4_bx         0x000000000800c494        0x0 linker stubs

.iplt           0x000000000800c494        0x0
 .iplt          0x000000000800c494        0x0 /opt/st/stm32cubeide_1.0.0/plugins/com.st.stm32cube.ide.mcu.externaltools.gnu-tools-for-stm32.7-2018-q2-update.linux64_1.0.0.201904181610/tools/bin/../lib/gcc/arm-none-eabi/7.3.1/thumb/v7-m/crtbegin.o

.rodata         0x000000000800c494     0x1424
                0x000000000800c494                . = ALIGN (0x4)
 *(.rodata)
 .rodata        0x000000000800c494       0x3c Core/Src/main.o
 .rodata        0x000000000800c4d0       0x10 Drivers/STM32F1xx_HAL_Driver/Src/stm32f1xx_hal_rcc.o
 .rodata        0x000000000800c4e0       0x10 Drivers/STM32F1xx_HAL_Driver/Src/stm32f1xx_hal_rcc_ex.o
 *(.rodata*)
 .rodata._ZL13i2c_registers
                0x000000000800c4f0       0x18 Core/Src/LIS2DH12.o
 .rodata._ZL13i2c_registers
                0x000000000800c508       0x1a Core/Src/MMA8652FC.o
 .rodata._ZL14ExtraFontChars
                0x000000000800c522      0x1b0 Core/Src/OLED.o
 .rodata._ZL16REFRESH_COMMANDS
                0x000000000800c6d2       0x11 Core/Src/OLED.o
 .rodata.SettingsShortNameType
                0x000000000800c6e3        0x1 Core/Src/Translation.o
                0x000000000800c6e3                SettingsShortNameType
 .rodata.USER_FONT_12
                0x000000000800c6e4      0x6a8 Core/Src/Translation.o
                0x000000000800c6e4                USER_FONT_12
 .rodata.USER_FONT_6x8
                0x000000000800cd8c      0x1aa Core/Src/Translation.o
                0x000000000800cd8c                USER_FONT_6x8
 .rodata.str1.1
                0x000000000800cf36      0x6bb Core/Src/Translation.o
                                        0x6c9 (size before relaxing)
 .rodata._ZL17SettingsMenuIcons
                0x000000000800d5f1       0x80 Core/Src/gui.o
 .rodata._ZL26calibration_enterSimpleCalv.str1.1
                0x000000000800d671       0x25 Core/Src/gui.o
 .rodata._ZL12idleScreenBG
                0x000000000800d696       0xa8 Core/Src/main.o
 .rodata._ZL13idleScreenBGF
                0x000000000800d73e       0xa8 Core/Src/main.o
 *fill*         0x000000000800d7e6        0x2 
 .rodata._ZL7HEADERS
                0x000000000800d7e8       0x38 Core/Src/main.o
 .rodata.str1.1
                0x000000000800d820       0x7b Core/Src/main.o
 .rodata.AHBPrescTable
                0x000000000800d89b       0x10 Core/Src/system_stm32f1xx.o
                0x000000000800d89b                AHBPrescTable
 .rodata.APBPrescTable
                0x000000000800d8ab        0x8 Core/Src/system_stm32f1xx.o
                0x000000000800d8ab                APBPrescTable
 .rodata.vTaskStartScheduler.str1.1
                0x000000000800d8b3        0x5 Middlewares/Third_Party/FreeRTOS/Source/tasks.o
                0x000000000800d8b8                . = ALIGN (0x4)

.rel.dyn        0x000000000800d8b8        0x0
 .rel.iplt      0x000000000800d8b8        0x0 /opt/st/stm32cubeide_1.0.0/plugins/com.st.stm32cube.ide.mcu.externaltools.gnu-tools-for-stm32.7-2018-q2-update.linux64_1.0.0.201904181610/tools/bin/../lib/gcc/arm-none-eabi/7.3.1/thumb/v7-m/crtbegin.o

.ARM.extab      0x000000000800d8b8        0x0
                0x000000000800d8b8                . = ALIGN (0x4)
 *(.ARM.extab* .gnu.linkonce.armextab.*)
                0x000000000800d8b8                . = ALIGN (0x4)

.ARM            0x000000000800d8b8        0x0
                0x000000000800d8b8                . = ALIGN (0x4)
                0x000000000800d8b8                __exidx_start = .
 *(.ARM.exidx*)
                0x000000000800d8b8                __exidx_end = .
                0x000000000800d8b8                . = ALIGN (0x4)

.preinit_array  0x000000000800d8b8        0x0
                0x000000000800d8b8                . = ALIGN (0x4)
                0x000000000800d8b8                PROVIDE (__preinit_array_start = .)
 *(.preinit_array*)
                0x000000000800d8b8                PROVIDE (__preinit_array_end = .)
                0x000000000800d8b8                . = ALIGN (0x4)

.init_array     0x000000000800d8b8        0x8
                0x000000000800d8b8                . = ALIGN (0x4)
                0x000000000800d8b8                PROVIDE (__init_array_start = .)
 *(SORT_BY_NAME(.init_array.*))
 *(.init_array*)
 .init_array    0x000000000800d8b8        0x4 /opt/st/stm32cubeide_1.0.0/plugins/com.st.stm32cube.ide.mcu.externaltools.gnu-tools-for-stm32.7-2018-q2-update.linux64_1.0.0.201904181610/tools/bin/../lib/gcc/arm-none-eabi/7.3.1/thumb/v7-m/crtbegin.o
 .init_array    0x000000000800d8bc        0x4 Core/Src/gui.o
                0x000000000800d8c0                PROVIDE (__init_array_end = .)
                0x000000000800d8c0                . = ALIGN (0x4)

.fini_array     0x000000000800d8c0        0x4
                0x000000000800d8c0                . = ALIGN (0x4)
                [!provide]                        PROVIDE (__fini_array_start = .)
 *(SORT_BY_NAME(.fini_array.*))
 *(.fini_array*)
 .fini_array    0x000000000800d8c0        0x4 /opt/st/stm32cubeide_1.0.0/plugins/com.st.stm32cube.ide.mcu.externaltools.gnu-tools-for-stm32.7-2018-q2-update.linux64_1.0.0.201904181610/tools/bin/../lib/gcc/arm-none-eabi/7.3.1/thumb/v7-m/crtbegin.o
                [!provide]                        PROVIDE (__fini_array_end = .)
                0x000000000800d8c4                . = ALIGN (0x4)
                0x000000000800d8c4                _sidata = LOADADDR (.data)

.data           0x0000000020000000      0x344 load address 0x000000000800d8c4
                0x0000000020000000                . = ALIGN (0x4)
                0x0000000020000000                _sdata = .
 *(.data)
 *(.data*)
 .data.OLED_Setup_Array
                0x0000000020000000       0x32 Core/Src/OLED.o
                0x0000000020000000                OLED_Setup_Array
 *fill*         0x0000000020000032        0x2 
 .data.BadTipString
                0x0000000020000034        0x4 Core/Src/Translation.o
                0x0000000020000034                BadTipString
 .data.IdleSetString
                0x0000000020000038        0x4 Core/Src/Translation.o
                0x0000000020000038                IdleSetString
 .data.IdleTipString
                0x000000002000003c        0x4 Core/Src/Translation.o
                0x000000002000003c                IdleTipString
 .data.InputVoltageString
                0x0000000020000040        0x4 Core/Src/Translation.o
                0x0000000020000040                InputVoltageString
 .data.OffString
                0x0000000020000044        0x4 Core/Src/Translation.o
                0x0000000020000044                OffString
 .data.ResetOKMessage
                0x0000000020000048        0x4 Core/Src/Translation.o
                0x0000000020000048                ResetOKMessage
 .data.SettingAutoChar
                0x000000002000004c        0x4 Core/Src/Translation.o
                0x000000002000004c                SettingAutoChar
 .data.SettingFastChar
                0x0000000020000050        0x4 Core/Src/Translation.o
                0x0000000020000050                SettingFastChar
 .data.SettingLeftChar
                0x0000000020000054        0x4 Core/Src/Translation.o
                0x0000000020000054                SettingLeftChar
 .data.SettingRightChar
                0x0000000020000058        0x4 Core/Src/Translation.o
                0x0000000020000058                SettingRightChar
 .data.SettingSlowChar
                0x000000002000005c        0x4 Core/Src/Translation.o
                0x000000002000005c                SettingSlowChar
 .data.SettingsCalibrationDone
                0x0000000020000060        0x4 Core/Src/Translation.o
                0x0000000020000060                SettingsCalibrationDone
 .data.SettingsCalibrationWarning
                0x0000000020000064        0x4 Core/Src/Translation.o
                0x0000000020000064                SettingsCalibrationWarning
 .data.SettingsDescriptions
                0x0000000020000068       0x54 Core/Src/Translation.o
                0x0000000020000068                SettingsDescriptions
 .data.SettingsMenuEntries
                0x00000000200000bc       0x10 Core/Src/Translation.o
                0x00000000200000bc                SettingsMenuEntries
 .data.SettingsResetWarning
                0x00000000200000cc        0x4 Core/Src/Translation.o
                0x00000000200000cc                SettingsResetWarning
 .data.SettingsShortNames
                0x00000000200000d0       0xa8 Core/Src/Translation.o
                0x00000000200000d0                SettingsShortNames
 .data.SleepingAdvancedString
                0x0000000020000178        0x4 Core/Src/Translation.o
                0x0000000020000178                SleepingAdvancedString
 .data.SleepingSimpleString
                0x000000002000017c        0x4 Core/Src/Translation.o
                0x000000002000017c                SleepingSimpleString
 .data.SleepingTipAdvancedString
                0x0000000020000180        0x4 Core/Src/Translation.o
                0x0000000020000180                SleepingTipAdvancedString
 .data.SolderingAdvancedPowerPrompt
                0x0000000020000184        0x4 Core/Src/Translation.o
                0x0000000020000184                SolderingAdvancedPowerPrompt
 .data.SymbolDegC
                0x0000000020000188        0x4 Core/Src/Translation.o
                0x0000000020000188                SymbolDegC
 .data.SymbolDegF
                0x000000002000018c        0x4 Core/Src/Translation.o
                0x000000002000018c                SymbolDegF
 .data.SymbolDot
                0x0000000020000190        0x4 Core/Src/Translation.o
                0x0000000020000190                SymbolDot
 .data.SymbolMinus
                0x0000000020000194        0x4 Core/Src/Translation.o
                0x0000000020000194                SymbolMinus
 .data.SymbolMinutes
                0x0000000020000198        0x4 Core/Src/Translation.o
                0x0000000020000198                SymbolMinutes
 .data.SymbolPlus
                0x000000002000019c        0x4 Core/Src/Translation.o
                0x000000002000019c                SymbolPlus
 .data.SymbolSeconds
                0x00000000200001a0        0x4 Core/Src/Translation.o
                0x00000000200001a0                SymbolSeconds
 .data.SymbolSpace
                0x00000000200001a4        0x4 Core/Src/Translation.o
                0x00000000200001a4                SymbolSpace
 .data.SymbolVersionNumber
                0x00000000200001a8        0x4 Core/Src/Translation.o
                0x00000000200001a8                SymbolVersionNumber
 .data.SymbolVolts
                0x00000000200001ac        0x4 Core/Src/Translation.o
                0x00000000200001ac                SymbolVolts
 .data.SymbolWatts
                0x00000000200001b0        0x4 Core/Src/Translation.o
                0x00000000200001b0                SymbolWatts
 .data.TipDisconnectedString
                0x00000000200001b4        0x4 Core/Src/Translation.o
                0x00000000200001b4                TipDisconnectedString
 .data.TipModelStrings
                0x00000000200001b8       0x10 Core/Src/Translation.o
                0x00000000200001b8                TipModelStrings
 .data.YourGainMessage
                0x00000000200001c8        0x4 Core/Src/Translation.o
                0x00000000200001c8                YourGainMessage
 .data._ZL12advancedMenu
                0x00000000200001cc       0x54 Core/Src/gui.o
 .data._ZL13solderingMenu
                0x0000000020000220       0x30 Core/Src/gui.o
 .data._ZL15calibrationMenu
                0x0000000020000250       0x24 Core/Src/gui.o
 .data._ZL6UIMenu
                0x0000000020000274       0x3c Core/Src/gui.o
 .data._ZL9PowerMenu
                0x00000000200002b0       0x3c Core/Src/gui.o
 .data.rootSettingsMenu
                0x00000000200002ec       0x48 Core/Src/gui.o
                0x00000000200002ec                rootSettingsMenu
 .data.preFillneeded.8021
                0x0000000020000334        0x1 Core/Src/hardware.o
 .data.tipResistance
                0x0000000020000335        0x1 Core/Src/power.o
                0x0000000020000335                tipResistance
 *fill*         0x0000000020000336        0x2 
 .data.SystemCoreClock
                0x0000000020000338        0x4 Core/Src/system_stm32f1xx.o
                0x0000000020000338                SystemCoreClock
 .data.uwTickFreq
                0x000000002000033c        0x1 Drivers/STM32F1xx_HAL_Driver/Src/stm32f1xx_hal.o
                0x000000002000033c                uwTickFreq
 *fill*         0x000000002000033d        0x3 
 .data.uxCriticalNesting
                0x0000000020000340        0x4 Middlewares/Third_Party/FreeRTOS/Source/portable/GCC/ARM_CM3/port.o
                0x0000000020000344                . = ALIGN (0x4)
                0x0000000020000344                _edata = .

.igot.plt       0x0000000020000344        0x0 load address 0x000000000800dc08
 .igot.plt      0x0000000020000344        0x0 /opt/st/stm32cubeide_1.0.0/plugins/com.st.stm32cube.ide.mcu.externaltools.gnu-tools-for-stm32.7-2018-q2-update.linux64_1.0.0.201904181610/tools/bin/../lib/gcc/arm-none-eabi/7.3.1/thumb/v7-m/crtbegin.o
                0x0000000020000344                . = ALIGN (0x4)

.bss            0x0000000020000348     0x3f98 load address 0x000000000800dc08
                0x0000000020000348                _sbss = .
                0x0000000020000348                __bss_start__ = _sbss
 *(.bss)
 .bss           0x0000000020000348       0x1c /opt/st/stm32cubeide_1.0.0/plugins/com.st.stm32cube.ide.mcu.externaltools.gnu-tools-for-stm32.7-2018-q2-update.linux64_1.0.0.201904181610/tools/bin/../lib/gcc/arm-none-eabi/7.3.1/thumb/v7-m/crtbegin.o
 *(.bss*)
 .bss._ZN8FRToSI2C12I2CSemaphoreE
                0x0000000020000364        0x4 Core/Src/FRToSI2C.o
                0x0000000020000364                FRToSI2C::I2CSemaphore
 .bss._ZN8FRToSI2C3i2cE
                0x0000000020000368        0x4 Core/Src/FRToSI2C.o
                0x0000000020000368                FRToSI2C::i2c
 .bss._ZN4OLED10fontHeightE
                0x000000002000036c        0x1 Core/Src/OLED.o
                0x000000002000036c                OLED::fontHeight
 *fill*         0x000000002000036d        0x3 
 .bss._ZN4OLED11currentFontE
                0x0000000020000370        0x4 Core/Src/OLED.o
                0x0000000020000370                OLED::currentFont
 .bss._ZN4OLED12screenBufferE
                0x0000000020000374       0xda Core/Src/OLED.o
                0x0000000020000374                OLED::screenBuffer
 .bss._ZN4OLED13displayOffsetE
                0x000000002000044e        0x1 Core/Src/OLED.o
                0x000000002000044e                OLED::displayOffset
 *fill*         0x000000002000044f        0x1 
 .bss._ZN4OLED13firstStripPtrE
                0x0000000020000450        0x4 Core/Src/OLED.o
                0x0000000020000450                OLED::firstStripPtr
 .bss._ZN4OLED14secondStripPtrE
                0x0000000020000454        0x4 Core/Src/OLED.o
                0x0000000020000454                OLED::secondStripPtr
 .bss._ZN4OLED16inLeftHandedModeE
                0x0000000020000458        0x1 Core/Src/OLED.o
                0x0000000020000458                OLED::inLeftHandedMode
 .bss._ZN4OLED17displayOnOffStateE
                0x0000000020000459        0x1 Core/Src/OLED.o
                0x0000000020000459                OLED::displayOnOffState
 .bss._ZN4OLED8cursor_xE
                0x000000002000045a        0x2 Core/Src/OLED.o
                0x000000002000045a                OLED::cursor_x
 .bss._ZN4OLED8cursor_yE
                0x000000002000045c        0x2 Core/Src/OLED.o
                0x000000002000045c                OLED::cursor_y
 .bss._ZN4OLED9fontWidthE
                0x000000002000045e        0x1 Core/Src/OLED.o
                0x000000002000045e                OLED::fontWidth
 *fill*         0x000000002000045f        0x1 
 .bss.systemSettings
                0x0000000020000460       0x20 Core/Src/Settings.o
                0x0000000020000460                systemSettings
 .bss.CalibrationTempOffset
                0x0000000020000480        0x2 Core/Src/hardware.o
                0x0000000020000480                CalibrationTempOffset
 .bss.PWMSafetyTimer
                0x0000000020000482        0x2 Core/Src/hardware.o
                0x0000000020000482                PWMSafetyTimer
 .bss.QCMode    0x0000000020000484        0x1 Core/Src/hardware.o
                0x0000000020000484                QCMode
 .bss.QCTries   0x0000000020000485        0x1 Core/Src/hardware.o
                0x0000000020000485                QCTries
 .bss.index.8023
                0x0000000020000486        0x1 Core/Src/hardware.o
 *fill*         0x0000000020000487        0x1 
 .bss.lastRes.8064
                0x0000000020000488        0x4 Core/Src/hardware.o
 .bss.lastSample.8016
                0x000000002000048c        0x2 Core/Src/hardware.o
 .bss.pendingPWM
                0x000000002000048e        0x1 Core/Src/hardware.o
                0x000000002000048e                pendingPWM
 *fill*         0x000000002000048f        0x1 
 .bss.samples.8022
                0x0000000020000490       0x80 Core/Src/hardware.o
 .bss.tipGainCalValue
                0x0000000020000510        0x2 Core/Src/hardware.o
                0x0000000020000510                tipGainCalValue
 *fill*         0x0000000020000512        0x2 
 .bss.GUITaskHandle
                0x0000000020000514        0x4 Core/Src/main.o
                0x0000000020000514                GUITaskHandle
 .bss.MOVTaskHandle
                0x0000000020000518        0x4 Core/Src/main.o
                0x0000000020000518                MOVTaskHandle
 .bss.PCBVersion
                0x000000002000051c        0x1 Core/Src/main.o
                0x000000002000051c                PCBVersion
 *fill*         0x000000002000051d        0x3 
 .bss.PIDTaskHandle
                0x0000000020000520        0x4 Core/Src/main.o
                0x0000000020000520                PIDTaskHandle
 .bss._ZL19pidTaskNotification
                0x0000000020000524        0x4 Core/Src/main.o
 .bss._ZZ14getButtonStatevE13previousState
                0x0000000020000528        0x1 Core/Src/main.o
 *fill*         0x0000000020000529        0x3 
 .bss._ZZ14getButtonStatevE19previousStateChange
                0x000000002000052c        0x4 Core/Src/main.o
 .bss.currentlyActiveTemperatureTarget
                0x0000000020000530        0x4 Core/Src/main.o
                0x0000000020000530                currentlyActiveTemperatureTarget
 .bss.idealQCVoltage
                0x0000000020000534        0x2 Core/Src/main.o
                0x0000000020000534                idealQCVoltage
 *fill*         0x0000000020000536        0x2 
 .bss.lastButtonTime
                0x0000000020000538        0x4 Core/Src/main.o
                0x0000000020000538                lastButtonTime
 .bss.lastMovementTime
                0x000000002000053c        0x4 Core/Src/main.o
                0x000000002000053c                lastMovementTime
 .bss.milliWattHistory
                0x0000000020000540      0x1c8 Core/Src/power.o
                0x0000000020000540                milliWattHistory
 .bss.pxCurrentTCB
                0x0000000020000708        0x4 Middlewares/Third_Party/FreeRTOS/Source/tasks.o
                0x0000000020000708                pxCurrentTCB
 .bss.pxDelayedTaskList
                0x000000002000070c        0x4 Middlewares/Third_Party/FreeRTOS/Source/tasks.o
 .bss.pxOverflowDelayedTaskList
                0x0000000020000710        0x4 Middlewares/Third_Party/FreeRTOS/Source/tasks.o
 .bss.pxReadyTasksLists
                0x0000000020000714       0x50 Middlewares/Third_Party/FreeRTOS/Source/tasks.o
 .bss.uxCurrentNumberOfTasks
                0x0000000020000764        0x4 Middlewares/Third_Party/FreeRTOS/Source/tasks.o
 .bss.uxPendedTicks
                0x0000000020000768        0x4 Middlewares/Third_Party/FreeRTOS/Source/tasks.o
 .bss.uxSchedulerSuspended
                0x000000002000076c        0x4 Middlewares/Third_Party/FreeRTOS/Source/tasks.o
 .bss.uxTaskNumber
                0x0000000020000770        0x4 Middlewares/Third_Party/FreeRTOS/Source/tasks.o
 .bss.uxTopReadyPriority
                0x0000000020000774        0x4 Middlewares/Third_Party/FreeRTOS/Source/tasks.o
 .bss.xDelayedTaskList1
                0x0000000020000778       0x14 Middlewares/Third_Party/FreeRTOS/Source/tasks.o
 .bss.xDelayedTaskList2
                0x000000002000078c       0x14 Middlewares/Third_Party/FreeRTOS/Source/tasks.o
 .bss.xIdleTaskHandle
                0x00000000200007a0        0x4 Middlewares/Third_Party/FreeRTOS/Source/tasks.o
 .bss.xNextTaskUnblockTime
                0x00000000200007a4        0x4 Middlewares/Third_Party/FreeRTOS/Source/tasks.o
 .bss.xNumOfOverflows
                0x00000000200007a8        0x4 Middlewares/Third_Party/FreeRTOS/Source/tasks.o
 .bss.xPendingReadyList
                0x00000000200007ac       0x14 Middlewares/Third_Party/FreeRTOS/Source/tasks.o
 .bss.xSchedulerRunning
                0x00000000200007c0        0x4 Middlewares/Third_Party/FreeRTOS/Source/tasks.o
 .bss.xTickCount
                0x00000000200007c4        0x4 Middlewares/Third_Party/FreeRTOS/Source/tasks.o
 .bss.xYieldPending
                0x00000000200007c8        0x4 Middlewares/Third_Party/FreeRTOS/Source/tasks.o
 .bss.ucMaxSysCallPriority
                0x00000000200007cc        0x1 Middlewares/Third_Party/FreeRTOS/Source/portable/GCC/ARM_CM3/port.o
 *fill*         0x00000000200007cd        0x3 
 .bss.ulMaxPRIGROUPValue
                0x00000000200007d0        0x4 Middlewares/Third_Party/FreeRTOS/Source/portable/GCC/ARM_CM3/port.o
 .bss.pxEnd     0x00000000200007d4        0x4 Middlewares/Third_Party/FreeRTOS/Source/portable/MemMang/heap_4.o
 .bss.ucHeap    0x00000000200007d8     0x3800 Middlewares/Third_Party/FreeRTOS/Source/portable/MemMang/heap_4.o
 .bss.xBlockAllocatedBit
                0x0000000020003fd8        0x4 Middlewares/Third_Party/FreeRTOS/Source/portable/MemMang/heap_4.o
 .bss.xFreeBytesRemaining
                0x0000000020003fdc        0x4 Middlewares/Third_Party/FreeRTOS/Source/portable/MemMang/heap_4.o
 .bss.xMinimumEverFreeBytesRemaining
                0x0000000020003fe0        0x4 Middlewares/Third_Party/FreeRTOS/Source/portable/MemMang/heap_4.o
 .bss.xStart    0x0000000020003fe4        0x8 Middlewares/Third_Party/FreeRTOS/Source/portable/MemMang/heap_4.o
 *(COMMON)
 COMMON         0x0000000020003fec      0x28c Core/Src/Setup.o
                0x0000000020003fec                hadc2
                0x000000002000401c                hdma_i2c1_tx
                0x0000000020004060                hi2c1
                0x00000000200040b4                hiwdg
                0x00000000200040c0                ADCReadings
                0x0000000020004140                htim3
                0x0000000020004180                hadc1
                0x00000000200041b0                hdma_adc1
                0x00000000200041f4                hdma_i2c1_rx
                0x0000000020004238                htim2
 COMMON         0x0000000020004278       0x40 Core/Src/stm32f1xx_hal_timebase_TIM.o
                0x0000000020004278                htim1
 COMMON         0x00000000200042b8        0x4 Drivers/STM32F1xx_HAL_Driver/Src/stm32f1xx_hal.o
                0x00000000200042b8                uwTick
 *fill*         0x00000000200042bc        0x4 
 COMMON         0x00000000200042c0       0x20 Drivers/STM32F1xx_HAL_Driver/Src/stm32f1xx_hal_flash.o
                0x00000000200042c0                pFlash
                0x00000000200042e0                . = ALIGN (0x4)
                0x00000000200042e0                _ebss = .
                0x00000000200042e0                __bss_end__ = _ebss

._user_heap_stack
                0x00000000200042e0      0x700 load address 0x000000000800dc08
                0x00000000200042e0                . = ALIGN (0x8)
                [!provide]                        PROVIDE (end = .)
                [!provide]                        PROVIDE (_end = .)
                0x00000000200045e0                . = (. + _Min_Heap_Size)
 *fill*         0x00000000200042e0      0x300 
                0x00000000200049e0                . = (. + _Min_Stack_Size)
 *fill*         0x00000000200045e0      0x400 
                0x00000000200049e0                . = ALIGN (0x8)

/DISCARD/
 libc.a(*)
 libm.a(*)
 libgcc.a(*)

.ARM.attributes
                0x0000000000000000       0x29
 *(.ARM.attributes)
 .ARM.attributes
                0x0000000000000000       0x1d /opt/st/stm32cubeide_1.0.0/plugins/com.st.stm32cube.ide.mcu.externaltools.gnu-tools-for-stm32.7-2018-q2-update.linux64_1.0.0.201904181610/tools/bin/../lib/gcc/arm-none-eabi/7.3.1/thumb/v7-m/crti.o
 .ARM.attributes
                0x000000000000001d       0x2d /opt/st/stm32cubeide_1.0.0/plugins/com.st.stm32cube.ide.mcu.externaltools.gnu-tools-for-stm32.7-2018-q2-update.linux64_1.0.0.201904181610/tools/bin/../lib/gcc/arm-none-eabi/7.3.1/thumb/v7-m/crtbegin.o
 .ARM.attributes
                0x000000000000004a       0x33 Core/Src/FRToSI2C.o
 .ARM.attributes
                0x000000000000007d       0x33 Core/Src/LIS2DH12.o
 .ARM.attributes
                0x00000000000000b0       0x33 Core/Src/MMA8652FC.o
 .ARM.attributes
                0x00000000000000e3       0x33 Core/Src/OLED.o
 .ARM.attributes
                0x0000000000000116       0x33 Core/Src/Settings.o
 .ARM.attributes
                0x0000000000000149       0x33 Core/Src/Setup.o
 .ARM.attributes
                0x000000000000017c       0x33 Core/Src/Translation.o
 .ARM.attributes
                0x00000000000001af       0x33 Core/Src/gui.o
 .ARM.attributes
                0x00000000000001e2       0x33 Core/Src/hardware.o
 .ARM.attributes
                0x0000000000000215       0x33 Core/Src/main.o
 .ARM.attributes
                0x0000000000000248       0x33 Core/Src/power.o
 .ARM.attributes
                0x000000000000027b       0x33 Core/Src/stm32f1xx_hal_msp.o
 .ARM.attributes
                0x00000000000002ae       0x33 Core/Src/stm32f1xx_hal_timebase_TIM.o
 .ARM.attributes
                0x00000000000002e1       0x33 Core/Src/stm32f1xx_it.o
 .ARM.attributes
                0x0000000000000314       0x33 Core/Src/system_stm32f1xx.o
 .ARM.attributes
                0x0000000000000347       0x33 Drivers/STM32F1xx_HAL_Driver/Src/stm32f1xx_hal.o
 .ARM.attributes
                0x000000000000037a       0x33 Drivers/STM32F1xx_HAL_Driver/Src/stm32f1xx_hal_adc.o
 .ARM.attributes
                0x00000000000003ad       0x33 Drivers/STM32F1xx_HAL_Driver/Src/stm32f1xx_hal_adc_ex.o
 .ARM.attributes
                0x00000000000003e0       0x33 Drivers/STM32F1xx_HAL_Driver/Src/stm32f1xx_hal_cortex.o
 .ARM.attributes
                0x0000000000000413       0x33 Drivers/STM32F1xx_HAL_Driver/Src/stm32f1xx_hal_dma.o
 .ARM.attributes
                0x0000000000000446       0x33 Drivers/STM32F1xx_HAL_Driver/Src/stm32f1xx_hal_flash.o
 .ARM.attributes
                0x0000000000000479       0x33 Drivers/STM32F1xx_HAL_Driver/Src/stm32f1xx_hal_flash_ex.o
 .ARM.attributes
                0x00000000000004ac       0x33 Drivers/STM32F1xx_HAL_Driver/Src/stm32f1xx_hal_gpio.o
 .ARM.attributes
                0x00000000000004df       0x33 Drivers/STM32F1xx_HAL_Driver/Src/stm32f1xx_hal_i2c.o
 .ARM.attributes
                0x0000000000000512       0x33 Drivers/STM32F1xx_HAL_Driver/Src/stm32f1xx_hal_iwdg.o
 .ARM.attributes
                0x0000000000000545       0x33 Drivers/STM32F1xx_HAL_Driver/Src/stm32f1xx_hal_rcc.o
 .ARM.attributes
                0x0000000000000578       0x33 Drivers/STM32F1xx_HAL_Driver/Src/stm32f1xx_hal_rcc_ex.o
 .ARM.attributes
                0x00000000000005ab       0x33 Drivers/STM32F1xx_HAL_Driver/Src/stm32f1xx_hal_tim.o
 .ARM.attributes
                0x00000000000005de       0x33 Drivers/STM32F1xx_HAL_Driver/Src/stm32f1xx_hal_tim_ex.o
 .ARM.attributes
                0x0000000000000611       0x33 Middlewares/Third_Party/FreeRTOS/Source/CMSIS_RTOS/cmsis_os.o
 .ARM.attributes
                0x0000000000000644       0x33 Middlewares/Third_Party/FreeRTOS/Source/list.o
 .ARM.attributes
                0x0000000000000677       0x33 Middlewares/Third_Party/FreeRTOS/Source/queue.o
 .ARM.attributes