Archive member included to satisfy reference by file (symbol)

/home/cbpeng/toolchain/riscv64-elf-x86_64-20210120/bin/../lib/gcc/riscv64-unknown-elf/8.4.0/../../../../riscv64-unknown-elf/lib/rv32imafc/ilp32f/libc.a(lib_a-memmove-stub.o)
                              out/BSP_Common/xz/xz_dec_lzma2.o (memmove)
/home/cbpeng/toolchain/riscv64-elf-x86_64-20210120/bin/../lib/gcc/riscv64-unknown-elf/8.4.0/rv32imafc/ilp32f/libgcc.a(_clzsi2.o)
                              out/3rdParty/FreeRTOS/Source/tasks.o (__clzsi2)
/home/cbpeng/toolchain/riscv64-elf-x86_64-20210120/bin/../lib/gcc/riscv64-unknown-elf/8.4.0/rv32imafc/ilp32f/libgcc.a(_udivdi3.o)
                              out/BSP_Common/libc/vsnprintf.o (__udivdi3)
/home/cbpeng/toolchain/riscv64-elf-x86_64-20210120/bin/../lib/gcc/riscv64-unknown-elf/8.4.0/rv32imafc/ilp32f/libgcc.a(_umoddi3.o)
                              out/BSP_Common/libc/vsnprintf.o (__umoddi3)
/home/cbpeng/toolchain/riscv64-elf-x86_64-20210120/bin/../lib/gcc/riscv64-unknown-elf/8.4.0/rv32imafc/ilp32f/libgcc.a(adddf3.o)
                              out/BSP_Common/libc/atof.o (__adddf3)
/home/cbpeng/toolchain/riscv64-elf-x86_64-20210120/bin/../lib/gcc/riscv64-unknown-elf/8.4.0/rv32imafc/ilp32f/libgcc.a(divdf3.o)
                              out/BSP_Common/libc/atof.o (__divdf3)
/home/cbpeng/toolchain/riscv64-elf-x86_64-20210120/bin/../lib/gcc/riscv64-unknown-elf/8.4.0/rv32imafc/ilp32f/libgcc.a(muldf3.o)
                              out/BSP_Common/libc/atof.o (__muldf3)
/home/cbpeng/toolchain/riscv64-elf-x86_64-20210120/bin/../lib/gcc/riscv64-unknown-elf/8.4.0/rv32imafc/ilp32f/libgcc.a(fixdfsi.o)
                              out/BSP_Driver/BL602_BSP_Driver/RFDriver/bl602_rf_private.o (__fixdfsi)
/home/cbpeng/toolchain/riscv64-elf-x86_64-20210120/bin/../lib/gcc/riscv64-unknown-elf/8.4.0/rv32imafc/ilp32f/libgcc.a(fixunsdfsi.o)
                              out/BSP_Driver/BL602_BSP_Driver/RFDriver/bl602_rf_private.o (__fixunsdfsi)
/home/cbpeng/toolchain/riscv64-elf-x86_64-20210120/bin/../lib/gcc/riscv64-unknown-elf/8.4.0/rv32imafc/ilp32f/libgcc.a(floatsidf.o)
                              out/BSP_Common/libc/atof.o (__floatsidf)
/home/cbpeng/toolchain/riscv64-elf-x86_64-20210120/bin/../lib/gcc/riscv64-unknown-elf/8.4.0/rv32imafc/ilp32f/libgcc.a(floatunsidf.o)
                              out/BSP_Driver/BL602_BSP_Driver/RFDriver/bl602_rf_private.o (__floatunsidf)
/home/cbpeng/toolchain/riscv64-elf-x86_64-20210120/bin/../lib/gcc/riscv64-unknown-elf/8.4.0/rv32imafc/ilp32f/libgcc.a(_clz.o)
                              /home/cbpeng/toolchain/riscv64-elf-x86_64-20210120/bin/../lib/gcc/riscv64-unknown-elf/8.4.0/rv32imafc/ilp32f/libgcc.a(_clzsi2.o) (__clz_tab)

Discarded input sections

 .group         0x0000000000000000        0xc out/3rdParty/FreeRTOS/Source/croutine.o
 .group         0x0000000000000000        0xc out/3rdParty/FreeRTOS/Source/croutine.o
 .group         0x0000000000000000        0xc out/3rdParty/FreeRTOS/Source/croutine.o
 .group         0x0000000000000000        0xc out/3rdParty/FreeRTOS/Source/croutine.o
 .group         0x0000000000000000        0xc out/3rdParty/FreeRTOS/Source/croutine.o
 .group         0x0000000000000000        0xc out/3rdParty/FreeRTOS/Source/croutine.o
 .group         0x0000000000000000        0xc out/3rdParty/FreeRTOS/Source/croutine.o
 .group         0x0000000000000000        0xc out/3rdParty/FreeRTOS/Source/croutine.o
 .group         0x0000000000000000        0xc out/3rdParty/FreeRTOS/Source/croutine.o
 .group         0x0000000000000000        0xc out/3rdParty/FreeRTOS/Source/croutine.o
 .group         0x0000000000000000        0xc out/3rdParty/FreeRTOS/Source/croutine.o
 .group         0x0000000000000000        0xc out/3rdParty/FreeRTOS/Source/croutine.o
 .text          0x0000000000000000        0x0 out/3rdParty/FreeRTOS/Source/croutine.o
 .data          0x0000000000000000        0x0 out/3rdParty/FreeRTOS/Source/croutine.o
 .bss           0x0000000000000000        0x0 out/3rdParty/FreeRTOS/Source/croutine.o
 .debug_info    0x0000000000000000       0x68 out/3rdParty/FreeRTOS/Source/croutine.o
 .debug_abbrev  0x0000000000000000       0x29 out/3rdParty/FreeRTOS/Source/croutine.o
 .debug_aranges
                0x0000000000000000       0x18 out/3rdParty/FreeRTOS/Source/croutine.o
 .debug_macro   0x0000000000000000       0x9a out/3rdParty/FreeRTOS/Source/croutine.o
 .debug_macro   0x0000000000000000      0x79c out/3rdParty/FreeRTOS/Source/croutine.o
 .debug_macro   0x0000000000000000       0x34 out/3rdParty/FreeRTOS/Source/croutine.o
 .debug_macro   0x0000000000000000      0x1f6 out/3rdParty/FreeRTOS/Source/croutine.o
 .debug_macro   0x0000000000000000      0x118 out/3rdParty/FreeRTOS/Source/croutine.o
 .debug_macro   0x0000000000000000      0x15a out/3rdParty/FreeRTOS/Source/croutine.o
 .debug_macro   0x0000000000000000       0xbb out/3rdParty/FreeRTOS/Source/croutine.o
[...]
Memory Configuration

Name             Origin             Length             Attributes
xip_memory       0x0000000023000000 0x000000000000c000 xr
itcm_memory      0x000000002201c000 0x0000000000004000 xr
dtcm_memory      0x0000000042020000 0x000000000000c000 xr
ram_memory       0x000000004202c000 0x000000000001c000 !xr
*default*        0x0000000000000000 0xffffffffffffffff

Linker script and memory map

LOAD out/3rdParty/FreeRTOS/Source/croutine.o
LOAD out/3rdParty/FreeRTOS/Source/list.o
LOAD out/3rdParty/FreeRTOS/Source/portable/MemMang/heap_5.o
LOAD out/3rdParty/FreeRTOS/Source/queue.o
LOAD out/3rdParty/FreeRTOS/Source/stream_buffer.o
LOAD out/3rdParty/FreeRTOS/Source/tasks.o
LOAD out/3rdParty/FreeRTOS/Source/timers.o
LOAD out/BSP_Common/FreeRTOS/port.o
LOAD out/BSP_Common/FreeRTOS/portASM.o
LOAD out/BSP_Common/cipher_suite/bflb_crypt.o
LOAD out/BSP_Common/cipher_suite/bflb_dsa.o
LOAD out/BSP_Common/cipher_suite/bflb_ecdsa.o
LOAD out/BSP_Common/cipher_suite/bflb_hash.o
LOAD out/BSP_Common/libc/atof.o
LOAD out/BSP_Common/libc/atoi.o
LOAD out/BSP_Common/libc/atol.o
LOAD out/BSP_Common/libc/atoll.o
LOAD out/BSP_Common/libc/bsearch.o
LOAD out/BSP_Common/libc/common.o
LOAD out/BSP_Common/libc/ctype_isalnum.o
LOAD out/BSP_Common/libc/ctype_isalpha.o
LOAD out/BSP_Common/libc/ctype_isascii.o
LOAD out/BSP_Common/libc/ctype_isblank.o
LOAD out/BSP_Common/libc/ctype_iscntrl.o
LOAD out/BSP_Common/libc/ctype_isdigit.o
LOAD out/BSP_Common/libc/ctype_isgraph.o
LOAD out/BSP_Common/libc/ctype_islower.o
LOAD out/BSP_Common/libc/ctype_isprint.o
LOAD out/BSP_Common/libc/ctype_ispunct.o
LOAD out/BSP_Common/libc/ctype_isspace.o
LOAD out/BSP_Common/libc/ctype_isupper.o
LOAD out/BSP_Common/libc/ctype_isxdigit.o
LOAD out/BSP_Common/libc/ctype_tolower.o
LOAD out/BSP_Common/libc/ctype_toupper.o
LOAD out/BSP_Common/libc/ctypes.o
LOAD out/BSP_Common/libc/fnmatch.o
LOAD out/BSP_Common/libc/jrand48.o
LOAD out/BSP_Common/libc/lrand48.o
LOAD out/BSP_Common/libc/memccpy.o
LOAD out/BSP_Common/libc/memchr.o
LOAD out/BSP_Common/libc/memcmp.o
LOAD out/BSP_Common/libc/memcpy.o
LOAD out/BSP_Common/libc/memmem.o
LOAD out/BSP_Common/libc/memrchr.o
LOAD out/BSP_Common/libc/memset.o
LOAD out/BSP_Common/libc/memswap.o
LOAD out/BSP_Common/libc/mrand48.o
LOAD out/BSP_Common/libc/nrand48.o
LOAD out/BSP_Common/libc/qsort.o
LOAD out/BSP_Common/libc/seed48.o
LOAD out/BSP_Common/libc/snprintf.o
LOAD out/BSP_Common/libc/sprintf.o
LOAD out/BSP_Common/libc/srand48.o
LOAD out/BSP_Common/libc/sscanf.o
LOAD out/BSP_Common/libc/stdlib.o
LOAD out/BSP_Common/libc/strcasecmp.o
LOAD out/BSP_Common/libc/strcat.o
LOAD out/BSP_Common/libc/strchr.o
LOAD out/BSP_Common/libc/strcmp.o
LOAD out/BSP_Common/libc/strcpy.o
LOAD out/BSP_Common/libc/strcspn.o
LOAD out/BSP_Common/libc/strlcat.o
LOAD out/BSP_Common/libc/strlcpy.o
LOAD out/BSP_Common/libc/strlen.o
LOAD out/BSP_Common/libc/strncasecmp.o
LOAD out/BSP_Common/libc/strncat.o
LOAD out/BSP_Common/libc/strncmp.o
LOAD out/BSP_Common/libc/strncpy.o
LOAD out/BSP_Common/libc/strnlen.o
LOAD out/BSP_Common/libc/strntoimax.o
LOAD out/BSP_Common/libc/strntoumax.o
LOAD out/BSP_Common/libc/strpbrk.o
LOAD out/BSP_Common/libc/strrchr.o
LOAD out/BSP_Common/libc/strsep.o
LOAD out/BSP_Common/libc/strspn.o
LOAD out/BSP_Common/libc/strstr.o
LOAD out/BSP_Common/libc/strtoimax.o
LOAD out/BSP_Common/libc/strtok.o
LOAD out/BSP_Common/libc/strtok_r.o
LOAD out/BSP_Common/libc/strtol.o
LOAD out/BSP_Common/libc/strtoll.o
LOAD out/BSP_Common/libc/strtoul.o
LOAD out/BSP_Common/libc/strtoull.o
LOAD out/BSP_Common/libc/strtoumax.o
LOAD out/BSP_Common/libc/strxspn.o
LOAD out/BSP_Common/libc/vsnprintf.o
LOAD out/BSP_Common/libc/vsprintf.o
LOAD out/BSP_Common/libc/vsscanf.o
LOAD out/BSP_Common/partition/partition.o
LOAD out/BSP_Common/ring_buffer/ring_buffer.o
LOAD out/BSP_Common/soft_crc/softcrc.o
LOAD out/BSP_Common/xz/xz_crc32.o
LOAD out/BSP_Common/xz/xz_dec_lzma2.o
LOAD out/BSP_Common/xz/xz_dec_stream.o
LOAD out/BSP_Common/xz/xz_decompress.o
LOAD out/BSP_Common/xz/xz_port.o
LOAD out/BSP_Driver/BL602_BSP_Driver/RFDriver/bl602_calib_data.o
LOAD out/BSP_Driver/BL602_BSP_Driver/RFDriver/bl602_rf_private.o
LOAD out/BSP_Driver/BL602_BSP_Driver/StdDriver/bl602_acomp.o
LOAD out/BSP_Driver/BL602_BSP_Driver/StdDriver/bl602_adc.o
LOAD out/BSP_Driver/BL602_BSP_Driver/StdDriver/bl602_aon.o
LOAD out/BSP_Driver/BL602_BSP_Driver/StdDriver/bl602_common.o
LOAD out/BSP_Driver/BL602_BSP_Driver/StdDriver/bl602_dac.o
LOAD out/BSP_Driver/BL602_BSP_Driver/StdDriver/bl602_dma.o
LOAD out/BSP_Driver/BL602_BSP_Driver/StdDriver/bl602_ef_ctrl.o
LOAD out/BSP_Driver/BL602_BSP_Driver/StdDriver/bl602_glb.o
LOAD out/BSP_Driver/BL602_BSP_Driver/StdDriver/bl602_hbn.o
LOAD out/BSP_Driver/BL602_BSP_Driver/StdDriver/bl602_i2c.o
LOAD out/BSP_Driver/BL602_BSP_Driver/StdDriver/bl602_ir.o
LOAD out/BSP_Driver/BL602_BSP_Driver/StdDriver/bl602_l1c.o
LOAD out/BSP_Driver/BL602_BSP_Driver/StdDriver/bl602_mfg_efuse.o
LOAD out/BSP_Driver/BL602_BSP_Driver/StdDriver/bl602_pds.o
LOAD out/BSP_Driver/BL602_BSP_Driver/StdDriver/bl602_pwm.o
LOAD out/BSP_Driver/BL602_BSP_Driver/StdDriver/bl602_romapi.o
LOAD out/BSP_Driver/BL602_BSP_Driver/StdDriver/bl602_sdu.o
LOAD out/BSP_Driver/BL602_BSP_Driver/StdDriver/bl602_sec_dbg.o
LOAD out/BSP_Driver/BL602_BSP_Driver/StdDriver/bl602_sec_eng.o
LOAD out/BSP_Driver/BL602_BSP_Driver/StdDriver/bl602_sf_cfg_ext.o
LOAD out/BSP_Driver/BL602_BSP_Driver/StdDriver/bl602_sflash_ext.o
LOAD out/BSP_Driver/BL602_BSP_Driver/StdDriver/bl602_spi.o
LOAD out/BSP_Driver/BL602_BSP_Driver/StdDriver/bl602_timer.o
LOAD out/BSP_Driver/BL602_BSP_Driver/StdDriver/bl602_tzc_sec.o
LOAD out/BSP_Driver/BL602_BSP_Driver/StdDriver/bl602_uart.o
LOAD out/BSP_Driver/BL602_BSP_Driver/StdDriver/bl602_xip_sflash_ext.o
LOAD out/BSP_Driver/BL602_BSP_Driver/platform_print/platform_device.o
LOAD out/BSP_Driver/BL602_BSP_Driver/platform_print/platform_gpio.o
LOAD out/Examples/BLSP_Boot2/bflb_eflash_loader_cmds.o
LOAD out/Examples/BLSP_Boot2/bflb_eflash_loader_gpio.o
LOAD out/Examples/BLSP_Boot2/bflb_eflash_loader_uart.o
LOAD out/Examples/BLSP_Boot2/blsp_boot2.o
LOAD out/Examples/BLSP_Boot2/blsp_boot_decompress.o
LOAD out/Examples/BLSP_Boot2/blsp_boot_parser.o
LOAD out/Examples/BLSP_Boot2/blsp_common.o
LOAD out/Examples/BLSP_Boot2/blsp_media_boot.o
LOAD out/Examples/BLSP_Boot2/blsp_port.o
LOAD out/startup/GCC/entry.o
LOAD out/startup/GCC/start_load.o
LOAD out/startup/interrupt.o
LOAD out/startup/system_bl602.o
LOAD /home/cbpeng/toolchain/riscv64-elf-x86_64-20210120/bin/../lib/gcc/riscv64-unknown-elf/8.4.0/../../../../riscv64-unknown-elf/lib/rv32imafc/ilp32f/libc.a
LOAD /home/cbpeng/toolchain/riscv64-elf-x86_64-20210120/bin/../lib/gcc/riscv64-unknown-elf/8.4.0/../../../../riscv64-unknown-elf/lib/rv32imafc/ilp32f/libm.a
LOAD /home/cbpeng/toolchain/riscv64-elf-x86_64-20210120/bin/../lib/gcc/riscv64-unknown-elf/8.4.0/rv32imafc/ilp32f/libgcc.a
START GROUP
LOAD /home/cbpeng/toolchain/riscv64-elf-x86_64-20210120/bin/../lib/gcc/riscv64-unknown-elf/8.4.0/../../../../riscv64-unknown-elf/lib/rv32imafc/ilp32f/libc.a
LOAD /home/cbpeng/toolchain/riscv64-elf-x86_64-20210120/bin/../lib/gcc/riscv64-unknown-elf/8.4.0/../../../../riscv64-unknown-elf/lib/rv32imafc/ilp32f/libgloss.a
END GROUP
LOAD /home/cbpeng/toolchain/riscv64-elf-x86_64-20210120/bin/../lib/gcc/riscv64-unknown-elf/8.4.0/rv32imafc/ilp32f/libgcc.a
LOAD /home/cbpeng/toolchain/riscv64-elf-x86_64-20210120/bin/../lib/gcc/riscv64-unknown-elf/8.4.0/../../../../riscv64-unknown-elf/lib/rv32imafc/ilp32f/libc.a
LOAD /home/cbpeng/toolchain/riscv64-elf-x86_64-20210120/bin/../lib/gcc/riscv64-unknown-elf/8.4.0/rv32imafc/ilp32f/libgcc.a
                0x0000000000000400                StackSize = 0x400
                0x0000000000000000                PROVIDE (__metal_chicken_bit = 0x0)

.text           0x0000000023000000     0x8e98
                0x0000000023000000                . = ALIGN (0x4)
                0x0000000023000000                __text_code_start__ = .
 *(.text.metal.init.enter)
 .text.metal.init.enter
                0x0000000023000000       0x86 out/startup/GCC/entry.o
                0x0000000023000000                _enter
 *(SORT_NONE(.init))
 *fill*         0x0000000023000086       0x3a 
 .init          0x00000000230000c0      0x142 out/startup/interrupt.o
                0x00000000230000c0                __Vectors
 *(.text)
 .text          0x0000000023000202       0xd0 /home/cbpeng/toolchain/riscv64-elf-x86_64-20210120/bin/../lib/gcc/riscv64-unknown-elf/8.4.0/../../../../riscv64-unknown-elf/lib/rv32imafc/ilp32f/libc.a(lib_a-memmove-stub.o)
                0x0000000023000202                memmove
 .text          0x00000000230002d2      0x35e /home/cbpeng/toolchain/riscv64-elf-x86_64-20210120/bin/../lib/gcc/riscv64-unknown-elf/8.4.0/rv32imafc/ilp32f/libgcc.a(_udivdi3.o)
                0x00000000230002d2                __udivdi3
 .text          0x0000000023000630      0x352 /home/cbpeng/toolchain/riscv64-elf-x86_64-20210120/bin/../lib/gcc/riscv64-unknown-elf/8.4.0/rv32imafc/ilp32f/libgcc.a(_umoddi3.o)
                0x0000000023000630                __umoddi3
 *(.text.*)
 .text.bflb_ecc_basic_parameter_init.isra.0
                0x0000000023000982       0x48 out/BSP_Common/cipher_suite/bflb_ecdsa.o
 .text.bflb_ecc_point_mul_init.isra.1
                0x00000000230009ca       0xc0 out/BSP_Common/cipher_suite/bflb_ecdsa.o
 .text.bflb_ecdsa_point_add.isra.4
                0x0000000023000a8a      0x1f0 out/BSP_Common/cipher_suite/bflb_ecdsa.o
 .text.bflb_ecdsa_verify_point_mul.isra.5
                0x0000000023000c7a      0x362 out/BSP_Common/cipher_suite/bflb_ecdsa.o
 .text.bflb_ecdsa_init
                0x0000000023000fdc       0x28 out/BSP_Common/cipher_suite/bflb_ecdsa.o
                0x0000000023000fdc                bflb_ecdsa_init
 .text.bflb_ecdsa_verify
                0x0000000023001004      0x4ca out/BSP_Common/cipher_suite/bflb_ecdsa.o
                0x0000000023001004                bflb_ecdsa_verify
 .text.memcmp   0x00000000230014ce       0x1e out/BSP_Common/libc/memcmp.o
                0x00000000230014ce                memcmp
 .text.memcpy   0x00000000230014ec       0x18 out/BSP_Common/libc/memcpy.o
                0x00000000230014ec                memcpy
 .text.memset   0x0000000023001504       0x18 out/BSP_Common/libc/memset.o
                0x0000000023001504                memset
 .text.strlen   0x000000002300151c       0x1a out/BSP_Common/libc/strlen.o
                0x000000002300151c                strlen
 .text.vsnprintf
                0x0000000023001536      0xae4 out/BSP_Common/libc/vsnprintf.o
                0x0000000023001536                vsnprintf
 .text.pPtTable_Flash_Read_Fast
                0x000000002300201a       0x5a out/BSP_Common/partition/partition.o
 .text.PtTable_Valid
                0x0000000023002074       0x6c out/BSP_Common/partition/partition.o
 .text.PtTable_Set_Flash_Operation
                0x00000000230020e0       0x2e out/BSP_Common/partition/partition.o
                0x00000000230020e0                PtTable_Set_Flash_Operation
 .text.PtTable_Get_Active_Partition_Need_Lock
                0x000000002300210e       0x84 out/BSP_Common/partition/partition.o
                0x000000002300210e                PtTable_Get_Active_Partition_Need_Lock
 .text.PtTable_Get_Active_Entries_By_ID
                0x0000000023002192       0x64 out/BSP_Common/partition/partition.o
                0x0000000023002192                PtTable_Get_Active_Entries_By_ID
 .text.PtTable_Get_Active_Entries_By_Name
                0x00000000230021f6       0x94 out/BSP_Common/partition/partition.o
                0x00000000230021f6                PtTable_Get_Active_Entries_By_Name
 .text.PtTable_Update_Entry
                0x000000002300228a      0x128 out/BSP_Common/partition/partition.o
                0x000000002300228a                PtTable_Update_Entry
 .text.Ring_Buffer_Init
                0x00000000230023b2       0x1c out/BSP_Common/ring_buffer/ring_buffer.o
                0x00000000230023b2                Ring_Buffer_Init
 .text.Ring_Buffer_Get_Length
                0x00000000230023ce       0x4a out/BSP_Common/ring_buffer/ring_buffer.o
                0x00000000230023ce                Ring_Buffer_Get_Length
 .text.Ring_Buffer_Write_Callback
                0x0000000023002418       0xac out/BSP_Common/ring_buffer/ring_buffer.o
                0x0000000023002418                Ring_Buffer_Write_Callback
 .text.Ring_Buffer_Get_Empty_Length
                0x00000000230024c4       0x16 out/BSP_Common/ring_buffer/ring_buffer.o
                0x00000000230024c4                Ring_Buffer_Get_Empty_Length
 .text.xz_crc32_init
                0x00000000230024da        0x2 out/BSP_Common/xz/xz_crc32.o
                0x00000000230024da                xz_crc32_init
 .text.xz_crc32
                0x00000000230024dc       0x34 out/BSP_Common/xz/xz_crc32.o
                0x00000000230024dc                xz_crc32
 .text.lzma_len
                0x0000000023002510      0x17c out/BSP_Common/xz/xz_dec_lzma2.o
 .text.dict_repeat.part.1
                0x000000002300268c       0x64 out/BSP_Common/xz/xz_dec_lzma2.o
 .text.lzma_main
                0x00000000230026f0      0x74a out/BSP_Common/xz/xz_dec_lzma2.o
 .text.xz_dec_lzma2_run
                0x0000000023002e3a      0x612 out/BSP_Common/xz/xz_dec_lzma2.o
                0x0000000023002e3a                xz_dec_lzma2_run
 .text.xz_dec_lzma2_create
                0x000000002300344c       0x68 out/BSP_Common/xz/xz_dec_lzma2.o
                0x000000002300344c                xz_dec_lzma2_create
 .text.xz_dec_lzma2_reset
                0x00000000230034b4       0x78 out/BSP_Common/xz/xz_dec_lzma2.o
                0x00000000230034b4                xz_dec_lzma2_reset
 .text.xz_dec_lzma2_end
                0x000000002300352c       0x2c out/BSP_Common/xz/xz_dec_lzma2.o
                0x000000002300352c                xz_dec_lzma2_end
 .text.fill_temp
                0x0000000023003558       0x72 out/BSP_Common/xz/xz_dec_stream.o
 .text.dec_vli.isra.0
                0x00000000230035ca       0x9a out/BSP_Common/xz/xz_dec_stream.o
 .text.index_update.isra.2
                0x0000000023003664       0x36 out/BSP_Common/xz/xz_dec_stream.o
 .text.xz_dec_reset
                0x000000002300369a       0x46 out/BSP_Common/xz/xz_dec_stream.o
                0x000000002300369a                xz_dec_reset
 .text.xz_dec_run
                0x00000000230036e0      0x78e out/BSP_Common/xz/xz_dec_stream.o
                0x00000000230036e0                xz_dec_run
 .text.xz_dec_init
                0x0000000023003e6e       0x46 out/BSP_Common/xz/xz_dec_stream.o
                0x0000000023003e6e                xz_dec_init
 .text.xz_dec_end
                0x0000000023003eb4       0x1e out/BSP_Common/xz/xz_dec_stream.o
                0x0000000023003eb4                xz_dec_end
 .text.simple_malloc_init
                0x0000000023003ed2       0x1a out/BSP_Common/xz/xz_port.o
                0x0000000023003ed2                simple_malloc_init
 .text.simple_malloc
                0x0000000023003eec       0x44 out/BSP_Common/xz/xz_port.o
                0x0000000023003eec                simple_malloc
 .text.simple_free
                0x0000000023003f30        0xe out/BSP_Common/xz/xz_port.o
                0x0000000023003f30                simple_free
 .text.Trap_Handler
                0x0000000023003f3e      0x126 out/BSP_Driver/BL602_BSP_Driver/StdDriver/bl602_common.o
                0x0000000023003f3e                Trap_Handler
 .text.Interrupt_Handler_Register
                0x0000000023004064       0x18 out/BSP_Driver/BL602_BSP_Driver/StdDriver/bl602_common.o
                0x0000000023004064                Interrupt_Handler_Register
 .text.Interrupt_Handler
                0x000000002300407c       0x9e out/BSP_Driver/BL602_BSP_Driver/StdDriver/bl602_common.o
                0x000000002300407c                Interrupt_Handler
 .text.EF_Ctrl_Read_Secure_Boot
                0x000000002300411a       0x40 out/BSP_Driver/BL602_BSP_Driver/StdDriver/bl602_ef_ctrl.o
                0x000000002300411a                EF_Ctrl_Read_Secure_Boot
 .text.EF_Ctrl_Read_Sw_Usage
                0x000000002300415a       0x30 out/BSP_Driver/BL602_BSP_Driver/StdDriver/bl602_ef_ctrl.o
                0x000000002300415a                EF_Ctrl_Read_Sw_Usage
 .text.EF_Ctrl_Read_MAC_Address
                0x000000002300418a       0xba out/BSP_Driver/BL602_BSP_Driver/StdDriver/bl602_ef_ctrl.o
                0x000000002300418a                EF_Ctrl_Read_MAC_Address
 .text.EF_Ctrl_Read_Chip_ID
                0x0000000023004244        0xa out/BSP_Driver/BL602_BSP_Driver/StdDriver/bl602_ef_ctrl.o
                0x0000000023004244                EF_Ctrl_Read_Chip_ID
 .text.EF_Ctrl_Read_AES_Key
                0x000000002300424e       0x40 out/BSP_Driver/BL602_BSP_Driver/StdDriver/bl602_ef_ctrl.o
                0x000000002300424e                EF_Ctrl_Read_AES_Key
 .text.GLB_Set_UART_CLK
                0x000000002300428e       0x3e out/BSP_Driver/BL602_BSP_Driver/StdDriver/bl602_glb.o
                0x000000002300428e                GLB_Set_UART_CLK
 .text.GLB_AHB_Slave1_Reset
                0x00000000230042cc       0x34 out/BSP_Driver/BL602_BSP_Driver/StdDriver/bl602_glb.o
                0x00000000230042cc                GLB_AHB_Slave1_Reset
 .text.GLB_Set_EM_Sel
                0x0000000023004300       0x10 out/BSP_Driver/BL602_BSP_Driver/StdDriver/bl602_glb.o
                0x0000000023004300                GLB_Set_EM_Sel
 .text.GLB_Set_MTimer_CLK
                0x0000000023004310       0x4a out/BSP_Driver/BL602_BSP_Driver/StdDriver/bl602_glb.o
                0x0000000023004310                GLB_Set_MTimer_CLK
 .text.GLB_UART_Fun_Sel
                0x000000002300435a       0x24 out/BSP_Driver/BL602_BSP_Driver/StdDriver/bl602_glb.o
                0x000000002300435a                GLB_UART_Fun_Sel
 .text.GLB_GPIO_Write
                0x000000002300437e       0x2e out/BSP_Driver/BL602_BSP_Driver/StdDriver/bl602_glb.o
                0x000000002300437e                GLB_GPIO_Write
 .text.HBN_Set_UART_CLK_Sel
                0x00000000230043ac       0x14 out/BSP_Driver/BL602_BSP_Driver/StdDriver/bl602_hbn.o
                0x00000000230043ac                HBN_Set_UART_CLK_Sel
 .text.HBN_Get_Status_Flag
                0x00000000230043c0        0xa out/BSP_Driver/BL602_BSP_Driver/StdDriver/bl602_hbn.o
                0x00000000230043c0                HBN_Get_Status_Flag
 .text.HBN_Set_BOR_Cfg
                0x00000000230043ca       0x5c out/BSP_Driver/BL602_BSP_Driver/StdDriver/bl602_hbn.o
                0x00000000230043ca                HBN_Set_BOR_Cfg
 .text.Sec_Eng_SHA256_Update.part.0
                0x0000000023004426      0x184 out/BSP_Driver/BL602_BSP_Driver/StdDriver/bl602_sec_eng.o
 .text.Sec_Eng_PKA_MREM.part.3
                0x00000000230045aa       0x1e out/BSP_Driver/BL602_BSP_Driver/StdDriver/bl602_sec_eng.o
 .text.Sec_Eng_SHA256_Init
                0x00000000230045c8       0x5a out/BSP_Driver/BL602_BSP_Driver/StdDriver/bl602_sec_eng.o
                0x00000000230045c8                Sec_Eng_SHA256_Init
 .text.Sec_Eng_SHA_Start
                0x0000000023004622       0x12 out/BSP_Driver/BL602_BSP_Driver/StdDriver/bl602_sec_eng.o
                0x0000000023004622                Sec_Eng_SHA_Start
 .text.Sec_Eng_SHA256_Update
                0x0000000023004634        0xc out/BSP_Driver/BL602_BSP_Driver/StdDriver/bl602_sec_eng.o
                0x0000000023004634                Sec_Eng_SHA256_Update
 .text.Sec_Eng_SHA256_Finish
                0x0000000023004640      0x22a out/BSP_Driver/BL602_BSP_Driver/StdDriver/bl602_sec_eng.o
                0x0000000023004640                Sec_Eng_SHA256_Finish
 .text.Sec_Eng_Trng_Enable
                0x000000002300486a       0x54 out/BSP_Driver/BL602_BSP_Driver/StdDriver/bl602_sec_eng.o
                0x000000002300486a                Sec_Eng_Trng_Enable
 .text.Sec_Eng_Trng_Disable
                0x00000000230048be       0x14 out/BSP_Driver/BL602_BSP_Driver/StdDriver/bl602_sec_eng.o
                0x00000000230048be                Sec_Eng_Trng_Disable
 .text.Sec_Eng_PKA_Reset
                0x00000000230048d2       0x10 out/BSP_Driver/BL602_BSP_Driver/StdDriver/bl602_sec_eng.o
                0x00000000230048d2                Sec_Eng_PKA_Reset
 .text.Sec_Eng_PKA_BigEndian_Enable
                0x00000000230048e2       0x12 out/BSP_Driver/BL602_BSP_Driver/StdDriver/bl602_sec_eng.o
                0x00000000230048e2                Sec_Eng_PKA_BigEndian_Enable
 .text.Sec_Eng_PKA_Write_Data
                0x00000000230048f4       0xc2 out/BSP_Driver/BL602_BSP_Driver/StdDriver/bl602_sec_eng.o
                0x00000000230048f4                Sec_Eng_PKA_Write_Data
 .text.Sec_Eng_PKA_Read_Data
                0x00000000230049b6       0xc2 out/BSP_Driver/BL602_BSP_Driver/StdDriver/bl602_sec_eng.o
                0x00000000230049b6                Sec_Eng_PKA_Read_Data
 .text.Sec_Eng_PKA_CREG
                0x0000000023004a78       0x64 out/BSP_Driver/BL602_BSP_Driver/StdDriver/bl602_sec_eng.o
                0x0000000023004a78                Sec_Eng_PKA_CREG
 .text.Sec_Eng_PKA_Move_Data
                0x0000000023004adc       0x6a out/BSP_Driver/BL602_BSP_Driver/StdDriver/bl602_sec_eng.o
                0x0000000023004adc                Sec_Eng_PKA_Move_Data
 .text.Sec_Eng_PKA_MSUB
                0x0000000023004b46       0x9e out/BSP_Driver/BL602_BSP_Driver/StdDriver/bl602_sec_eng.o
                0x0000000023004b46                Sec_Eng_PKA_MSUB
 .text.Sec_Eng_PKA_MREM
                0x0000000023004be4       0x66 out/BSP_Driver/BL602_BSP_Driver/StdDriver/bl602_sec_eng.o
                0x0000000023004be4                Sec_Eng_PKA_MREM
 .text.Sec_Eng_PKA_MMUL
                0x0000000023004c4a       0x9e out/BSP_Driver/BL602_BSP_Driver/StdDriver/bl602_sec_eng.o
                0x0000000023004c4a                Sec_Eng_PKA_MMUL
 .text.Sec_Eng_PKA_MINV
                0x0000000023004ce8       0x80 out/BSP_Driver/BL602_BSP_Driver/StdDriver/bl602_sec_eng.o
                0x0000000023004ce8                Sec_Eng_PKA_MINV
 .text.Sec_Eng_PKA_LCMP
                0x0000000023004d68       0x6a out/BSP_Driver/BL602_BSP_Driver/StdDriver/bl602_sec_eng.o
                0x0000000023004d68                Sec_Eng_PKA_LCMP
 .text.Sec_Eng_PKA_LMUL
                0x0000000023004dd2       0x64 out/BSP_Driver/BL602_BSP_Driver/StdDriver/bl602_sec_eng.o
                0x0000000023004dd2                Sec_Eng_PKA_LMUL
 .text.Sec_Eng_PKA_GF2Mont
                0x0000000023004e36       0x42 out/BSP_Driver/BL602_BSP_Driver/StdDriver/bl602_sec_eng.o
                0x0000000023004e36                Sec_Eng_PKA_GF2Mont
 .text.Sec_Eng_PKA_Mont2GF
                0x0000000023004e78       0x5a out/BSP_Driver/BL602_BSP_Driver/StdDriver/bl602_sec_eng.o
                0x0000000023004e78                Sec_Eng_PKA_Mont2GF
 .text.UART_IntHandler
                0x0000000023004ed2      0x152 out/BSP_Driver/BL602_BSP_Driver/StdDriver/bl602_uart.o
 .text.UART0_IRQHandler
                0x0000000023005024        0x4 out/BSP_Driver/BL602_BSP_Driver/StdDriver/bl602_uart.o
                0x0000000023005024                UART0_IRQHandler
 .text.UART1_IRQHandler
                0x0000000023005028        0x4 out/BSP_Driver/BL602_BSP_Driver/StdDriver/bl602_uart.o
                0x0000000023005028                UART1_IRQHandler
 .text.UART_Init
                0x000000002300502c      0x11e out/BSP_Driver/BL602_BSP_Driver/StdDriver/bl602_uart.o
                0x000000002300502c                UART_Init
 .text.UART_FifoConfig
                0x000000002300514a       0x6a out/BSP_Driver/BL602_BSP_Driver/StdDriver/bl602_uart.o
                0x000000002300514a                UART_FifoConfig
 .text.UART_Enable
                0x00000000230051b4       0x34 out/BSP_Driver/BL602_BSP_Driver/StdDriver/bl602_uart.o
                0x00000000230051b4                UART_Enable
 .text.UART_Disable
                0x00000000230051e8       0x30 out/BSP_Driver/BL602_BSP_Driver/StdDriver/bl602_uart.o
                0x00000000230051e8                UART_Disable
 .text.UART_SetRxTimeoutValue
                0x0000000023005218       0x1e out/BSP_Driver/BL602_BSP_Driver/StdDriver/bl602_uart.o
                0x0000000023005218                UART_SetRxTimeoutValue
 .text.UART_TxFreeRun
                0x0000000023005236       0x28 out/BSP_Driver/BL602_BSP_Driver/StdDriver/bl602_uart.o
                0x0000000023005236                UART_TxFreeRun
 .text.UART_AutoBaudDetection
                0x000000002300525e       0x28 out/BSP_Driver/BL602_BSP_Driver/StdDriver/bl602_uart.o
                0x000000002300525e                UART_AutoBaudDetection
 .text.UART_IntMask
                0x0000000023005286       0x48 out/BSP_Driver/BL602_BSP_Driver/StdDriver/bl602_uart.o
                0x0000000023005286                UART_IntMask
 .text.UART_Int_Callback_Install
                0x00000000230052ce       0x12 out/BSP_Driver/BL602_BSP_Driver/StdDriver/bl602_uart.o
                0x00000000230052ce                UART_Int_Callback_Install
 .text.UART_SendData
                0x00000000230052e0       0x50 out/BSP_Driver/BL602_BSP_Driver/StdDriver/bl602_uart.o
                0x00000000230052e0                UART_SendData
 .text.UART_ReceiveData
                0x0000000023005330       0x4e out/BSP_Driver/BL602_BSP_Driver/StdDriver/bl602_uart.o
                0x0000000023005330                UART_ReceiveData
 .text.UART_GetRxFifoCount
                0x000000002300537e       0x1a out/BSP_Driver/BL602_BSP_Driver/StdDriver/bl602_uart.o
                0x000000002300537e                UART_GetRxFifoCount
 .text.UART_GetTxBusBusyStatus
                0x0000000023005398       0x14 out/BSP_Driver/BL602_BSP_Driver/StdDriver/bl602_uart.o
                0x0000000023005398                UART_GetTxBusBusyStatus
 .text.bflb_platform_uart_dbg_init
                0x00000000230053ac      0x104 out/BSP_Driver/BL602_BSP_Driver/platform_print/platform_device.o
                0x00000000230053ac                bflb_platform_uart_dbg_init
 .text.bflb_platform_uart_dbg_deinit
                0x00000000230054b0       0x4c out/BSP_Driver/BL602_BSP_Driver/platform_print/platform_device.o
                0x00000000230054b0                bflb_platform_uart_dbg_deinit
 .text.bflb_platform_printf
                0x00000000230054fc       0x5c out/BSP_Driver/BL602_BSP_Driver/platform_print/platform_device.o
                0x00000000230054fc                bflb_platform_printf
 .text.UART_RTO_Cbf.part.0
                0x0000000023005558       0x32 out/BSP_Driver/BL602_BSP_Driver/platform_print/platform_device.o
 .text.UART_RFR_Cbf
                0x000000002300558a       0x52 out/BSP_Driver/BL602_BSP_Driver/platform_print/platform_device.o
 .text.UART_RTO_Cbf
                0x00000000230055dc       0x52 out/BSP_Driver/BL602_BSP_Driver/platform_print/platform_device.o
 .text.bflb_platform_clear_time
                0x000000002300562e       0x12 out/BSP_Driver/BL602_BSP_Driver/platform_print/platform_device.o
                0x000000002300562e                bflb_platform_clear_time
 .text.bflb_platform_get_time_ms
                0x0000000023005640       0x8c out/BSP_Driver/BL602_BSP_Driver/platform_print/platform_device.o
                0x0000000023005640                bflb_platform_get_time_ms
 .text.bflb_platform_init_time
                0x00000000230056cc       0x2a out/BSP_Driver/BL602_BSP_Driver/platform_print/platform_device.o
                0x00000000230056cc                bflb_platform_init_time
 .text.bflb_platform_deinit_time
                0x00000000230056f6        0x6 out/BSP_Driver/BL602_BSP_Driver/platform_print/platform_device.o
                0x00000000230056f6                bflb_platform_deinit_time
 .text.bflb_platform_delay_ms
                0x00000000230056fc       0x64 out/BSP_Driver/BL602_BSP_Driver/platform_print/platform_device.o
                0x00000000230056fc                bflb_platform_delay_ms
 .text.bflb_platform_init
                0x0000000023005760       0x5c out/BSP_Driver/BL602_BSP_Driver/platform_print/platform_device.o
                0x0000000023005760                bflb_platform_init
 .text.bflb_platform_deinit
                0x00000000230057bc       0x42 out/BSP_Driver/BL602_BSP_Driver/platform_print/platform_device.o
                0x00000000230057bc                bflb_platform_deinit
 .text.bflb_platform_print_set
                0x00000000230057fe        0xa out/BSP_Driver/BL602_BSP_Driver/platform_print/platform_device.o
                0x00000000230057fe                bflb_platform_print_set
 .text.bflb_plat_uart_debug_port_set
                0x0000000023005808       0x2e out/BSP_Driver/BL602_BSP_Driver/platform_print/platform_device.o
                0x0000000023005808                bflb_plat_uart_debug_port_set
 .text.bflb_bootrom_cmd_get_bootinfo
                0x0000000023005836       0x3c out/Examples/BLSP_Boot2/bflb_eflash_loader_cmds.o
 .text.bflb_bootrom_cmd_ack.part.1
                0x0000000023005872       0x14 out/Examples/BLSP_Boot2/bflb_eflash_loader_cmds.o
 .text.bflb_bootrom_cmd_ack
                0x0000000023005886       0x1c out/Examples/BLSP_Boot2/bflb_eflash_loader_cmds.o
 .text.bflb_bootrom_cmd_load_segdata
                0x00000000230058a2       0xe4 out/Examples/BLSP_Boot2/bflb_eflash_loader_cmds.o
 .text.bflb_bootrom_cmd_check_img
                0x0000000023005986       0x42 out/Examples/BLSP_Boot2/bflb_eflash_loader_cmds.o
 .text.bflb_bootrom_cmd_run
                0x00000000230059c8       0x9c out/Examples/BLSP_Boot2/bflb_eflash_loader_cmds.o
 .text.bflb_bootrom_parse_bootheader
                0x0000000023005a64      0x1a4 out/Examples/BLSP_Boot2/bflb_eflash_loader_cmds.o
                0x0000000023005a64                bflb_bootrom_parse_bootheader
 .text.bflb_bootrom_cmd_load_bootheader
                0x0000000023005c08       0x5a out/Examples/BLSP_Boot2/bflb_eflash_loader_cmds.o
 .text.bflb_bootrom_parse_seg_header
                0x0000000023005c62       0x5a out/Examples/BLSP_Boot2/bflb_eflash_loader_cmds.o
                0x0000000023005c62                bflb_bootrom_parse_seg_header
 .text.bflb_bootrom_cmd_load_segheader
                0x0000000023005cbc       0xa0 out/Examples/BLSP_Boot2/bflb_eflash_loader_cmds.o
 .text.bflb_eflash_loader_cmd_init
                0x0000000023005d5c        0x2 out/Examples/BLSP_Boot2/bflb_eflash_loader_cmds.o
                0x0000000023005d5c                bflb_eflash_loader_cmd_init
 .text.bflb_eflash_loader_cmd_process
                0x0000000023005d5e       0x72 out/Examples/BLSP_Boot2/bflb_eflash_loader_cmds.o
                0x0000000023005d5e                bflb_eflash_loader_cmd_process
 .text.bflb_eflash_loader_init_uart_gpio
                0x0000000023005dd0       0x44 out/Examples/BLSP_Boot2/bflb_eflash_loader_gpio.o
                0x0000000023005dd0                bflb_eflash_loader_init_uart_gpio
 .text.bflb_eflash_loader_usart_if_init
                0x0000000023005e14       0xb2 out/Examples/BLSP_Boot2/bflb_eflash_loader_uart.o
 .text.uart_if_rto_cbf
                0x0000000023005ec6       0x4a out/Examples/BLSP_Boot2/bflb_eflash_loader_uart.o
 .text.uart_if_rda_cbf
                0x0000000023005f10        0x2 out/Examples/BLSP_Boot2/bflb_eflash_loader_uart.o
 .text.bflb_eflash_loader_usart_if_receive.isra.0
                0x0000000023005f12       0xa2 out/Examples/BLSP_Boot2/bflb_eflash_loader_uart.o
 .text.bflb_eflash_loader_usart_if_wait_tx_idle
                0x0000000023005fb4       0x10 out/Examples/BLSP_Boot2/bflb_eflash_loader_uart.o
                0x0000000023005fb4                bflb_eflash_loader_usart_if_wait_tx_idle
 .text.bflb_eflash_loader_uart_init
                0x0000000023005fc4       0x36 out/Examples/BLSP_Boot2/bflb_eflash_loader_uart.o
                0x0000000023005fc4                bflb_eflash_loader_uart_init
 .text.bflb_eflash_loader_uart_handshake_poll
                0x0000000023005ffa       0xd4 out/Examples/BLSP_Boot2/bflb_eflash_loader_uart.o
                0x0000000023005ffa                bflb_eflash_loader_uart_handshake_poll
 .text.bflb_eflash_loader_uart_send
                0x00000000230060ce       0x16 out/Examples/BLSP_Boot2/bflb_eflash_loader_uart.o
                0x00000000230060ce                bflb_eflash_loader_uart_send
 .text.bflb_eflash_loader_main
                0x00000000230060e4       0xf8 out/Examples/BLSP_Boot2/bflb_eflash_loader_uart.o
                0x00000000230060e4                bflb_eflash_loader_main
 .text.PtTable_Flash_Read
                0x00000000230061dc       0x22 out/Examples/BLSP_Boot2/blsp_boot2.o
 .text.PtTable_Flash_Write
                0x00000000230061fe       0x22 out/Examples/BLSP_Boot2/blsp_boot2.o
 .text.PtTable_Flash_Erase
                0x0000000023006220       0x20 out/Examples/BLSP_Boot2/blsp_boot2.o
 .text.BLSP_Boot2_Deal_One_FW
                0x0000000023006240      0x20a out/Examples/BLSP_Boot2/blsp_boot2.o
 .text.startup.main
                0x000000002300644a      0x552 out/Examples/BLSP_Boot2/blsp_boot2.o
                0x000000002300644a                main
 .text.BLSP_Boot2_Fw_Decompress
                0x000000002300699c      0x204 out/Examples/BLSP_Boot2/blsp_boot_decompress.o
 .text.BLSP_Boot2_Update_Fw
                0x0000000023006ba0       0xce out/Examples/BLSP_Boot2/blsp_boot_decompress.o
                0x0000000023006ba0                BLSP_Boot2_Update_Fw
 .text.BLSP_Boot2_Verify_XZ_Header
                0x0000000023006c6e       0x34 out/Examples/BLSP_Boot2/blsp_boot_decompress.o
                0x0000000023006c6e                BLSP_Boot2_Verify_XZ_Header
 .text.BLSP_Boot_Parse_BootHeader
                0x0000000023006ca2      0x24a out/Examples/BLSP_Boot2/blsp_boot_parser.o
                0x0000000023006ca2                BLSP_Boot_Parse_BootHeader
 .text.BLSP_Boot_Parse_PKey
                0x0000000023006eec      0x118 out/Examples/BLSP_Boot2/blsp_boot_parser.o
                0x0000000023006eec                BLSP_Boot_Parse_PKey
 .text.BLSP_Boot_Parse_Signature
                0x0000000023007004       0xd4 out/Examples/BLSP_Boot2/blsp_boot_parser.o
                0x0000000023007004                BLSP_Boot_Parse_Signature
 .text.BLSP_Boot_Parse_AesIv
                0x00000000230070d8       0x82 out/Examples/BLSP_Boot2/blsp_boot_parser.o
                0x00000000230070d8                BLSP_Boot_Parse_AesIv
 .text.BLSP_Boot_Parser_Check_Signature
                0x000000002300715a       0xb2 out/Examples/BLSP_Boot2/blsp_boot_parser.o
                0x000000002300715a                BLSP_Boot_Parser_Check_Signature
 .text.BLSP_Boot_Parser_Check_Hash
                0x000000002300720c       0x7c out/Examples/BLSP_Boot2/blsp_boot_parser.o
                0x000000002300720c                BLSP_Boot_Parser_Check_Hash
 .text.BLSP_Dump_Data
                0x0000000023007288       0x60 out/Examples/BLSP_Boot2/blsp_common.o
                0x0000000023007288                BLSP_Dump_Data
 .text.BLSP_MediaBoot_Pre_Jump
                0x00000000230072e8       0x1a out/Examples/BLSP_Boot2/blsp_common.o
                0x00000000230072e8                BLSP_MediaBoot_Pre_Jump
 .text.BLSP_MediaBoot_Main
                0x0000000023007302      0x464 out/Examples/BLSP_Boot2/blsp_media_boot.o
                0x0000000023007302                BLSP_MediaBoot_Main
 .text.BLSP_Boot2_Disable_Other_Cache
                0x0000000023007766        0x2 out/Examples/BLSP_Boot2/blsp_port.o
                0x0000000023007766                BLSP_Boot2_Disable_Other_Cache
 .text.BLSP_Boot2_Flush_XIP_Cache
                0x0000000023007768        0x8 out/Examples/BLSP_Boot2/blsp_port.o
                0x0000000023007768                BLSP_Boot2_Flush_XIP_Cache
 .text.BLSP_Boot2_Show_Timer
                0x0000000023007770       0x1a out/Examples/BLSP_Boot2/blsp_port.o
                0x0000000023007770                BLSP_Boot2_Show_Timer
 .text.BLSP_Boot2_Reset_Sec_Eng
                0x000000002300778a        0x6 out/Examples/BLSP_Boot2/blsp_port.o
                0x000000002300778a                BLSP_Boot2_Reset_Sec_Eng
 .text.BLSP_Boot2_Get_CPU_Count
                0x0000000023007790        0x4 out/Examples/BLSP_Boot2/blsp_port.o
                0x0000000023007790                BLSP_Boot2_Get_CPU_Count
 .text.BLSP_Read_Power_Save_Mode
                0x0000000023007794       0x1c out/Examples/BLSP_Boot2/blsp_port.o
                0x0000000023007794                BLSP_Read_Power_Save_Mode
 .text.BLSP_Boot2_Pass_Parameter
                0x00000000230077b0       0x52 out/Examples/BLSP_Boot2/blsp_port.o
                0x00000000230077b0                BLSP_Boot2_Pass_Parameter
 .text.BLSP_Get_User_Specified_Fw
                0x0000000023007802        0xa out/Examples/BLSP_Boot2/blsp_port.o
                0x0000000023007802                BLSP_Get_User_Specified_Fw
 .text.BLSP_Clr_User_Specified_Fw
                0x000000002300780c        0xa out/Examples/BLSP_Boot2/blsp_port.o
                0x000000002300780c                BLSP_Clr_User_Specified_Fw
 .text.BLSP_Is_MSP_Valid
                0x0000000023007816       0x2a out/Examples/BLSP_Boot2/blsp_port.o
                0x0000000023007816                BLSP_Is_MSP_Valid
 .text.BLSP_Is_PC_Valid
                0x0000000023007840       0x3c out/Examples/BLSP_Boot2/blsp_port.o
                0x0000000023007840                BLSP_Is_PC_Valid
 .text.BLSP_Fix_Invalid_MSP_PC
                0x000000002300787c       0x4a out/Examples/BLSP_Boot2/blsp_port.o
                0x000000002300787c                BLSP_Fix_Invalid_MSP_PC
 .text.bflb_platform_init_uart_debug_gpio
                0x00000000230078c6       0x42 out/Examples/BLSP_Boot2/blsp_port.o
                0x00000000230078c6                bflb_platform_init_uart_debug_gpio
 .text.bflb_platform_deinit_uart_debug_gpio
                0x0000000023007908       0x48 out/Examples/BLSP_Boot2/blsp_port.o
                0x0000000023007908                bflb_platform_deinit_uart_debug_gpio
 .text.BLSP_Boot2_init_gpio_for_bootrom
                0x0000000023007950       0x48 out/Examples/BLSP_Boot2/blsp_port.o
                0x0000000023007950                BLSP_Boot2_init_gpio_for_bootrom
 .text.start_load
                0x0000000023007998      0x12a out/startup/GCC/start_load.o
                0x0000000023007998                start_load
 .text.Interrupt_Handler_Stub
                0x0000000023007ac2       0x9c out/startup/interrupt.o
                0x0000000023007ac2                SDIO_IRQHandler_Wrapper
                0x0000000023007ac2                TIMER_WDT_IRQHandler_Wrapper
                0x0000000023007ac2                GPIO_INT0_IRQHandler_Wrapper
                0x0000000023007ac2                SEC_PKA_IRQHandler_Wrapper
                0x0000000023007ac2                SEC_TRNG_IRQHandler_Wrapper
                0x0000000023007ac2                MAC_GEN_IRQHandler_Wrapper
                0x0000000023007ac2                DMA_BMX_ERR_IRQHandler_Wrapper
                0x0000000023007ac2                EFUSE_IRQHandler_Wrapper
                0x0000000023007ac2                WIFI_IRQHandler_Wrapper
                0x0000000023007ac2                SEC_CDET_IRQHandler_Wrapper
                0x0000000023007ac2                SEC_AES_IRQHandler_Wrapper
                0x0000000023007ac2                PWM_IRQHandler_Wrapper
                0x0000000023007ac2                RF_TOP_INT1_IRQHandler_Wrapper
                0x0000000023007ac2                HBN_OUT0_IRQHandler_Wrapper
                0x0000000023007ac2                SF_CTRL_IRQHandler_Wrapper
                0x0000000023007ac2                TIMER_CH0_IRQHandler_Wrapper
                0x0000000023007ac2                clic_mext_handler_Wrapper
                0x0000000023007ac2                MAC_TXRX_TIMER_IRQHandler_Wrapper
                0x0000000023007ac2                Interrupt_Handler_Stub
                0x0000000023007ac2                clic_csoft_handler_Wrapper
                0x0000000023007ac2                I2C_IRQHandler_Wrapper
                0x0000000023007ac2                SPI_IRQHandler_Wrapper
                0x0000000023007ac2                MAC_PORT_TRG_IRQHandler_Wrapper
                0x0000000023007ac2                PDS_WAKEUP_IRQHandler_Wrapper
                0x0000000023007ac2                clic_mtimer_handler_Wrapper
                0x0000000023007ac2                L1C_BMX_ERR_IRQHandler_Wrapper
                0x0000000023007ac2                SEC_BMX_ERR_IRQHandler_Wrapper
                0x0000000023007ac2                MAC_RX_TRG_IRQHandler_Wrapper
                0x0000000023007ac2                MAC_TX_TRG_IRQHandler_Wrapper
                0x0000000023007ac2                HBN_OUT1_IRQHandler_Wrapper
                0x0000000023007ac2                SEC_GMAC_IRQHandler_Wrapper
                0x0000000023007ac2                clic_msip_handler_Wrapper
                0x0000000023007ac2                UART1_IRQHandler_Wrapper
                0x0000000023007ac2                GPADC_DMA_IRQHandler_Wrapper
                0x0000000023007ac2                MAC_TXRX_MISC_IRQHandler_Wrapper
                0x0000000023007ac2                DMA_ALL_IRQHandler_Wrapper
                0x0000000023007ac2                BLE_IRQHandler_Wrapper
                0x0000000023007ac2                SEC_SHA_IRQHandler_Wrapper
                0x0000000023007ac2                IRRX_IRQHandler_Wrapper
                0x0000000023007ac2                BMX_TO_IRQHandler_Wrapper
                0x0000000023007ac2                TIMER_CH1_IRQHandler_Wrapper
                0x0000000023007ac2                UART0_IRQHandler_Wrapper
                0x0000000023007ac2                BMX_ERR_IRQHandler_Wrapper
                0x0000000023007ac2                WIFI_IPC_PUBLIC_IRQHandler_Wrapper
                0x0000000023007ac2                L1C_BMX_TO_IRQHandler_Wrapper
                0x0000000023007ac2                BZ_PHY_IRQHandler_Wrapper
                0x0000000023007ac2                RF_TOP_INT0_IRQHandler_Wrapper
                0x0000000023007ac2                IRTX_IRQHandler_Wrapper
                0x0000000023007ac2                BOR_IRQHandler_Wrapper
 *fill*         0x0000000023007b5e       0x22 
 .text.Trap_Handler_Stub
                0x0000000023007b80       0xbe out/startup/interrupt.o
                0x0000000023007b80                Trap_Handler_Stub
 .text.clic_enable_interrupt
                0x0000000023007c3e       0x12 out/startup/interrupt.o
                0x0000000023007c3e                clic_enable_interrupt
 .text.clic_disable_interrupt
                0x0000000023007c50       0x10 out/startup/interrupt.o
                0x0000000023007c50                clic_disable_interrupt
 .text.SystemInit
                0x0000000023007c60       0xac out/startup/system_bl602.o
                0x0000000023007c60                SystemInit
 *(.rodata)
 *fill*         0x0000000023007d0c        0x0 
 .rodata        0x0000000023007d0c       0x10 out/BSP_Driver/BL602_BSP_Driver/platform_print/platform_device.o
 .rodata        0x0000000023007d1c        0x6 out/Examples/BLSP_Boot2/blsp_boot_decompress.o
 *fill*         0x0000000023007d22        0x2 
 .rodata        0x0000000023007d24      0x100 /home/cbpeng/toolchain/riscv64-elf-x86_64-20210120/bin/../lib/gcc/riscv64-unknown-elf/8.4.0/rv32imafc/ilp32f/libgcc.a(_clz.o)
                0x0000000023007d24                __clz_tab
 *(.rodata.*)
 .rodata.bflb_ecdsa_verify_point_mul.isra.5.str1.4
                0x0000000023007e24       0x35 out/BSP_Common/cipher_suite/bflb_ecdsa.o
 *fill*         0x0000000023007e59        0x3 
 .rodata.secp256r1InvR_N
                0x0000000023007e5c       0x20 out/BSP_Common/cipher_suite/bflb_ecdsa.o
                0x0000000023007e5c                secp256r1InvR_N
 .rodata.secp256r1InvR_P
                0x0000000023007e7c       0x20 out/BSP_Common/cipher_suite/bflb_ecdsa.o
                0x0000000023007e7c                secp256r1InvR_P
 .rodata.secp256r1N
                0x0000000023007e9c       0x20 out/BSP_Common/cipher_suite/bflb_ecdsa.o
                0x0000000023007e9c                secp256r1N
 .rodata.secp256r1P
                0x0000000023007ebc       0x20 out/BSP_Common/cipher_suite/bflb_ecdsa.o
                0x0000000023007ebc                secp256r1P
 .rodata.secp256r1PrimeN_N
                0x0000000023007edc       0x20 out/BSP_Common/cipher_suite/bflb_ecdsa.o
                0x0000000023007edc                secp256r1PrimeN_N
 .rodata.secp256r1PrimeN_P
                0x0000000023007efc       0x20 out/BSP_Common/cipher_suite/bflb_ecdsa.o
                0x0000000023007efc                secp256r1PrimeN_P
 .rodata.secp256r1_1
                0x0000000023007f1c       0x20 out/BSP_Common/cipher_suite/bflb_ecdsa.o
                0x0000000023007f1c                secp256r1_1
 .rodata.secp256r1_1M1
                0x0000000023007f3c       0x20 out/BSP_Common/cipher_suite/bflb_ecdsa.o
                0x0000000023007f3c                secp256r1_1M1
 .rodata.secp256r1_1P1
                0x0000000023007f5c       0x20 out/BSP_Common/cipher_suite/bflb_ecdsa.o
                0x0000000023007f5c                secp256r1_1P1
 .rodata.secp256r1_BAR2
                0x0000000023007f7c       0x20 out/BSP_Common/cipher_suite/bflb_ecdsa.o
                0x0000000023007f7c                secp256r1_BAR2
 .rodata.secp256r1_BAR3
                0x0000000023007f9c       0x20 out/BSP_Common/cipher_suite/bflb_ecdsa.o
                0x0000000023007f9c                secp256r1_BAR3
 .rodata.secp256r1_BAR4
                0x0000000023007fbc       0x20 out/BSP_Common/cipher_suite/bflb_ecdsa.o
                0x0000000023007fbc                secp256r1_BAR4
 .rodata.secp256r1_BAR8
                0x0000000023007fdc       0x20 out/BSP_Common/cipher_suite/bflb_ecdsa.o
                0x0000000023007fdc                secp256r1_BAR8
 .rodata.secp256r1_Gx
                0x0000000023007ffc       0x20 out/BSP_Common/cipher_suite/bflb_ecdsa.o
                0x0000000023007ffc                secp256r1_Gx
 .rodata.secp256r1_Gy
                0x000000002300801c       0x20 out/BSP_Common/cipher_suite/bflb_ecdsa.o
                0x000000002300801c                secp256r1_Gy
 .rodata.secp256r1_Zerox
                0x000000002300803c       0x20 out/BSP_Common/cipher_suite/bflb_ecdsa.o
                0x000000002300803c                secp256r1_Zerox
 .rodata.secp256r1_Zeroy
                0x000000002300805c       0x20 out/BSP_Common/cipher_suite/bflb_ecdsa.o
                0x000000002300805c                secp256r1_Zeroy
 .rodata.lcdigits.1541
                0x000000002300807c       0x11 out/BSP_Common/libc/vsnprintf.o
 *fill*         0x000000002300808d        0x3 
 .rodata.ucdigits.1542
                0x0000000023008090       0x11 out/BSP_Common/libc/vsnprintf.o
 *fill*         0x00000000230080a1        0x3 
 .rodata.vsnprintf.str1.4
                0x00000000230080a4        0x7 out/BSP_Common/libc/vsnprintf.o
 *fill*         0x00000000230080ab        0x1 
 .rodata.crc32Tab
                0x00000000230080ac      0x400 out/BSP_Common/soft_crc/softcrc.o
                0x00000000230080ac                crc32Tab
 .rodata.xz_dec_run.str1.4
                0x00000000230084ac        0xb out/BSP_Common/xz/xz_dec_stream.o
 *fill*         0x00000000230084b7        0x1 
 .rodata.simple_free.str1.4
                0x00000000230084b8       0x13 out/BSP_Common/xz/xz_port.o
 *fill*         0x00000000230084cb        0x1 
 .rodata.simple_malloc.str1.4
                0x00000000230084cc       0x13 out/BSP_Common/xz/xz_port.o
 *fill*         0x00000000230084df        0x1 
 .rodata.Interrupt_Handler.str1.4
                0x00000000230084e0       0x8a out/BSP_Driver/BL602_BSP_Driver/StdDriver/bl602_common.o
 *fill*         0x000000002300856a        0x2 
 .rodata.Trap_Handler.str1.4
                0x000000002300856c      0x13b out/BSP_Driver/BL602_BSP_Driver/StdDriver/bl602_common.o
 *fill*         0x00000000230086a7        0x1 
 .rodata.CSWTCH.116
                0x00000000230086a8       0x14 out/BSP_Driver/BL602_BSP_Driver/StdDriver/bl602_sec_eng.o
 .rodata.str1.4
                0x00000000230086bc        0x5 out/BSP_Driver/BL602_BSP_Driver/StdDriver/bl602_sf_cfg_ext.o
 *fill*         0x00000000230086c1        0x3 
 .rodata.uartAddr
                0x00000000230086c4        0x8 out/BSP_Driver/BL602_BSP_Driver/StdDriver/bl602_uart.o
 .rodata.UART_RTO_Cbf.part.0.str1.4
                0x00000000230086cc       0x11 out/BSP_Driver/BL602_BSP_Driver/platform_print/platform_device.o
 *fill*         0x00000000230086dd        0x3 
 .rodata.bflb_platform_init.str1.4
                0x00000000230086e0       0x13 out/BSP_Driver/BL602_BSP_Driver/platform_print/platform_device.o
 *fill*         0x00000000230086f3        0x1 
 .rodata.bflb_bootrom_cmd_load_segdata.str1.4
                0x00000000230086f4       0x40 out/Examples/BLSP_Boot2/bflb_eflash_loader_cmds.o
 .rodata.bflb_bootrom_cmd_run.str1.4
                0x0000000023008734       0x4a out/Examples/BLSP_Boot2/bflb_eflash_loader_cmds.o
 *fill*         0x000000002300877e        0x2 
 .rodata.eflash_loader_cmds
                0x0000000023008780       0x30 out/Examples/BLSP_Boot2/bflb_eflash_loader_cmds.o
 .rodata.bflb_eflash_loader_main.str1.4
                0x00000000230087b0       0x49 out/Examples/BLSP_Boot2/bflb_eflash_loader_uart.o
 *fill*         0x00000000230087f9        0x3 
 .rodata.bflb_eflash_loader_uart_handshake_poll.str1.4
                0x00000000230087fc       0x49 out/Examples/BLSP_Boot2/bflb_eflash_loader_uart.o
 *fill*         0x0000000023008845        0x3 
 .rodata.BLSP_Boot2_Deal_One_FW.str1.4
                0x0000000023008848       0xf5 out/Examples/BLSP_Boot2/blsp_boot2.o
 *fill*         0x000000002300893d        0x3 
 .rodata.main.str1.4
                0x0000000023008940      0x202 out/Examples/BLSP_Boot2/blsp_boot2.o
                                        0x20a (size before relaxing)
 *fill*         0x0000000023008b42        0x2 
 .rodata.BLSP_Boot2_Fw_Decompress.str1.4
                0x0000000023008b44       0xc1 out/Examples/BLSP_Boot2/blsp_boot_decompress.o
 *fill*         0x0000000023008c05        0x3 
 .rodata.BLSP_Boot2_Update_Fw.str1.4
                0x0000000023008c08       0x79 out/Examples/BLSP_Boot2/blsp_boot_decompress.o
 *fill*         0x0000000023008c81        0x3 
 .rodata.BLSP_Boot_Parse_AesIv.str1.4
                0x0000000023008c84       0x13 out/Examples/BLSP_Boot2/blsp_boot_parser.o
 *fill*         0x0000000023008c97        0x1 
 .rodata.BLSP_Boot_Parse_BootHeader.str1.4
                0x0000000023008c98       0x85 out/Examples/BLSP_Boot2/blsp_boot_parser.o
 *fill*         0x0000000023008d1d        0x3 
 .rodata.BLSP_Boot_Parse_PKey.str1.4
                0x0000000023008d20       0x1f out/Examples/BLSP_Boot2/blsp_boot_parser.o
 *fill*         0x0000000023008d3f        0x1 
 .rodata.BLSP_Boot_Parse_Signature.str1.4
                0x0000000023008d40       0x10 out/Examples/BLSP_Boot2/blsp_boot_parser.o
 .rodata.BLSP_Boot_Parser_Check_Hash.str1.4
                0x0000000023008d50        0xd out/Examples/BLSP_Boot2/blsp_boot_parser.o
 *fill*         0x0000000023008d5d        0x3 
 .rodata.BLSP_Boot_Parser_Check_Signature.str1.4
                0x0000000023008d60       0x32 out/Examples/BLSP_Boot2/blsp_boot_parser.o
 *fill*         0x0000000023008d92        0x2 
 .rodata.BLSP_Dump_Data.str1.4
                0x0000000023008d94        0x6 out/Examples/BLSP_Boot2/blsp_common.o
                                          0xa (size before relaxing)
 *fill*         0x0000000023008d9a        0x2 
 .rodata.BLSP_MediaBoot_Main.str1.4
                0x0000000023008d9c       0xdf out/Examples/BLSP_Boot2/blsp_media_boot.o
 *fill*         0x0000000023008e7b        0x1 
 .rodata.BLSP_Boot2_Show_Timer.str1.4
                0x0000000023008e7c       0x14 out/Examples/BLSP_Boot2/blsp_port.o
                                         0x12 (size before relaxing)
 *(.srodata)
 .srodata       0x0000000023008e90        0x4 out/BSP_Driver/BL602_BSP_Driver/platform_print/platform_device.o
 .srodata       0x0000000023008e94        0x4 out/startup/system_bl602.o
 *(.srodata.*)
                0x0000000023008e98                . = ALIGN (0x4)
                0x0000000023008e98                __text_code_end__ = .
                0x0000000023008e98                . = ALIGN (0x4)
                0x0000000023008e98                __itcm_load_addr = .

.itcm_region    0x000000002201c000     0x1880 load address 0x0000000023008e98
                0x000000002201c000                . = ALIGN (0x4)
                0x000000002201c000                __tcm_code_start__ = .
 *(.tcm_code)
 .tcm_code      0x000000002201c000      0x1f2 out/BSP_Driver/BL602_BSP_Driver/StdDriver/bl602_glb.o
                0x000000002201c000                GLB_GPIO_Init
                0x000000002201c130                GLB_GPIO_INPUT_Enable
                0x000000002201c15a                GLB_GPIO_INPUT_Disable
                0x000000002201c184                GLB_GPIO_Set_PullUp
                0x000000002201c1bc                GLB_GPIO_Set_PullDown
 .tcm_code      0x000000002201c1f2      0x546 out/BSP_Driver/BL602_BSP_Driver/StdDriver/bl602_romapi.o
                0x000000002201c1f2                AON_Power_On_BG
                0x000000002201c1fc                AON_Power_Off_BG
                0x000000002201c206                AON_Power_On_LDO11_SOC
                0x000000002201c210                AON_Power_Off_LDO11_SOC
                0x000000002201c21a                AON_Power_On_LDO15_RF
                0x000000002201c224                AON_Power_Off_LDO15_RF
                0x000000002201c22e                AON_Power_On_SFReg
                0x000000002201c238                AON_Power_Off_SFReg
                0x000000002201c242                AON_LowPower_Enter_PDS0
                0x000000002201c24c                AON_LowPower_Exit_PDS0
                0x000000002201c256                ASM_Delay_Us
                0x000000002201c260                BL602_Delay_US
                0x000000002201c26a                BL602_Delay_MS
                0x000000002201c274                BL602_MemCpy
                0x000000002201c27e                BL602_MemCpy4
                0x000000002201c288                BL602_MemCpy_Fast
                0x000000002201c292                BL602_MemSet
                0x000000002201c29c                BL602_MemSet4
                0x000000002201c2a6                BL602_MemCmp
                0x000000002201c2b0                EF_Ctrl_Sw_AHB_Clk_0
                0x000000002201c2ba                EF_Ctrl_Program_Efuse_0
                0x000000002201c2c4                EF_Ctrl_Load_Efuse_R0
                0x000000002201c2ce                EF_Ctrl_Busy
                0x000000002201c2d8                EF_Ctrl_AutoLoad_Done
                0x000000002201c2e2                EF_Ctrl_Clear
                0x000000002201c2ec                GLB_SW_System_Reset
                0x000000002201c2f6                GLB_SW_CPU_Reset
                0x000000002201c300                GLB_SW_POR_Reset
                0x000000002201c30a                GLB_Select_Internal_Flash
                0x000000002201c314                GLB_Select_External_Flash
                0x000000002201c31e                GLB_Deswap_Flash_Pin
                0x000000002201c328                GLB_Swap_Flash_Pin
                0x000000002201c332                GLB_GPIO_OUTPUT_Enable
                0x000000002201c33c                GLB_GPIO_OUTPUT_Disable
                0x000000002201c346                GLB_GPIO_Set_HZ
                0x000000002201c350                GLB_GPIO_Get_Fun
                0x000000002201c35a                HBN_Power_Down_Flash
                0x000000002201c364                HBN_Enable
                0x000000002201c36e                HBN_Reset
                0x000000002201c378                HBN_Set_Ldo11_Aon_Vout
                0x000000002201c382                HBN_Set_Ldo11_Rt_Vout
                0x000000002201c38c                HBN_Set_Ldo11_Soc_Vout
                0x000000002201c396                HBN_Hw_Pu_Pd_Cfg
                0x000000002201c3a0                HBN_Pin_WakeUp_Mask
                0x000000002201c3aa                HBN_GPIO7_Dbg_Pull_Cfg
                0x000000002201c3b4                HBN_Set_Embedded_Flash_Pullup
                0x000000002201c3be                L1C_Set_Wrap
                0x000000002201c3c8                L1C_Set_Way_Disable
                0x000000002201c3d2                L1C_IROM_2T_Access_Set
                0x000000002201c3dc                PDS_Reset
                0x000000002201c3e6                PDS_Enable
                0x000000002201c3f0                PDS_Force_Config
                0x000000002201c3fa                PDS_RAM_Config
                0x000000002201c404                PDS_Default_Level_Config
                0x000000002201c40e                SEC_Eng_Turn_On_Sec_Ring
                0x000000002201c418                SEC_Eng_Turn_Off_Sec_Ring
                0x000000002201c422                SFlash_Init
                0x000000002201c42c                SFlash_SetSPIMode
                0x000000002201c436                SFlash_Read_Reg
                0x000000002201c440                SFlash_Write_Reg
                0x000000002201c44a                SFlash_Busy
                0x000000002201c454                SFlash_Write_Enable
                0x000000002201c45e                SFlash_Qspi_Enable
                0x000000002201c468                SFlash_Volatile_Reg_Write_Enable
                0x000000002201c472                SFlash_Chip_Erase
                0x000000002201c47c                SFlash_Sector_Erase
                0x000000002201c486                SFlash_Blk32_Erase
                0x000000002201c490                SFlash_Blk64_Erase
                0x000000002201c49a                SFlash_Erase
                0x000000002201c4a4                SFlash_Program
                0x000000002201c4ae                SFlash_GetUniqueId
                0x000000002201c4b8                SFlash_GetJedecId
                0x000000002201c4c2                SFlash_GetDeviceId
                0x000000002201c4cc                SFlash_Powerdown
                0x000000002201c4d6                SFlash_Releae_Powerdown
                0x000000002201c4e0                SFlash_SetBurstWrap
                0x000000002201c4ea                SFlash_DisableBurstWrap
                0x000000002201c4f4                SFlash_Software_Reset
                0x000000002201c4fe                SFlash_Reset_Continue_Read
                0x000000002201c508                SFlash_Set_IDbus_Cfg
                0x000000002201c512                SFlash_IDbus_Read_Enable
                0x000000002201c51c                SFlash_Cache_Enable_Set
                0x000000002201c526                SFlash_Cache_Flush
                0x000000002201c530                SFlash_Cache_Read_Enable
                0x000000002201c53a                SFlash_Cache_Hit_Count_Get
                0x000000002201c544                SFlash_Cache_Miss_Count_Get
                0x000000002201c54e                SFlash_Cache_Read_Disable
                0x000000002201c558                SFlash_Read
                0x000000002201c562                SFlash_Read_Reg_With_Cmd
                0x000000002201c56c                SFlash_Write_Reg_With_Cmd
                0x000000002201c576                SF_Cfg_Init_Ext_Flash_Gpio
                0x000000002201c580                SF_Cfg_Init_Internal_Flash_Gpio
                0x000000002201c58a                SF_Cfg_Deinit_Ext_Flash_Gpio
                0x000000002201c594                SF_Cfg_Restore_GPIO17_Fun
                0x000000002201c59e                SF_Cfg_Get_Flash_Cfg_Need_Lock
                0x000000002201c5a8                SF_Cfg_Init_Flash_Gpio
                0x000000002201c5b2                SF_Cfg_Flash_Identify
                0x000000002201c5bc                SF_Ctrl_Enable
                0x000000002201c5c6                SF_Ctrl_Select_Pad
                0x000000002201c5d0                SF_Ctrl_Set_Owner
                0x000000002201c5da                SF_Ctrl_Disable
                0x000000002201c5e4                SF_Ctrl_AES_Enable_BE
                0x000000002201c5ee                SF_Ctrl_AES_Enable_LE
                0x000000002201c5f8                SF_Ctrl_AES_Set_Region
                0x000000002201c602                SF_Ctrl_AES_Set_Key
                0x000000002201c60c                SF_Ctrl_AES_Set_Key_BE
                0x000000002201c616                SF_Ctrl_AES_Set_IV
                0x000000002201c620                SF_Ctrl_AES_Set_IV_BE
                0x000000002201c62a                SF_Ctrl_AES_Enable
                0x000000002201c634                SF_Ctrl_AES_Disable
                0x000000002201c63e                SF_Ctrl_Set_Flash_Image_Offset
                0x000000002201c648                SF_Ctrl_Get_Flash_Image_Offset
                0x000000002201c652                SF_Ctrl_Select_Clock
                0x000000002201c65c                SF_Ctrl_SendCmd
                0x000000002201c666                SF_Ctrl_Icache_Set
                0x000000002201c670                SF_Ctrl_Icache2_Set
                0x000000002201c67a                SF_Ctrl_GetBusyState
                0x000000002201c684                SF_Ctrl_Is_AES_Enable
                0x000000002201c68e                SF_Ctrl_Get_Clock_Delay
                0x000000002201c698                SF_Ctrl_Set_Clock_Delay
                0x000000002201c6a2                XIP_SFlash_State_Save
                0x000000002201c6ac                XIP_SFlash_State_Restore
                0x000000002201c6b6                XIP_SFlash_Erase_Need_Lock
                0x000000002201c6c0                XIP_SFlash_Write_Need_Lock
                0x000000002201c6ca                XIP_SFlash_Read_Need_Lock
                0x000000002201c6d4                XIP_SFlash_GetJedecId_Need_Lock
                0x000000002201c6de                XIP_SFlash_GetDeviceId_Need_Lock
                0x000000002201c6e8                XIP_SFlash_GetUniqueId_Need_Lock
                0x000000002201c6f2                XIP_SFlash_Read_Via_Cache_Need_Lock
                0x000000002201c6fc                XIP_SFlash_Read_With_Lock
                0x000000002201c706                XIP_SFlash_Write_With_Lock
                0x000000002201c710                XIP_SFlash_Erase_With_Lock
                0x000000002201c71a                XIP_SFlash_Opt_Enter
                0x000000002201c724                XIP_SFlash_Opt_Exit
                0x000000002201c72e                BFLB_Soft_CRC32
 .tcm_code      0x000000002201c738      0x134 out/BSP_Driver/BL602_BSP_Driver/StdDriver/bl602_sf_cfg_ext.o
                0x000000002201c738                SF_Cfg_Get_Flash_Cfg_Need_Lock_Ext
                0x000000002201c7f4                SF_Cfg_Flash_Identify_Ext
 .tcm_code      0x000000002201c86c      0x558 out/BSP_Driver/BL602_BSP_Driver/StdDriver/bl602_sflash_ext.o
                0x000000002201c86c                SFlash_Restore_From_Powerdown
                0x000000002201c902                SFlash_RCV_Enable
                0x000000002201c9bc                SFlash_Erase_Security_Register
                0x000000002201cab8                SFlash_Program_Security_Register
                0x000000002201cc46                SFlash_Read_Security_Register
 .tcm_code      0x000000002201cdc4      0x47c out/BSP_Driver/BL602_BSP_Driver/StdDriver/bl602_xip_sflash_ext.o
                0x000000002201cdc4                XIP_SFlash_State_Restore_Ext
                0x000000002201ce0c                XIP_SFlash_Erase_Need_Lock_Ext
                0x000000002201ce66                XIP_SFlash_Write_Need_Lock_Ext
                0x000000002201ceca                XIP_SFlash_Read_Need_Lock_Ext
                0x000000002201cf30                XIP_SFlash_GetJedecId_Need_Lock_Ext
                0x000000002201cf86                XIP_SFlash_GetDeviceId_Need_Lock_Ext
                0x000000002201cfda                XIP_SFlash_GetUniqueId_Need_Lock_Ext
                0x000000002201d038                XIP_SFlash_RCV_Enable_Need_Lock
                0x000000002201d09a                XIP_SFlash_Read_With_Lock_Ext
                0x000000002201d0b0                XIP_SFlash_Write_With_Lock_Ext
                0x000000002201d0c6                XIP_SFlash_Erase_With_Lock_Ext
                0x000000002201d0e2                XIP_SFlash_RCV_Enable_With_Lock
                0x000000002201d0f8                XIP_SFlash_Init
                0x000000002201d15a                XIP_SFlash_Read
                0x000000002201d1a8                XIP_SFlash_Write
                0x000000002201d1f6                XIP_SFlash_Erase
 .tcm_code      0x000000002201d240      0x136 out/Examples/BLSP_Boot2/blsp_common.o
                0x000000002201d240                BLSP_Boot2_Jump_Entry
 .tcm_code      0x000000002201d376       0x16 out/Examples/BLSP_Boot2/blsp_media_boot.o
                0x000000002201d376                BLSP_MediaBoot_Read
 .tcm_code      0x000000002201d38c      0x1f8 out/Examples/BLSP_Boot2/blsp_port.o
                0x000000002201d38c                BLSP_Sboot_Finish
                0x000000002201d39c                BLSP_Boot2_Get_Clk_Cfg
                0x000000002201d3b8                BLSP_Boot2_Get_Efuse_Cfg
                0x000000002201d416                BLSP_Boot2_Releae_Other_CPU
                0x000000002201d418                BLSP_Boot2_Update_System_Flash_Clk
                0x000000002201d41a                BLSP_Boot2_Set_Encrypt
                0x000000002201d48c                BLSP_Boot2_Set_Cache
                0x000000002201d528                BLSP_Boot2_Get_TX_GPIO
                0x000000002201d532                BLSP_Boot2_Get_UART_Port
                0x000000002201d53c                BLSP_Boot2_Get_Feature_Flag
                0x000000002201d55c                BLSP_Boot2_Get_Log_Disable_Flag
                0x000000002201d566                BLSP_Boot2_8M_Support_Flag
                0x000000002201d570                BLSP_Boot2_Dump_Critical_Flag
                0x000000002201d57a                BLSP_Boot2_Get_Baudrate
 *(.tcm_const)
 .tcm_const     0x000000002201d584      0x1bc out/BSP_Driver/BL602_BSP_Driver/StdDriver/bl602_sf_cfg_ext.o
 *(.sclock_rlt_code)
 .sclock_rlt_code
                0x000000002201d740      0x140 out/BSP_Driver/BL602_BSP_Driver/StdDriver/bl602_romapi.o
                0x000000002201d740                AON_Power_On_MBG
                0x000000002201d74a                AON_Power_Off_MBG
                0x000000002201d754                AON_Power_On_XTAL
                0x000000002201d75e                AON_Set_Xtal_CapCode
                0x000000002201d768                AON_Get_Xtal_CapCode
                0x000000002201d772                AON_Power_Off_XTAL
                0x000000002201d77c                EF_Ctrl_Get_Trim_Parity
                0x000000002201d786                EF_Ctrl_Read_RC32M_Trim
                0x000000002201d790                EF_Ctrl_Read_RC32K_Trim
                0x000000002201d79a                GLB_Get_Root_CLK_Sel
                0x000000002201d7a4                GLB_Set_System_CLK_Div
                0x000000002201d7ae                GLB_Get_BCLK_Div
                0x000000002201d7b8                GLB_Get_HCLK_Div
                0x000000002201d7c2                Update_SystemCoreClockWith_XTAL
                0x000000002201d7cc                GLB_Set_System_CLK
                0x000000002201d7d6                System_Core_Clock_Update_From_RC32M
                0x000000002201d7e0                GLB_Set_SF_CLK
                0x000000002201d7ea                GLB_Set_PKA_CLK_Sel
                0x000000002201d7f4                HBN_32K_Sel
                0x000000002201d7fe                HBN_Set_ROOT_CLK_Sel
                0x000000002201d808                HBN_Power_On_Xtal_32K
                0x000000002201d812                HBN_Power_Off_Xtal_32K
                0x000000002201d81c                HBN_Trim_RC32K
                0x000000002201d826                PDS_Trim_RC32M
                0x000000002201d830                PDS_Select_RC32M_As_PLL_Ref
                0x000000002201d83a                PDS_Select_XTAL_As_PLL_Ref
                0x000000002201d844                PDS_Power_On_PLL
                0x000000002201d84e                PDS_Enable_PLL_All_Clks
                0x000000002201d858                PDS_Disable_PLL_All_Clks
                0x000000002201d862                PDS_Enable_PLL_Clk
                0x000000002201d86c                PDS_Disable_PLL_Clk
                0x000000002201d876                PDS_Power_Off_PLL
 *(.sclock_rlt_const)
 *bl602_romapi.o(.text)
 *bl602_romapi.o(.text.*)
 *bl602_romapi.o(.rodata)
 *bl602_romapi.o(.rodata.*)
 *bl602_romapi.o(.srodata)
 *bl602_romapi.o(.srodata.*)
                0x000000002201d880                . = ALIGN (0x4)
                0x000000002201d880                __tcm_code_end__ = .
                0x000000002300a718                __dtcm_load_addr = (__itcm_load_addr + SIZEOF (.itcm_region))

.rela.dyn       0x000000002201d880        0x0 load address 0x000000002300a718
 .rela.tcm_code
                0x000000002201d880        0x0 out/BSP_Common/cipher_suite/bflb_ecdsa.o
 .rela.text.PtTable_Flash_Read
                0x000000002201d880        0x0 out/BSP_Common/cipher_suite/bflb_ecdsa.o
 .rela.text.PtTable_Flash_Write
                0x000000002201d880        0x0 out/BSP_Common/cipher_suite/bflb_ecdsa.o
 .rela.text.PtTable_Flash_Erase
                0x000000002201d880        0x0 out/BSP_Common/cipher_suite/bflb_ecdsa.o
 .rela.text.BLSP_Boot2_Deal_One_FW
                0x000000002201d880        0x0 out/BSP_Common/cipher_suite/bflb_ecdsa.o
 .rela.text.startup.main
                0x000000002201d880        0x0 out/BSP_Common/cipher_suite/bflb_ecdsa.o
 .rela.text.BLSP_Boot2_Fw_Decompress
                0x000000002201d880        0x0 out/BSP_Common/cipher_suite/bflb_ecdsa.o
 .rela.text.metal.init.enter
                0x000000002201d880        0x0 out/BSP_Common/cipher_suite/bflb_ecdsa.o
 .rela.text.start_load
                0x000000002201d880        0x0 out/BSP_Common/cipher_suite/bflb_ecdsa.o
 .rela.init     0x000000002201d880        0x0 out/BSP_Common/cipher_suite/bflb_ecdsa.o

.dtcm_region    0x0000000042020000        0x0 load address 0x000000002300a718
                0x0000000042020000                . = ALIGN (0x4)
                0x0000000042020000                __tcm_data_start__ = .
 *(.tcm_data)
                0x0000000042020000                . = ALIGN (0x4)
                0x0000000042020000                __tcm_data_end__ = .

.stack_dummy    0x0000000042020000      0x400
                0x0000000042020000                . = ALIGN (0x4)
                0x0000000042020400                . = (. + StackSize)
 *fill*         0x0000000042020000      0x400 
                0x0000000042020400                . = ALIGN (0x4)
                0x000000004202c000                __StackTop = (ORIGIN (dtcm_memory) + LENGTH (dtcm_memory))
                0x000000004202bc00                __StackLimit = (__StackTop - SIZEOF (.stack_dummy))
                0x0000000000000001                ASSERT ((__StackLimit >= __tcm_data_end__), region RAM overflowed with stack)
                0x000000002300a718                __system_ram_load_addr = (__dtcm_load_addr + SIZEOF (.dtcm_region))

.system_ram_data_region
                0x000000004202c000     0x1080 load address 0x000000002300a718
                0x000000004202c000                . = ALIGN (0x4)
                0x000000004202c000                __system_ram_data_start__ = .
 *(.system_ram)
 .system_ram    0x000000004202c000     0x1000 out/Examples/BLSP_Boot2/blsp_boot2.o
                0x000000004202c000                boot2ReadBuf
 .system_ram    0x000000004202d000       0x80 out/Examples/BLSP_Boot2/blsp_boot_parser.o
                0x000000004202d080                . = ALIGN (0x4)
                0x000000004202d080                __system_ram_data_end__ = .
                0x000000002300b798                __ram_load_addr = (__system_ram_load_addr + SIZEOF (.system_ram_data_region))

RAM_DATA        0x000000004202d080       0x34 load address 0x000000002300b798
                0x000000004202d080                . = ALIGN (0x4)
                0x000000004202d080                __ram_data_start__ = .
                0x000000004202d880                PROVIDE (__global_pointer$ = (. + 0x800))
 *(.data)
 *(.data.*)
 .data.uart_if_cfg
                0x000000004202d080       0x10 out/Examples/BLSP_Boot2/bflb_eflash_loader_uart.o
 .data.bootCpuCfg
                0x000000004202d090       0x18 out/Examples/BLSP_Boot2/blsp_boot2.o
                0x000000004202d090                bootCpuCfg
 *(.sdata)
 *(.sdata.*)
 .sdata.index.8437
                0x000000004202d0a8        0x1 out/BSP_Common/partition/partition.o
 .sdata.debug_uart_irq
                0x000000004202d0a9        0x1 out/BSP_Driver/BL602_BSP_Driver/platform_print/platform_device.o
 *fill*         0x000000004202d0aa        0x2 
 .sdata.uart_if_fifocfg
                0x000000004202d0ac        0x4 out/Examples/BLSP_Boot2/bflb_eflash_loader_uart.o
 .sdata.boot2Flag.9408
                0x000000004202d0b0        0x1 out/Examples/BLSP_Boot2/blsp_port.o
 *(.sdata2)
 *(.sdata2.*)
                0x000000004202d0b4                . = ALIGN (0x4)
 *fill*         0x000000004202d0b1        0x3 
                0x000000004202d0b4                __ram_data_end__ = .

.bss            0x000000004202d0b4     0x89f8 load address 0x000000002300b7cc
                0x000000004202d0b4                . = ALIGN (0x4)
                0x000000004202d0b4                __bss_start__ = .
 *(.bss*)
 .bss.__Interrupt_Handlers
                0x000000004202d0b4      0x140 out/BSP_Driver/BL602_BSP_Driver/StdDriver/bl602_common.o
                0x000000004202d0b4                __Interrupt_Handlers
 .bss.uartIntCbfArra
                0x000000004202d1f4       0x40 out/BSP_Driver/BL602_BSP_Driver/StdDriver/bl602_uart.o
 .bss.flashCfg  0x000000004202d234       0x54 out/BSP_Driver/BL602_BSP_Driver/StdDriver/bl602_xip_sflash_ext.o
 .bss.print_buf.8828
                0x000000004202d288       0x80 out/BSP_Driver/BL602_BSP_Driver/platform_print/platform_device.o
 .bss.uartBuf   0x000000004202d308       0x40 out/BSP_Driver/BL602_BSP_Driver/platform_print/platform_device.o
 .bss.uartRB    0x000000004202d348       0x20 out/BSP_Driver/BL602_BSP_Driver/platform_print/platform_device.o
 .bss.image_cfg
                0x000000004202d368       0x2c out/Examples/BLSP_Boot2/bflb_eflash_loader_cmds.o
 .bss.img_ctrl  0x000000004202d394        0x8 out/Examples/BLSP_Boot2/bflb_eflash_loader_cmds.o
 .bss.segment_hdr
                0x000000004202d39c       0x10 out/Examples/BLSP_Boot2/bflb_eflash_loader_cmds.o
 .bss.eflash_loader_cmd_ack_buf
                0x000000004202d3ac       0x40 out/Examples/BLSP_Boot2/bflb_eflash_loader_uart.o
                0x000000004202d3ac                eflash_loader_cmd_ack_buf
 .bss.eflash_loader_readbuf
                0x000000004202d3ec     0x8010 out/Examples/BLSP_Boot2/bflb_eflash_loader_uart.o
                0x000000004202d3ec                eflash_loader_readbuf
 .bss.bootImgCfg
                0x00000000420353fc      0x5c0 out/Examples/BLSP_Boot2/blsp_boot2.o
                0x00000000420353fc                bootImgCfg
 .bss.efuseCfg  0x00000000420359bc       0x50 out/Examples/BLSP_Boot2/blsp_boot2.o
                0x00000000420359bc                efuseCfg
 .bss.flashCfg  0x0000000042035a0c       0x54 out/Examples/BLSP_Boot2/blsp_boot2.o
                0x0000000042035a0c                flashCfg
 .bss.shaCtx    0x0000000042035a60       0x14 out/Examples/BLSP_Boot2/blsp_boot_parser.o
                0x0000000042035a60                shaCtx
 *(.sbss*)
 .sbss.PtTable_Flash_Erase
                0x0000000042035a74        0x4 out/BSP_Common/partition/partition.o
                0x0000000042035a74                PtTable_Flash_Erase
 .sbss.PtTable_Flash_Read
                0x0000000042035a78        0x4 out/BSP_Common/partition/partition.o
                0x0000000042035a78                PtTable_Flash_Read
 .sbss.PtTable_Flash_Write
                0x0000000042035a7c        0x4 out/BSP_Common/partition/partition.o
                0x0000000042035a7c                PtTable_Flash_Write
 .sbss.bufsize  0x0000000042035a80        0x4 out/BSP_Common/xz/xz_port.o
 .sbss.mallocBuf
                0x0000000042035a84        0x4 out/BSP_Common/xz/xz_port.o
 .sbss.malloced
                0x0000000042035a88        0x4 out/BSP_Common/xz/xz_port.o
 .sbss.aesEnable
                0x0000000042035a8c        0x1 out/BSP_Driver/BL602_BSP_Driver/StdDriver/bl602_xip_sflash_ext.o
 .sbss.debug_uartId
                0x0000000042035a8d        0x1 out/BSP_Driver/BL602_BSP_Driver/platform_print/platform_device.o
 *fill*         0x0000000042035a8e        0x2 
 .sbss.init_flag
                0x0000000042035a90        0x4 out/BSP_Driver/BL602_BSP_Driver/platform_print/platform_device.o
 .sbss.uart_dbg_disable
                0x0000000042035a94        0x1 out/BSP_Driver/BL602_BSP_Driver/platform_print/platform_device.o
 *fill*         0x0000000042035a95        0x3 
 .sbss.rx_buf_index
                0x0000000042035a98        0x4 out/Examples/BLSP_Boot2/bflb_eflash_loader_uart.o
                0x0000000042035a98                rx_buf_index
 .sbss.rx_buf_len
                0x0000000042035a9c        0x4 out/Examples/BLSP_Boot2/bflb_eflash_loader_uart.o
                0x0000000042035a9c                rx_buf_len
 .sbss.cpuCount
                0x0000000042035aa0        0x1 out/Examples/BLSP_Boot2/blsp_boot2.o
                0x0000000042035aa0                cpuCount
 .sbss.psMode   0x0000000042035aa1        0x1 out/Examples/BLSP_Boot2/blsp_boot2.o
                0x0000000042035aa1                psMode
 *fill*         0x0000000042035aa2        0x2 
 .sbss.userHashIgnored
                0x0000000042035aa4        0x4 out/Examples/BLSP_Boot2/blsp_boot2.o
                0x0000000042035aa4                userHashIgnored
 .sbss.pParameter.9346
                0x0000000042035aa8        0x4 out/Examples/BLSP_Boot2/blsp_port.o
 *(COMMON)
                0x0000000042035aac                . = ALIGN (0x4)
                0x0000000042035aac                __bss_end__ = .

.noinit_data    0x0000000042035aac    0x11000 load address 0x00000000230141c4
                0x0000000042035aac                . = ALIGN (0x4)
                0x0000000042035aac                __noinit_data_start__ = .
 *(.noinit_data*)
 .noinit_data   0x0000000042035aac    0x11000 out/Examples/BLSP_Boot2/blsp_boot_decompress.o
                0x0000000042046aac                . = ALIGN (0x4)
                0x0000000042046aac                __noinit_data_end__ = .

.heap           0x0000000042046aac        0x0
                0x0000000042046aac                . = ALIGN (0x4)
                0x0000000042046aac                __HeapBase = .
 *(.heap*)
                0x0000000042046aac                . = ALIGN (0x4)
                0x0000000042046aac                __HeapLimit = .
OUTPUT(out/Examples/BLSP_Boot2/blsp_boot2.elf elf32-littleriscv)

.debug_info     0x0000000000000000    0x287e1
 .debug_info    0x0000000000000000     0x32e1 out/BSP_Common/cipher_suite/bflb_ecdsa.o
 .debug_info    0x00000000000032e1       0xf8 out/BSP_Common/libc/memcmp.o
 .debug_info    0x00000000000033d9       0xf7 out/BSP_Common/libc/memcpy.o
 .debug_info    0x00000000000034d0       0xd7 out/BSP_Common/libc/memset.o
 .debug_info    0x00000000000035a7       0xbf out/BSP_Common/libc/strlen.o
 .debug_info    0x0000000000003666      0x525 out/BSP_Common/libc/vsnprintf.o
 .debug_info    0x0000000000003b8b      0x8f9 out/BSP_Common/partition/partition.o
 .debug_info    0x0000000000004484      0xa04 out/BSP_Common/ring_buffer/ring_buffer.o
 .debug_info    0x0000000000004e88      0x1dd out/BSP_Common/soft_crc/softcrc.o
 .debug_info    0x0000000000005065      0x11b out/BSP_Common/xz/xz_crc32.o
 .debug_info    0x0000000000005180     0x1b15 out/BSP_Common/xz/xz_dec_lzma2.o
 .debug_info    0x0000000000006c95      0xce6 out/BSP_Common/xz/xz_dec_stream.o
 .debug_info    0x000000000000797b      0x18b out/BSP_Common/xz/xz_port.o
 .debug_info    0x0000000000007b06      0x577 out/BSP_Driver/BL602_BSP_Driver/StdDriver/bl602_common.o
 .debug_info    0x000000000000807d     0x1a16 out/BSP_Driver/BL602_BSP_Driver/StdDriver/bl602_ef_ctrl.o
 .debug_info    0x0000000000009a93     0x179b out/BSP_Driver/BL602_BSP_Driver/StdDriver/bl602_glb.o
 .debug_info    0x000000000000b22e     0x1a5a out/BSP_Driver/BL602_BSP_Driver/StdDriver/bl602_hbn.o
 .debug_info    0x000000000000cc88     0x3b0d out/BSP_Driver/BL602_BSP_Driver/StdDriver/bl602_romapi.o
 .debug_info    0x0000000000010795     0x4566 out/BSP_Driver/BL602_BSP_Driver/StdDriver/bl602_sec_eng.o
 .debug_info    0x0000000000014cfb      0x86a out/BSP_Driver/BL602_BSP_Driver/StdDriver/bl602_sf_cfg_ext.o
 .debug_info    0x0000000000015565     0x104b out/BSP_Driver/BL602_BSP_Driver/StdDriver/bl602_sflash_ext.o
 .debug_info    0x00000000000165b0     0x1481 out/BSP_Driver/BL602_BSP_Driver/StdDriver/bl602_uart.o
 .debug_info    0x0000000000017a31     0x1297 out/BSP_Driver/BL602_BSP_Driver/StdDriver/bl602_xip_sflash_ext.o
 .debug_info    0x0000000000018cc8     0x14ec out/BSP_Driver/BL602_BSP_Driver/platform_print/platform_device.o
 .debug_info    0x000000000001a1b4     0x151e out/Examples/BLSP_Boot2/bflb_eflash_loader_cmds.o
 .debug_info    0x000000000001b6d2      0x632 out/Examples/BLSP_Boot2/bflb_eflash_loader_gpio.o
 .debug_info    0x000000000001bd04     0x1406 out/Examples/BLSP_Boot2/bflb_eflash_loader_uart.o
 .debug_info    0x000000000001d10a     0x1dbc out/Examples/BLSP_Boot2/blsp_boot2.o
 .debug_info    0x000000000001eec6     0x10ca out/Examples/BLSP_Boot2/blsp_boot_decompress.o
 .debug_info    0x000000000001ff90     0x1655 out/Examples/BLSP_Boot2/blsp_boot_parser.o
 .debug_info    0x00000000000215e5      0xbe5 out/Examples/BLSP_Boot2/blsp_common.o
 .debug_info    0x00000000000221ca     0x127a out/Examples/BLSP_Boot2/blsp_media_boot.o
 .debug_info    0x0000000000023444     0x1aa3 out/Examples/BLSP_Boot2/blsp_port.o
 .debug_info    0x0000000000024ee7       0x22 out/startup/GCC/entry.o
 .debug_info    0x0000000000024f09      0x1cb out/startup/GCC/start_load.o
 .debug_info    0x00000000000250d4      0x24e out/startup/interrupt.o
 .debug_info    0x0000000000025322      0x3da out/startup/system_bl602.o
 .debug_info    0x00000000000256fc     0x1276 /home/cbpeng/toolchain/riscv64-elf-x86_64-20210120/bin/../lib/gcc/riscv64-unknown-elf/8.4.0/rv32imafc/ilp32f/libgcc.a(_udivdi3.o)
 .debug_info    0x0000000000026972     0x12d4 /home/cbpeng/toolchain/riscv64-elf-x86_64-20210120/bin/../lib/gcc/riscv64-unknown-elf/8.4.0/rv32imafc/ilp32f/libgcc.a(_umoddi3.o)
 .debug_info    0x0000000000027c46      0xb9b /home/cbpeng/toolchain/riscv64-elf-x86_64-20210120/bin/../lib/gcc/riscv64-unknown-elf/8.4.0/rv32imafc/ilp32f/libgcc.a(_clz.o)

.debug_abbrev   0x0000000000000000     0x5f4c
 .debug_abbrev  0x0000000000000000      0x326 out/BSP_Common/cipher_suite/bflb_ecdsa.o
 .debug_abbrev  0x0000000000000326       0xa2 out/BSP_Common/libc/memcmp.o
 .debug_abbrev  0x00000000000003c8       0xba out/BSP_Common/libc/memcpy.o
 .debug_abbrev  0x0000000000000482       0x9d out/BSP_Common/libc/memset.o
 .debug_abbrev  0x000000000000051f       0x8c out/BSP_Common/libc/strlen.o
 .debug_abbrev  0x00000000000005ab      0x1f4 out/BSP_Common/libc/vsnprintf.o
 .debug_abbrev  0x000000000000079f      0x292 out/BSP_Common/partition/partition.o
 .debug_abbrev  0x0000000000000a31      0x2a0 out/BSP_Common/ring_buffer/ring_buffer.o
 .debug_abbrev  0x0000000000000cd1      0x109 out/BSP_Common/soft_crc/softcrc.o
 .debug_abbrev  0x0000000000000dda       0xcb out/BSP_Common/xz/xz_crc32.o
 .debug_abbrev  0x0000000000000ea5      0x3a0 out/BSP_Common/xz/xz_dec_lzma2.o
 .debug_abbrev  0x0000000000001245      0x359 out/BSP_Common/xz/xz_dec_stream.o
 .debug_abbrev  0x000000000000159e      0x111 out/BSP_Common/xz/xz_port.o
 .debug_abbrev  0x00000000000016af      0x191 out/BSP_Driver/BL602_BSP_Driver/StdDriver/bl602_common.o
 .debug_abbrev  0x0000000000001840      0x2fa out/BSP_Driver/BL602_BSP_Driver/StdDriver/bl602_ef_ctrl.o
 .debug_abbrev  0x0000000000001b3a      0x1d6 out/BSP_Driver/BL602_BSP_Driver/StdDriver/bl602_glb.o
 .debug_abbrev  0x0000000000001d10      0x359 out/BSP_Driver/BL602_BSP_Driver/StdDriver/bl602_hbn.o
 .debug_abbrev  0x0000000000002069      0x2ab out/BSP_Driver/BL602_BSP_Driver/StdDriver/bl602_romapi.o
 .debug_abbrev  0x0000000000002314      0x44f out/BSP_Driver/BL602_BSP_Driver/StdDriver/bl602_sec_eng.o
 .debug_abbrev  0x0000000000002763      0x179 out/BSP_Driver/BL602_BSP_Driver/StdDriver/bl602_sf_cfg_ext.o
 .debug_abbrev  0x00000000000028dc      0x202 out/BSP_Driver/BL602_BSP_Driver/StdDriver/bl602_sflash_ext.o
 .debug_abbrev  0x0000000000002ade      0x2ba out/BSP_Driver/BL602_BSP_Driver/StdDriver/bl602_uart.o
 .debug_abbrev  0x0000000000002d98      0x236 out/BSP_Driver/BL602_BSP_Driver/StdDriver/bl602_xip_sflash_ext.o
 .debug_abbrev  0x0000000000002fce      0x3e7 out/BSP_Driver/BL602_BSP_Driver/platform_print/platform_device.o
 .debug_abbrev  0x00000000000033b5      0x461 out/Examples/BLSP_Boot2/bflb_eflash_loader_cmds.o
 .debug_abbrev  0x0000000000003816      0x24a out/Examples/BLSP_Boot2/bflb_eflash_loader_gpio.o
 .debug_abbrev  0x0000000000003a60      0x474 out/Examples/BLSP_Boot2/bflb_eflash_loader_uart.o
 .debug_abbrev  0x0000000000003ed4      0x3f8 out/Examples/BLSP_Boot2/blsp_boot2.o
 .debug_abbrev  0x00000000000042cc      0x31b out/Examples/BLSP_Boot2/blsp_boot_decompress.o
 .debug_abbrev  0x00000000000045e7      0x3af out/Examples/BLSP_Boot2/blsp_boot_parser.o
 .debug_abbrev  0x0000000000004996      0x2d5 out/Examples/BLSP_Boot2/blsp_common.o
 .debug_abbrev  0x0000000000004c6b      0x35d out/Examples/BLSP_Boot2/blsp_media_boot.o
 .debug_abbrev  0x0000000000004fc8      0x45e out/Examples/BLSP_Boot2/blsp_port.o
 .debug_abbrev  0x0000000000005426       0x12 out/startup/GCC/entry.o
 .debug_abbrev  0x0000000000005438       0x94 out/startup/GCC/start_load.o
 .debug_abbrev  0x00000000000054cc      0x130 out/startup/interrupt.o
 .debug_abbrev  0x00000000000055fc      0x199 out/startup/system_bl602.o
 .debug_abbrev  0x0000000000005795      0x2d5 /home/cbpeng/toolchain/riscv64-elf-x86_64-20210120/bin/../lib/gcc/riscv64-unknown-elf/8.4.0/rv32imafc/ilp32f/libgcc.a(_udivdi3.o)
 .debug_abbrev  0x0000000000005a6a      0x2f1 /home/cbpeng/toolchain/riscv64-elf-x86_64-20210120/bin/../lib/gcc/riscv64-unknown-elf/8.4.0/rv32imafc/ilp32f/libgcc.a(_umoddi3.o)
 .debug_abbrev  0x0000000000005d5b      0x1f1 /home/cbpeng/toolchain/riscv64-elf-x86_64-20210120/bin/../lib/gcc/riscv64-unknown-elf/8.4.0/rv32imafc/ilp32f/libgcc.a(_clz.o)

.debug_loc      0x0000000000000000    0x1a20a
 .debug_loc     0x0000000000000000      0xb4a out/BSP_Common/cipher_suite/bflb_ecdsa.o
 .debug_loc     0x0000000000000b4a       0xb1 out/BSP_Common/libc/memcmp.o
 .debug_loc     0x0000000000000bfb       0x6f out/BSP_Common/libc/memcpy.o
 .debug_loc     0x0000000000000c6a       0x9a out/BSP_Common/libc/memset.o
 .debug_loc     0x0000000000000d04       0x71 out/BSP_Common/libc/strlen.o
 .debug_loc     0x0000000000000d75     0x183c out/BSP_Common/libc/vsnprintf.o
 .debug_loc     0x00000000000025b1      0x95b out/BSP_Common/partition/partition.o
 .debug_loc     0x0000000000002f0c      0xa81 out/BSP_Common/ring_buffer/ring_buffer.o
 .debug_loc     0x000000000000398d      0x1f5 out/BSP_Common/soft_crc/softcrc.o
 .debug_loc     0x0000000000003b82       0x8c out/BSP_Common/xz/xz_crc32.o
 .debug_loc     0x0000000000003c0e     0x173e out/BSP_Common/xz/xz_dec_lzma2.o
 .debug_loc     0x000000000000534c      0x769 out/BSP_Common/xz/xz_dec_stream.o
 .debug_loc     0x0000000000005ab5       0x58 out/BSP_Common/xz/xz_port.o
 .debug_loc     0x0000000000005b0d      0x290 out/BSP_Driver/BL602_BSP_Driver/StdDriver/bl602_common.o
 .debug_loc     0x0000000000005d9d     0x22a9 out/BSP_Driver/BL602_BSP_Driver/StdDriver/bl602_ef_ctrl.o
 .debug_loc     0x0000000000008046     0x1743 out/BSP_Driver/BL602_BSP_Driver/StdDriver/bl602_glb.o
 .debug_loc     0x0000000000009789     0x121c out/BSP_Driver/BL602_BSP_Driver/StdDriver/bl602_hbn.o
 .debug_loc     0x000000000000a9a5     0x1cbf out/BSP_Driver/BL602_BSP_Driver/StdDriver/bl602_romapi.o
 .debug_loc     0x000000000000c664     0x62b2 out/BSP_Driver/BL602_BSP_Driver/StdDriver/bl602_sec_eng.o
 .debug_loc     0x0000000000012916      0x205 out/BSP_Driver/BL602_BSP_Driver/StdDriver/bl602_sf_cfg_ext.o
 .debug_loc     0x0000000000012b1b      0x8fd out/BSP_Driver/BL602_BSP_Driver/StdDriver/bl602_sflash_ext.o
 .debug_loc     0x0000000000013418     0x12f3 out/BSP_Driver/BL602_BSP_Driver/StdDriver/bl602_uart.o
 .debug_loc     0x000000000001470b      0xaef out/BSP_Driver/BL602_BSP_Driver/StdDriver/bl602_xip_sflash_ext.o
 .debug_loc     0x00000000000151fa      0x848 out/BSP_Driver/BL602_BSP_Driver/platform_print/platform_device.o
 .debug_loc     0x0000000000015a42      0x93a out/Examples/BLSP_Boot2/bflb_eflash_loader_cmds.o
 .debug_loc     0x000000000001637c      0x19d out/Examples/BLSP_Boot2/bflb_eflash_loader_gpio.o
 .debug_loc     0x0000000000016519      0x698 out/Examples/BLSP_Boot2/bflb_eflash_loader_uart.o
 .debug_loc     0x0000000000016bb1      0x9bf out/Examples/BLSP_Boot2/blsp_boot2.o
 .debug_loc     0x0000000000017570      0x2d6 out/Examples/BLSP_Boot2/blsp_boot_decompress.o
 .debug_loc     0x0000000000017846      0x758 out/Examples/BLSP_Boot2/blsp_boot_parser.o
 .debug_loc     0x0000000000017f9e      0x165 out/Examples/BLSP_Boot2/blsp_common.o
 .debug_loc     0x0000000000018103      0x684 out/Examples/BLSP_Boot2/blsp_media_boot.o
 .debug_loc     0x0000000000018787      0x356 out/Examples/BLSP_Boot2/blsp_port.o
 .debug_loc     0x0000000000018add       0x73 out/startup/GCC/start_load.o
 .debug_loc     0x0000000000018b50      0x122 out/startup/interrupt.o
 .debug_loc     0x0000000000018c72       0x5f out/startup/system_bl602.o
 .debug_loc     0x0000000000018cd1      0xbd0 /home/cbpeng/toolchain/riscv64-elf-x86_64-20210120/bin/../lib/gcc/riscv64-unknown-elf/8.4.0/rv32imafc/ilp32f/libgcc.a(_udivdi3.o)
 .debug_loc     0x00000000000198a1      0x969 /home/cbpeng/toolchain/riscv64-elf-x86_64-20210120/bin/../lib/gcc/riscv64-unknown-elf/8.4.0/rv32imafc/ilp32f/libgcc.a(_umoddi3.o)

.debug_aranges  0x0000000000000000     0x17f0
 .debug_aranges
                0x0000000000000000       0x88 out/BSP_Common/cipher_suite/bflb_ecdsa.o
 .debug_aranges
                0x0000000000000088       0x20 out/BSP_Common/libc/memcmp.o
 .debug_aranges
                0x00000000000000a8       0x20 out/BSP_Common/libc/memcpy.o
 .debug_aranges
                0x00000000000000c8       0x20 out/BSP_Common/libc/memset.o
 .debug_aranges
                0x00000000000000e8       0x20 out/BSP_Common/libc/strlen.o
 .debug_aranges
                0x0000000000000108       0x20 out/BSP_Common/libc/vsnprintf.o
 .debug_aranges
                0x0000000000000128       0x58 out/BSP_Common/partition/partition.o
 .debug_aranges
                0x0000000000000180       0xa0 out/BSP_Common/ring_buffer/ring_buffer.o
 .debug_aranges
                0x0000000000000220       0x28 out/BSP_Common/soft_crc/softcrc.o
 .debug_aranges
                0x0000000000000248       0x28 out/BSP_Common/xz/xz_crc32.o
 .debug_aranges
                0x0000000000000270       0x50 out/BSP_Common/xz/xz_dec_lzma2.o
 .debug_aranges
                0x00000000000002c0       0x50 out/BSP_Common/xz/xz_dec_stream.o
 .debug_aranges
                0x0000000000000310       0x30 out/BSP_Common/xz/xz_port.o
 .debug_aranges
                0x0000000000000340       0x38 out/BSP_Driver/BL602_BSP_Driver/StdDriver/bl602_common.o
 .debug_aranges
                0x0000000000000378      0x178 out/BSP_Driver/BL602_BSP_Driver/StdDriver/bl602_ef_ctrl.o
 .debug_aranges
                0x00000000000004f0      0x200 out/BSP_Driver/BL602_BSP_Driver/StdDriver/bl602_glb.o
 .debug_aranges
                0x00000000000006f0      0x198 out/BSP_Driver/BL602_BSP_Driver/StdDriver/bl602_hbn.o
 .debug_aranges
                0x0000000000000888      0x550 out/BSP_Driver/BL602_BSP_Driver/StdDriver/bl602_romapi.o
 .debug_aranges
                0x0000000000000dd8      0x250 out/BSP_Driver/BL602_BSP_Driver/StdDriver/bl602_sec_eng.o
 .debug_aranges
                0x0000000000001028       0x28 out/BSP_Driver/BL602_BSP_Driver/StdDriver/bl602_sf_cfg_ext.o
 .debug_aranges
                0x0000000000001050       0x40 out/BSP_Driver/BL602_BSP_Driver/StdDriver/bl602_sflash_ext.o
 .debug_aranges